Component: ARM Compiler 5.05 update 1 (build 106) Tool: armlink [4d0efa]

==============================================================================

Section Cross References

    system_stm32l1xx.o(i.SystemCoreClockUpdate) refers to system_stm32l1xx.o(.data) for SystemCoreClock
    system_stm32l1xx.o(i.SystemInit) refers to system_stm32l1xx.o(i.SetSysClock) for SetSysClock
    startup_stm32l1xx_md.o(STACK) refers (Special) to heapauxi.o(.text) for __use_two_region_memory
    startup_stm32l1xx_md.o(HEAP) refers (Special) to heapauxi.o(.text) for __use_two_region_memory
    startup_stm32l1xx_md.o(RESET) refers (Special) to heapauxi.o(.text) for __use_two_region_memory
    startup_stm32l1xx_md.o(RESET) refers to startup_stm32l1xx_md.o(STACK) for __initial_sp
    startup_stm32l1xx_md.o(RESET) refers to startup_stm32l1xx_md.o(.text) for Reset_Handler
    startup_stm32l1xx_md.o(RESET) refers to nvic.o(i.EXTI4_IRQHandler) for EXTI4_IRQHandler
    startup_stm32l1xx_md.o(RESET) refers to nvic.o(i.EXTI9_5_IRQHandler) for EXTI9_5_IRQHandler
    startup_stm32l1xx_md.o(RESET) refers to usart.o(i.TIM2_IRQHandler) for TIM2_IRQHandler
    startup_stm32l1xx_md.o(RESET) refers to millis.o(i.TIM3_IRQHandler) for TIM3_IRQHandler
    startup_stm32l1xx_md.o(RESET) refers to usart.o(i.USART1_IRQHandler) for USART1_IRQHandler
    startup_stm32l1xx_md.o(RESET) refers to nvic.o(i.EXTI15_10_IRQHandler) for EXTI15_10_IRQHandler
    startup_stm32l1xx_md.o(.text) refers (Special) to heapauxi.o(.text) for __use_two_region_memory
    startup_stm32l1xx_md.o(.text) refers to system_stm32l1xx.o(i.SystemInit) for SystemInit
    startup_stm32l1xx_md.o(.text) refers to __main.o(!!!main) for __main
    startup_stm32l1xx_md.o(.text) refers to startup_stm32l1xx_md.o(HEAP) for Heap_Mem
    startup_stm32l1xx_md.o(.text) refers to startup_stm32l1xx_md.o(STACK) for Stack_Mem
    main.o(i.c_loop) refers to __2printf.o(.text) for __2printf
    main.o(i.c_loop) refers to nvic.o(i.nvic_sleep) for nvic_sleep
    main.o(i.c_loop) refers to time.o(i.time_update) for time_update
    main.o(i.c_loop) refers to pwrmgr.o(i.pwrmgr_userActive) for pwrmgr_userActive
    main.o(i.c_loop) refers to buttons.o(i.buttons_update) for buttons_update
    main.o(i.c_loop) refers to beep.o(i.buzzer_update) for buzzer_update
    main.o(i.c_loop) refers to stopwatch.o(i.stopwatch_update) for stopwatch_update
    main.o(i.c_loop) refers to alarm.o(i.alarm_update) for alarm_update
    main.o(i.c_loop) refers to display.o(i.display_update) for display_update
    main.o(i.c_loop) refers to pwrmgr.o(i.pwrmgr_update) for pwrmgr_update
    main.o(i.c_loop) refers to oled.o(i.OLED_ClearScreenBuffer) for OLED_ClearScreenBuffer
    main.o(i.c_loop) refers to pwrmgr.o(.data) for SleepRequested
    main.o(i.c_setup) refers to main.o(i.power_pin_init) for power_pin_init
    main.o(i.c_setup) refers to delay.o(i.delay_init) for delay_init
    main.o(i.c_setup) refers to misc.o(i.NVIC_PriorityGroupConfig) for NVIC_PriorityGroupConfig
    main.o(i.c_setup) refers to usart.o(i.uart_init) for uart_init
    main.o(i.c_setup) refers to __2printf.o(.text) for __2printf
    main.o(i.c_setup) refers to oled.o(i.OLED_Init) for OLED_Init
    main.o(i.c_setup) refers to adc.o(i.Adc_Init) for Adc_Init
    main.o(i.c_setup) refers to nvic.o(i.KEY_INT_INIT) for KEY_INT_INIT
    main.o(i.c_setup) refers to millis.o(i.millis_init) for millis_init
    main.o(i.c_setup) refers to delay.o(i.delay_ms) for delay_ms
    main.o(i.c_setup) refers to main.o(i.showSpace) for showSpace
    main.o(i.c_setup) refers to appconfig.o(i.appconfig_init) for appconfig_init
    main.o(i.c_setup) refers to i2c_soft.o(i.I2C_GPIO_Config) for I2C_GPIO_Config
    main.o(i.c_setup) refers to rtc.o(i.RTC_Init) for RTC_Init
    main.o(i.c_setup) refers to gui_log_console.o(i.console_log) for console_log
    main.o(i.c_setup) refers to nvic.o(i.RTC_INT_INIT) for RTC_INT_INIT
    main.o(i.c_setup) refers to alarm.o(i.alarm_init) for alarm_init
    main.o(i.c_setup) refers to bma423_watch.o(i.bmaConfig) for bmaConfig
    main.o(i.c_setup) refers to nvic.o(i.BMA_INT_INIT) for BMA_INT_INIT
    main.o(i.c_setup) refers to led.o(i.led_init) for led_init
    main.o(i.c_setup) refers to beep.o(i.buzzer_init) for buzzer_init
    main.o(i.c_setup) refers to buttons.o(i.buttons_init) for buttons_init
    main.o(i.c_setup) refers to pwrmgr.o(i.pwrmgr_init) for pwrmgr_init
    main.o(i.c_setup) refers to oled.o(i.OLED_ClearScreenBuffer) for OLED_ClearScreenBuffer
    main.o(i.c_setup) refers to display.o(i.display_set) for display_set
    main.o(i.c_setup) refers to display.o(i.display_load) for display_load
    main.o(i.c_setup) refers to millis.o(.data) for milliseconds
    main.o(i.c_setup) refers to watchface.o(i.watchface_normal) for watchface_normal
    main.o(i.c_setup2) refers to delay.o(i.delay_init) for delay_init
    main.o(i.c_setup2) refers to usart.o(i.uart_init) for uart_init
[...]
    __devFptr                                0x20003564   Data          36  bma.o(.bss)
    _random_number_data                      0x20003588   Data         228  rand.o(.bss)
    __libspace_start                         0x2000366c   Data          96  libspace.o(.bss)
    __temporary_stack_top$libspace           0x200036cc   Data           0  libspace.o(.bss)



==============================================================================

Memory Map of the image

  Image Entry point : 0x080000f5

  Load Region LR_IROM1 (Base: 0x08000000, Size: 0x00014428, Max: 0x00020000, ABSOLUTE, COMPRESSED[0x0001420c])

    Execution Region ER_IROM1 (Base: 0x08000000, Size: 0x00014198, Max: 0x00020000, ABSOLUTE)

    Base Addr    Size         Type   Attr      Idx    E Section Name        Object

    0x08000000   0x000000f4   Data   RO            8    RESET               startup_stm32l1xx_md.o
    0x080000f4   0x00000008   Code   RO         1168  * !!!main             c_w.l(__main.o)
    0x080000fc   0x00000034   Code   RO         1461    !!!scatter          c_w.l(__scatter.o)
    0x08000130   0x0000003a   Code   RO         1460    !!dczerorl          c_w.l(__dczerorl.o)
    0x0800016a   0x00000002   PAD
    0x0800016c   0x0000001c   Code   RO         1462    !!handler_zi        c_w.l(__scatter_zi.o)
    0x08000188   0x00000000   Code   RO         1153    .ARM.Collect$$_printf_percent$$00000000  c_w.l(_printf_percent.o)
    0x08000188   0x00000006   Code   RO         1238    .ARM.Collect$$_printf_percent$$00000001  c_w.l(_printf_n.o)
    0x0800018e   0x00000006   Code   RO         1239    .ARM.Collect$$_printf_percent$$00000002  c_w.l(_printf_p.o)
    0x08000194   0x00000006   Code   RO         1152    .ARM.Collect$$_printf_percent$$00000003  c_w.l(_printf_f.o)
    0x0800019a   0x00000006   Code   RO         1242    .ARM.Collect$$_printf_percent$$00000004  c_w.l(_printf_e.o)
    0x080001a0   0x00000006   Code   RO         1243    .ARM.Collect$$_printf_percent$$00000005  c_w.l(_printf_g.o)
    0x080001a6   0x00000006   Code   RO         1244    .ARM.Collect$$_printf_percent$$00000006  c_w.l(_printf_a.o)
    0x080001ac   0x0000000a   Code   RO         1249    .ARM.Collect$$_printf_percent$$00000007  c_w.l(_printf_ll.o)
    0x080001b6   0x00000006   Code   RO         1241    .ARM.Collect$$_printf_percent$$00000008  c_w.l(_printf_i.o)
    0x080001bc   0x00000006   Code   RO         1150    .ARM.Collect$$_printf_percent$$00000009  c_w.l(_printf_d.o)
    0x080001c2   0x00000006   Code   RO         1151    .ARM.Collect$$_printf_percent$$0000000A  c_w.l(_printf_u.o)
    0x080001c8   0x00000006   Code   RO         1240    .ARM.Collect$$_printf_percent$$0000000B  c_w.l(_printf_o.o)
    0x080001ce   0x00000006   Code   RO         1149    .ARM.Collect$$_printf_percent$$0000000C  c_w.l(_printf_x.o)
    0x080001d4   0x00000006   Code   RO         1246    .ARM.Collect$$_printf_percent$$0000000D  c_w.l(_printf_lli.o)
    0x080001da   0x00000006   Code   RO         1247    .ARM.Collect$$_printf_percent$$0000000E  c_w.l(_printf_lld.o)
    0x080001e0   0x00000006   Code   RO         1248    .ARM.Collect$$_printf_percent$$0000000F  c_w.l(_printf_llu.o)
    0x080001e6   0x00000006   Code   RO         1253    .ARM.Collect$$_printf_percent$$00000010  c_w.l(_printf_llo.o)
    0x080001ec   0x00000006   Code   RO         1254    .ARM.Collect$$_printf_percent$$00000011  c_w.l(_printf_llx.o)
    0x080001f2   0x0000000a   Code   RO         1250    .ARM.Collect$$_printf_percent$$00000012  c_w.l(_printf_l.o)
    0x080001fc   0x00000006   Code   RO         1147    .ARM.Collect$$_printf_percent$$00000013  c_w.l(_printf_c.o)
    0x08000202   0x00000006   Code   RO         1148    .ARM.Collect$$_printf_percent$$00000014  c_w.l(_printf_s.o)
    0x08000208   0x00000006   Code   RO         1251    .ARM.Collect$$_printf_percent$$00000015  c_w.l(_printf_lc.o)
    0x0800020e   0x00000006   Code   RO         1252    .ARM.Collect$$_printf_percent$$00000016  c_w.l(_printf_ls.o)
    0x08000214   0x00000004   Code   RO         1245    .ARM.Collect$$_printf_percent$$00000017  c_w.l(_printf_percent_end.o)
    0x08000218   0x00000002   Code   RO         1412    .ARM.Collect$$libinit$$00000000  c_w.l(libinit.o)
    0x0800021a   0x00000000   Code   RO         1258    .ARM.Collect$$libinit$$00000002  c_w.l(libinit2.o)
    0x0800021a   0x00000000   Code   RO         1260    .ARM.Collect$$libinit$$00000004  c_w.l(libinit2.o)
    0x0800021a   0x00000008   Code   RO         1261    .ARM.Collect$$libinit$$00000005  c_w.l(libinit2.o)
    0x08000222   0x00000000   Code   RO         1263    .ARM.Collect$$libinit$$0000000A  c_w.l(libinit2.o)
    0x08000222   0x00000000   Code   RO         1265    .ARM.Collect$$libinit$$0000000C  c_w.l(libinit2.o)
    0x08000222   0x00000004   Code   RO         1266    .ARM.Collect$$libinit$$0000000D  c_w.l(libinit2.o)
    0x08000226   0x00000000   Code   RO         1267    .ARM.Collect$$libinit$$0000000E  c_w.l(libinit2.o)
    0x08000226   0x00000006   Code   RO         1268    .ARM.Collect$$libinit$$0000000F  c_w.l(libinit2.o)
    0x0800022c   0x00000000   Code   RO         1270    .ARM.Collect$$libinit$$00000011  c_w.l(libinit2.o)
    0x0800022c   0x0000000c   Code   RO         1271    .ARM.Collect$$libinit$$00000012  c_w.l(libinit2.o)
    0x08000238   0x00000000   Code   RO         1272    .ARM.Collect$$libinit$$00000013  c_w.l(libinit2.o)
    0x08000238   0x00000000   Code   RO         1274    .ARM.Collect$$libinit$$00000015  c_w.l(libinit2.o)
    0x08000238   0x0000000a   Code   RO         1275    .ARM.Collect$$libinit$$00000016  c_w.l(libinit2.o)
    0x08000242   0x00000000   Code   RO         1276    .ARM.Collect$$libinit$$00000017  c_w.l(libinit2.o)
    0x08000242   0x00000000   Code   RO         1278    .ARM.Collect$$libinit$$00000019  c_w.l(libinit2.o)
    0x08000242   0x00000000   Code   RO         1280    .ARM.Collect$$libinit$$0000001B  c_w.l(libinit2.o)
    0x08000242   0x00000000   Code   RO         1282    .ARM.Collect$$libinit$$0000001D  c_w.l(libinit2.o)
    0x08000242   0x00000000   Code   RO         1284    .ARM.Collect$$libinit$$0000001F  c_w.l(libinit2.o)
    0x08000242   0x00000000   Code   RO         1286    .ARM.Collect$$libinit$$00000021  c_w.l(libinit2.o)
    0x08000242   0x00000000   Code   RO         1288    .ARM.Collect$$libinit$$00000023  c_w.l(libinit2.o)
    0x08000242   0x00000000   Code   RO         1290    .ARM.Collect$$libinit$$00000025  c_w.l(libinit2.o)
    0x08000242   0x00000000   Code   RO         1294    .ARM.Collect$$libinit$$0000002C  c_w.l(libinit2.o)
    0x08000242   0x00000000   Code   RO         1296    .ARM.Collect$$libinit$$0000002E  c_w.l(libinit2.o)
    0x08000242   0x00000000   Code   RO         1298    .ARM.Collect$$libinit$$00000030  c_w.l(libinit2.o)
    0x08000242   0x00000000   Code   RO         1300    .ARM.Collect$$libinit$$00000032  c_w.l(libinit2.o)
    0x08000242   0x00000002   Code   RO         1301    .ARM.Collect$$libinit$$00000033  c_w.l(libinit2.o)
    0x08000244   0x00000002   Code   RO         1457    .ARM.Collect$$libshutdown$$00000000  c_w.l(libshutdown.o)
    0x08000246   0x00000000   Code   RO         1424    .ARM.Collect$$libshutdown$$00000003  c_w.l(libshutdown2.o)
    0x08000246   0x00000000   Code   RO         1427    .ARM.Collect$$libshutdown$$00000006  c_w.l(libshutdown2.o)
    0x08000246   0x00000000   Code   RO         1430    .ARM.Collect$$libshutdown$$00000009  c_w.l(libshutdown2.o)
    0x08000246   0x00000000   Code   RO         1432    .ARM.Collect$$libshutdown$$0000000B  c_w.l(libshutdown2.o)
    0x08000246   0x00000000   Code   RO         1435    .ARM.Collect$$libshutdown$$0000000E  c_w.l(libshutdown2.o)
    0x08000246   0x00000002   Code   RO         1436    .ARM.Collect$$libshutdown$$0000000F  c_w.l(libshutdown2.o)
    0x08000248   0x00000000   Code   RO         1206    .ARM.Collect$$rtentry$$00000000  c_w.l(__rtentry.o)
    0x08000248   0x00000000   Code   RO         1332    .ARM.Collect$$rtentry$$00000002  c_w.l(__rtentry2.o)
    0x08000248   0x00000006   Code   RO         1344    .ARM.Collect$$rtentry$$00000004  c_w.l(__rtentry4.o)
    0x0800024e   0x00000000   Code   RO         1334    .ARM.Collect$$rtentry$$00000009  c_w.l(__rtentry2.o)
    0x0800024e   0x00000004   Code   RO         1335    .ARM.Collect$$rtentry$$0000000A  c_w.l(__rtentry2.o)
    0x08000252   0x00000000   Code   RO         1337    .ARM.Collect$$rtentry$$0000000C  c_w.l(__rtentry2.o)
    0x08000252   0x00000008   Code   RO         1338    .ARM.Collect$$rtentry$$0000000D  c_w.l(__rtentry2.o)
    0x0800025a   0x00000002   Code   RO         1414    .ARM.Collect$$rtexit$$00000000  c_w.l(rtexit.o)
    0x0800025c   0x00000000   Code   RO         1440    .ARM.Collect$$rtexit$$00000002  c_w.l(rtexit2.o)
    0x0800025c   0x00000004   Code   RO         1441    .ARM.Collect$$rtexit$$00000003  c_w.l(rtexit2.o)
    0x08000260   0x00000006   Code   RO         1442    .ARM.Collect$$rtexit$$00000004  c_w.l(rtexit2.o)
    0x08000266   0x00000002   PAD
    0x08000268   0x00000034   Code   RO         1155    .emb_text           c_w.l(rand.o)
    0x0800029c   0x00000000   Code   RO         1353    .emb_text           c_w.l(maybetermalloc1.o)
    0x0800029c   0x00000040   Code   RO            9    .text               startup_stm32l1xx_md.o
    0x080002dc   0x00000028   Code   RO         1078    .text               c_w.l(calloc.o)
    0x08000304   0x0000005e   Code   RO         1079    .text               c_w.l(h1_alloc.o)
    0x08000362   0x0000004e   Code   RO         1080    .text               c_w.l(h1_free.o)
    0x080003b0   0x00000024   Code   RO         1110    .text               c_w.l(vsprintf.o)
    0x080003d4   0x00000018   Code   RO         1111    .text               c_w.l(__2printf.o)
    0x080003ec   0x0000002c   Code   RO         1112    .text               c_w.l(__2sprintf.o)
    0x08000418   0x0000004e   Code   RO         1116    .text               c_w.l(_printf_pad.o)
    0x08000466   0x00000024   Code   RO         1117    .text               c_w.l(_printf_truncate.o)
    0x0800048a   0x00000052   Code   RO         1118    .text               c_w.l(_printf_str.o)
    0x080004dc   0x00000078   Code   RO         1119    .text               c_w.l(_printf_dec.o)
    0x08000554   0x00000094   Code   RO         1132    .text               c_w.l(_printf_hex_int_ll_ptr.o)
    0x080005e8   0x00000188   Code   RO         1145    .text               c_w.l(__printf_flags_ss_wp.o)
    0x08000770   0x0000001a   Code   RO         1154    .text               c_w.l(atoi.o)
    0x0800078a   0x00000002   PAD
    0x0800078c   0x0000003c   Code   RO         1156    .text               c_w.l(rand.o)
    0x080007c8   0x00000048   Code   RO         1158    .text               c_w.l(strcpy.o)
    0x08000810   0x0000003e   Code   RO         1159    .text               c_w.l(strlen.o)
    0x0800084e   0x00000018   Code   RO         1160    .text               c_w.l(strcat.o)
    0x08000866   0x00000064   Code   RO         1161    .text               c_w.l(rt_memcpy_w.o)
    0x080008ca   0x0000007a   Code   RO         1162    .text               c_w.l(rt_memmove_w.o)
    0x08000944   0x00000010   Code   RO         1163    .text               c_w.l(aeabi_memset.o)
    0x08000954   0x00000044   Code   RO         1164    .text               c_w.l(rt_memclr.o)
    0x08000998   0x0000004e   Code   RO         1165    .text               c_w.l(rt_memclr_w.o)
    0x080009e6   0x00000056   Code   RO         1166    .text               c_w.l(strncpy.o)
    0x08000a3c   0x00000006   Code   RO         1167    .text               c_w.l(heapauxi.o)
    0x08000a42   0x00000002   PAD
    0x08000a44   0x00000008   Code   RO         1209    .text               c_w.l(rt_heap_descriptor_intlibspace.o)
    0x08000a4c   0x00000008   Code   RO         1212    .text               c_w.l(rt_errno_addr_intlibspace.o)
    0x08000a54   0x00000004   Code   RO         1213    .text               c_w.l(hguard.o)
    0x08000a58   0x0000008a   Code   RO         1214    .text               c_w.l(init_alloc.o)
    0x08000ae2   0x0000000e   Code   RO         1216    .text               c_w.l(h1_init.o)
    0x08000af0   0x00000016   Code   RO         1224    .text               c_w.l(_rserrno.o)
    0x08000b06   0x000000b2   Code   RO         1225    .text               c_w.l(_printf_intcommon.o)
    0x08000bb8   0x00000028   Code   RO         1226    .text               c_w.l(_printf_charcount.o)
    0x08000be0   0x0000041a   Code   RO         1227    .text               c_w.l(_printf_fp_dec.o)
    0x08000ffa   0x00000002   PAD
    0x08000ffc   0x00000030   Code   RO         1228    .text               c_w.l(_printf_char_common.o)
    0x0800102c   0x0000000a   Code   RO         1229    .text               c_w.l(_sputc.o)
    0x08001036   0x0000002c   Code   RO         1230    .text               c_w.l(_printf_char.o)
    0x08001062   0x00000002   PAD
    0x08001064   0x00000024   Code   RO         1231    .text               c_w.l(_printf_char_file.o)
    0x08001088   0x000000bc   Code   RO         1232    .text               c_w.l(_printf_wctomb.o)
    0x08001144   0x0000007c   Code   RO         1234    .text               c_w.l(_printf_longlong_dec.o)
    0x080011c0   0x00000070   Code   RO         1237    .text               c_w.l(_printf_oct_int_ll.o)
    0x08001230   0x00000070   Code   RO         1255    .text               c_w.l(strtol.o)
    0x080012a0   0x00000008   Code   RO         1329    .text               c_w.l(libspace.o)
    0x080012a8   0x00000010   Code   RO         1346    .text               c_w.l(rt_ctype_table.o)
    0x080012b8   0x00000008   Code   RO         1351    .text               c_w.l(rt_locale_intlibspace.o)
    0x080012c0   0x00000034   Code   RO         1355    .text               c_w.l(h1_extend.o)
    0x080012f4   0x0000008a   Code   RO         1357    .text               c_w.l(lludiv10.o)
    0x0800137e   0x00000002   PAD
    0x08001380   0x000002fc   Code   RO         1358    .text               c_w.l(_printf_fp_hex.o)
    0x0800167c   0x00000080   Code   RO         1360    .text               c_w.l(_printf_fp_infnan.o)
    0x080016fc   0x0000002c   Code   RO         1362    .text               c_w.l(_printf_wchar.o)
    0x08001728   0x0000009e   Code   RO         1363    .text               c_w.l(_strtoul.o)
    0x080017c6   0x00000002   PAD
    0x080017c8   0x000000dc   Code   RO         1364    .text               c_w.l(bigflt0.o)
    0x080018a4   0x00000008   Code   RO         1377    .text               c_w.l(ferror.o)
    0x080018ac   0x00000040   Code   RO         1379    .text               c_w.l(_wcrtomb.o)
    0x080018ec   0x0000000e   Code   RO         1382    .text               c_w.l(defsig_rtmem_outer.o)
    0x080018fa   0x00000002   Code   RO         1394    .text               c_w.l(use_no_semi.o)
    0x080018fc   0x00000000   Code   RO         1395    .text               c_w.l(indicate_semi.o)
    0x080018fc   0x0000004a   Code   RO         1396    .text               c_w.l(sys_stackheap_outer.o)
    0x08001946   0x0000001c   Code   RO         1400    .text               c_w.l(_chval.o)
    0x08001962   0x0000000c   Code   RO         1403    .text               c_w.l(exit.o)
    0x0800196e   0x0000000a   Code   RO         1404    .text               c_w.l(defsig_exit.o)
    0x08001978   0x00000050   Code   RO         1405    .text               c_w.l(defsig_rtmem_inner.o)
    0x080019c8   0x00000080   Code   RO         1406    .text               c_w.l(strcmpv7m.o)
    0x08001a48   0x00000032   Code   RO         1419    .text               c_w.l(defsig_general.o)
    0x08001a7a   0x0000000e   Code   RO         1438    .text               c_w.l(sys_wrch.o)
    0x08001a88   0x0000003e   Code   RO         1366    CL$$btod_d2e        c_w.l(btod.o)
    0x08001ac6   0x00000046   Code   RO         1368    CL$$btod_d2e_denorm_low  c_w.l(btod.o)
    0x08001b0c   0x00000060   Code   RO         1367    CL$$btod_d2e_norm_op1  c_w.l(btod.o)
    0x08001b6c   0x00000338   Code   RO         1376    CL$$btod_div_common  c_w.l(btod.o)
    0x08001ea4   0x000000c6   Code   RO         1373    CL$$btod_e2e        c_w.l(btod.o)
    0x08001f6a   0x00000028   Code   RO         1370    CL$$btod_ediv       c_w.l(btod.o)
    0x08001f92   0x00000028   Code   RO         1369    CL$$btod_emul       c_w.l(btod.o)
    0x08001fba   0x00000244   Code   RO         1375    CL$$btod_mult_common  c_w.l(btod.o)
    0x080021fe   0x00000016   Code   RO          599    i.ADC_Cmd           stm32l1xx_adc.o
    0x08002214   0x00000020   Code   RO          605    i.ADC_DeInit        stm32l1xx_adc.o
    0x08002234   0x00000008   Code   RO          612    i.ADC_GetConversionValue  stm32l1xx_adc.o
    0x0800223c   0x00000012   Code   RO          613    i.ADC_GetFlagStatus  stm32l1xx_adc.o
    0x0800224e   0x00000002   PAD
    0x08002250   0x00000054   Code   RO          619    i.ADC_Init          stm32l1xx_adc.o
    0x080022a4   0x00000158   Code   RO          624    i.ADC_RegularChannelConfig  stm32l1xx_adc.o
    0x080023fc   0x0000000a   Code   RO          626    i.ADC_SoftwareStartConv  stm32l1xx_adc.o
    0x08002406   0x00000016   Code   RO          686    i.Adc_HSI_Enable    adc.o
    0x0800241c   0x00000070   Code   RO          687    i.Adc_Init          adc.o
    0x0800248c   0x00000078   Code   RO          646    i.BMA_INT_INIT      nvic.o
    0x08002504   0x0000004c   Code   RO          835    i.Create_Wall       game_snake.o
    0x08002550   0x00000110   Code   RO          647    i.EXTI15_10_IRQHandler  nvic.o
    0x08002660   0x0000003c   Code   RO          648    i.EXTI4_IRQHandler  nvic.o
    0x0800269c   0x000000ac   Code   RO          649    i.EXTI9_5_IRQHandler  nvic.o
    0x08002748   0x0000000c   Code   RO          339    i.EXTI_ClearITPendingBit  stm32l1xx_exti.o
    0x08002754   0x00000018   Code   RO          343    i.EXTI_GetITStatus  stm32l1xx_exti.o
    0x0800276c   0x00000094   Code   RO          344    i.EXTI_Init         stm32l1xx_exti.o
    0x08002800   0x00000068   Code   RO          836    i.Eat_Food          game_snake.o
    0x08002868   0x00000024   Code   RO          387    i.FLASH_PrefetchBufferCmd  stm32l1xx_flash.o
    0x0800288c   0x00000024   Code   RO          388    i.FLASH_ReadAccess64Cmd  stm32l1xx_flash.o
    0x080028b0   0x00000018   Code   RO          390    i.FLASH_SetLatency  stm32l1xx_flash.o
    0x080028c8   0x00000084   Code   RO          394    i.GPIO_Init         stm32l1xx_gpio.o
    0x0800294c   0x00000046   Code   RO          395    i.GPIO_PinAFConfig  stm32l1xx_gpio.o
    0x08002992   0x00000012   Code   RO          398    i.GPIO_ReadInputDataBit  stm32l1xx_gpio.o
    0x080029a4   0x00000004   Code   RO          401    i.GPIO_ResetBits    stm32l1xx_gpio.o
    0x080029a8   0x00000004   Code   RO          402    i.GPIO_SetBits      stm32l1xx_gpio.o
    0x080029ac   0x0000003c   Code   RO          837    i.GameOver          game_snake.o
    0x080029e8   0x00000048   Code   RO          838    i.Gen_Food          game_snake.o
    0x08002a30   0x00000054   Code   RO          839    i.Gen_One_Food      game_snake.o
    0x08002a84   0x00000054   Code   RO          689    i.Get_Adc           adc.o
    0x08002ad8   0x00000074   Code   RO          690    i.Get_Adc_Average   adc.o
    0x08002b4c   0x00000044   Code   RO          840    i.Grid_Bound        game_snake.o
    0x08002b90   0x0000003c   Code   RO          671    i.I2C_Ack           i2c_soft.o
    0x08002bcc   0x00000050   Code   RO          672    i.I2C_GPIO_Config   i2c_soft.o
    0x08002c1c   0x00000040   Code   RO          673    i.I2C_NoAck         i2c_soft.o
    0x08002c5c   0x0000005c   Code   RO          674    i.I2C_ReceiveByte   i2c_soft.o
    0x08002cb8   0x00000020   Code   RO          675    i.I2C_SDA_IN        i2c_soft.o
    0x08002cd8   0x00000024   Code   RO          676    i.I2C_SDA_OUT       i2c_soft.o
    0x08002cfc   0x00000088   Code   RO          677    i.I2C_ScanDevices   i2c_soft.o
    0x08002d84   0x00000060   Code   RO          678    i.I2C_SendByte      i2c_soft.o
    0x08002de4   0x0000005c   Code   RO          679    i.I2C_Start         i2c_soft.o
    0x08002e40   0x0000003c   Code   RO          680    i.I2C_Stop          i2c_soft.o
    0x08002e7c   0x00000060   Code   RO          681    i.I2C_WaitAck       i2c_soft.o
    0x08002edc   0x0000000a   Code   RO          682    i.I2C_delay         i2c_soft.o
    0x08002ee6   0x00000002   PAD
    0x08002ee8   0x00000030   Code   RO          724    i.IIC_Start         oled_driver.o
    0x08002f18   0x00000028   Code   RO          725    i.IIC_Stop          oled_driver.o
    0x08002f40   0x0000001c   Code   RO          726    i.IIC_Wait_Ack      oled_driver.o
    0x08002f5c   0x00000078   Code   RO          650    i.KEY_INT_INIT      nvic.o
    0x08002fd4   0x000000d0   Code   RO          841    i.Move              game_snake.o
    0x080030a4   0x00000078   Code   RO          322    i.NVIC_Init         misc.o
    0x0800311c   0x00000014   Code   RO          323    i.NVIC_PriorityGroupConfig  misc.o
    0x08003130   0x0000005a   Code   RO          857    i.NeighborCount     gamecontrol.o
    0x0800318a   0x00000038   Code   RO          727    i.OLED_CLS          oled_driver.o
    0x080031c2   0x00000002   PAD
    0x080031c4   0x00000014   Code   RO          720    i.OLED_ClearScreenBuffer  oled.o
    0x080031d8   0x000000b2   Code   RO          231    i.OLED_DrawLine     tunemaker.o
    0x0800328a   0x00000002   PAD
    0x0800328c   0x00000070   Code   RO          232    i.OLED_DrawPoint    tunemaker.o
    0x080032fc   0x0000000c   Code   RO          728    i.OLED_DriverInit   oled_driver.o
    0x08003308   0x00000090   Code   RO          721    i.OLED_Flush        oled.o
    0x08003398   0x0000002c   Code   RO          722    i.OLED_Init         oled.o
    0x080033c4   0x000000b0   Code   RO          730    i.OLED_InitIt       oled_driver.o
    0x08003474   0x00000016   Code   RO          731    i.OLED_OFF          oled_driver.o
    0x0800348a   0x00000016   Code   RO          732    i.OLED_ON           oled_driver.o
    0x080034a0   0x00000028   Code   RO          740    i.PCF8563_BcdToDec  pcf8563.o
    0x080034c8   0x00000050   Code   RO          741    i.PCF8563_ClearAlarm  pcf8563.o
    0x08003518   0x00000018   Code   RO          748    i.PCF8563_DecToBcd  pcf8563.o
    0x08003530   0x00000054   Code   RO          749    i.PCF8563_EnableAlarm  pcf8563.o
    0x08003584   0x00000008   Code   RO          753    i.PCF8563_GetAlarm  pcf8563.o
    0x0800358c   0x0000000c   Code   RO          754    i.PCF8563_GetAlarmDay  pcf8563.o
    0x08003598   0x0000000c   Code   RO          755    i.PCF8563_GetAlarmHour  pcf8563.o
    0x080035a4   0x0000000c   Code   RO          756    i.PCF8563_GetAlarmMinute  pcf8563.o
    0x080035b0   0x0000000c   Code   RO          757    i.PCF8563_GetAlarmWeekday  pcf8563.o
    0x080035bc   0x0000000c   Code   RO          758    i.PCF8563_GetCentury  pcf8563.o
    0x080035c8   0x00000214   Code   RO          760    i.PCF8563_GetDateTime  pcf8563.o
    0x080037dc   0x0000000c   Code   RO          761    i.PCF8563_GetDay    pcf8563.o
    0x080037e8   0x0000000c   Code   RO          762    i.PCF8563_GetHour   pcf8563.o
    0x080037f4   0x0000000c   Code   RO          763    i.PCF8563_GetMinute  pcf8563.o
    0x08003800   0x0000000c   Code   RO          764    i.PCF8563_GetMonth  pcf8563.o
    0x0800380c   0x0000000c   Code   RO          765    i.PCF8563_GetSecond  pcf8563.o
    0x08003818   0x0000000c   Code   RO          773    i.PCF8563_GetWeekday  pcf8563.o
    0x08003824   0x0000000c   Code   RO          774    i.PCF8563_GetYear   pcf8563.o
    0x08003830   0x0000000c   Code   RO          775    i.PCF8563_Init      pcf8563.o
    0x0800383c   0x00000104   Code   RO          782    i.PCF8563_SetAlarm  pcf8563.o
    0x08003940   0x0000003a   Code   RO          783    i.PCF8563_SetDate   pcf8563.o
    0x0800397a   0x000000ba   Code   RO          784    i.PCF8563_SetDateTime  pcf8563.o
    0x08003a34   0x0000003e   Code   RO          786    i.PCF8563_SetTime   pcf8563.o
    0x08003a72   0x00000002   PAD
    0x08003a74   0x00000060   Code   RO          790    i.PCF8563_WhatWeekday  pcf8563.o
    0x08003ad4   0x00000040   Code   RO          417    i.PWR_EnterSTOPMode  stm32l1xx_pwr.o
    0x08003b14   0x00000068   Code   RO          842    i.Paint_Body        game_snake.o
    0x08003b7c   0x0000003e   Code   RO          843    i.Paint_Clean       game_snake.o
    0x08003bba   0x0000006c   Code   RO          844    i.Paint_Food        game_snake.o
    0x08003c26   0x00000002   PAD
    0x08003c28   0x00000020   Code   RO          427    i.RCC_AHBPeriphClockCmd  stm32l1xx_rcc.o
    0x08003c48   0x00000020   Code   RO          430    i.RCC_APB1PeriphClockCmd  stm32l1xx_rcc.o
    0x08003c68   0x00000020   Code   RO          432    i.RCC_APB1PeriphResetCmd  stm32l1xx_rcc.o
    0x08003c88   0x00000020   Code   RO          433    i.RCC_APB2PeriphClockCmd  stm32l1xx_rcc.o
    0x08003ca8   0x00000020   Code   RO          435    i.RCC_APB2PeriphResetCmd  stm32l1xx_rcc.o
    0x08003cc8   0x000000ca   Code   RO          651    i.RCC_Configuration  nvic.o
    0x08003d92   0x00000002   PAD
    0x08003d94   0x00000058   Code   RO          441    i.RCC_DeInit        stm32l1xx_rcc.o
    0x08003dec   0x00000100   Code   RO          442    i.RCC_GetClocksFreq  stm32l1xx_rcc.o
    0x08003eec   0x00000034   Code   RO          443    i.RCC_GetFlagStatus  stm32l1xx_rcc.o
    0x08003f20   0x00000010   Code   RO          445    i.RCC_GetSYSCLKSource  stm32l1xx_rcc.o
    0x08003f30   0x00000018   Code   RO          446    i.RCC_HCLKConfig    stm32l1xx_rcc.o
    0x08003f48   0x00000010   Code   RO          447    i.RCC_HSEConfig     stm32l1xx_rcc.o
    0x08003f58   0x0000000c   Code   RO          448    i.RCC_HSICmd        stm32l1xx_rcc.o
    0x08003f64   0x00000018   Code   RO          456    i.RCC_PCLK1Config   stm32l1xx_rcc.o
    0x08003f7c   0x00000018   Code   RO          457    i.RCC_PCLK2Config   stm32l1xx_rcc.o
    0x08003f94   0x0000000c   Code   RO          458    i.RCC_PLLCmd        stm32l1xx_rcc.o
    0x08003fa0   0x00000014   Code   RO          459    i.RCC_PLLConfig     stm32l1xx_rcc.o
    0x08003fb4   0x00000018   Code   RO          463    i.RCC_SYSCLKConfig  stm32l1xx_rcc.o
    0x08003fcc   0x0000005c   Code   RO          652    i.RTC_Alarm_Handler  nvic.o
    0x08004028   0x00000008   Code   RO          277    i.RTC_ClearAlarm    rtc.o
    0x08004030   0x0000000c   Code   RO          278    i.RTC_Config        rtc.o
    0x0800403c   0x0000007c   Code   RO          280    i.RTC_GetValue      rtc.o
    0x080040b8   0x00000074   Code   RO          653    i.RTC_INT_INIT      nvic.o
    0x0800412c   0x00000008   Code   RO          281    i.RTC_Init          rtc.o
    0x08004134   0x000000be   Code   RO          282    i.RTC_PCFConfig     rtc.o
    0x080041f2   0x00000002   PAD
    0x080041f4   0x0000005c   Code   RO          283    i.RTC_PrintAlarm    rtc.o
    0x08004250   0x00000040   Code   RO          284    i.RTC_Read_Datetime  rtc.o
    0x08004290   0x0000001a   Code   RO          286    i.RTC_Set_Alarm     rtc.o
    0x080042aa   0x00000038   Code   RO          287    i.RTC_Set_Datetime  rtc.o
    0x080042e2   0x00000002   PAD
    0x080042e4   0x00000048   Code   RO          733    i.SW_IIC_Configuration  oled_driver.o
    0x0800432c   0x00000040   Code   RO          467    i.SYSCFG_EXTILineConfig  stm32l1xx_syscfg.o
    0x0800436c   0x00000110   Code   RO            2    i.SetSysClock       system_stm32l1xx.o
    0x0800447c   0x00000010   Code   RO          270    i.ShutDown          my_menu.o
    0x0800448c   0x00000088   Code   RO          845    i.Snake_Init        game_snake.o
    0x08004514   0x00000058   Code   RO          846    i.Snake_Refresh     game_snake.o
    0x0800456c   0x00000028   Code   RO          326    i.SysTick_CLKSourceConfig  misc.o
    0x08004594   0x00000068   Code   RO            4    i.SystemInit        system_stm32l1xx.o
    0x080045fc   0x0000002c   Code   RO          635    i.TIM2_IRQHandler   usart.o
    0x08004628   0x00000052   Code   RO          636    i.TIM2_Init         usart.o
    0x0800467a   0x00000026   Code   RO          637    i.TIM2_Set          usart.o
    0x080046a0   0x00000180   Code   RO          145    i.TIM3_IRQHandler   millis.o
    0x08004820   0x00000006   Code   RO          485    i.TIM_ClearFlag     stm32l1xx_tim.o
    0x08004826   0x00000006   Code   RO          486    i.TIM_ClearITPendingBit  stm32l1xx_tim.o
    0x0800482c   0x00000018   Code   RO          491    i.TIM_Cmd           stm32l1xx_tim.o
    0x08004844   0x000000fc   Code   RO          495    i.TIM_DeInit        stm32l1xx_tim.o
    0x08004940   0x00000022   Code   RO          511    i.TIM_GetITStatus   stm32l1xx_tim.o
    0x08004962   0x00000012   Code   RO          515    i.TIM_ITConfig      stm32l1xx_tim.o
    0x08004974   0x00000004   Code   RO          547    i.TIM_SetAutoreload  stm32l1xx_tim.o
    0x08004978   0x00000004   Code   RO          549    i.TIM_SetCompare1   stm32l1xx_tim.o
    0x0800497c   0x00000004   Code   RO          553    i.TIM_SetCounter    stm32l1xx_tim.o
    0x08004980   0x00000060   Code   RO          559    i.TIM_TimeBaseInit  stm32l1xx_tim.o
    0x080049e0   0x0000006c   Code   RO          639    i.USART1_IRQHandler  usart.o
    0x08004a4c   0x00000018   Code   RO          567    i.USART_Cmd         stm32l1xx_usart.o
    0x08004a64   0x0000009c   Code   RO          569    i.USART_DeInit      stm32l1xx_usart.o
    0x08004b00   0x00000054   Code   RO          571    i.USART_GetITStatus  stm32l1xx_usart.o
    0x08004b54   0x0000004a   Code   RO          573    i.USART_ITConfig    stm32l1xx_usart.o
    0x08004b9e   0x00000002   PAD
    0x08004ba0   0x000000cc   Code   RO          574    i.USART_Init        stm32l1xx_usart.o
    0x08004c6c   0x0000000a   Code   RO          581    i.USART_ReceiveData  stm32l1xx_usart.o
    0x08004c76   0x0000002c   Code   RO          734    i.WriteCmd          oled_driver.o
    0x08004ca2   0x0000002c   Code   RO          735    i.WriteDat          oled_driver.o
    0x08004cce   0x00000040   Code   RO          736    i.WriteDats         oled_driver.o
    0x08004d0e   0x00000002   PAD
    0x08004d10   0x0000005c   Code   RO          737    i.Write_IIC_Byte    oled_driver.o
    0x08004d6c   0x00000028   Code   RO         1392    i.__ARM_fpclassify  m_ws.l(fpclassify.o)
    0x08004d94   0x0000001c   Code   RO          233    i.__SysTick         tunemaker.o
    0x08004db0   0x00000388   Code   RO         1321    i.__ieee754_rem_pio2  m_ws.l(rred.o)
    0x08005138   0x000000fc   Code   RO         1312    i.__kernel_cos      m_ws.l(cos_i.o)
    0x08005234   0x000000aa   Code   RO         1393    i.__kernel_poly     m_ws.l(poly.o)
    0x080052de   0x00000002   PAD
    0x080052e0   0x000000ec   Code   RO         1324    i.__kernel_sin      m_ws.l(sin_i.o)
    0x080053cc   0x00000006   Code   RO         1315    i.__mathlib_dbl_infnan  m_ws.l(dunder.o)
    0x080053d2   0x0000000c   Code   RO         1317    i.__mathlib_dbl_invalid  m_ws.l(dunder.o)
    0x080053de   0x00000002   PAD
    0x080053e0   0x00000010   Code   RO         1320    i.__mathlib_dbl_underflow  m_ws.l(dunder.o)
    0x080053f0   0x0000000e   Code   RO         1141    i._is_digit         c_w.l(__printf_wp.o)
    0x080053fe   0x00000002   PAD
    0x08005400   0x00000130   Code   RO          299    i._readRegister     bma423_watch.o
    0x08005530   0x00000004   Code   RO          640    i._sys_exit         usart.o
    0x08005534   0x000000ec   Code   RO          300    i._writeRegister    bma423_watch.o
    0x08005620   0x00000028   Code   RO          114    i.addBackOption     menu.o
    0x08005648   0x00000054   Code   RO          317    i.addStepLog        step_log.o
    0x0800569c   0x00000018   Code   RO           17    i.alarm_get         alarm.o
    0x080056b4   0x00000040   Code   RO           18    i.alarm_getNext     alarm.o
    0x080056f4   0x0000000c   Code   RO           19    i.alarm_getNextDay  alarm.o
    0x08005700   0x00000018   Code   RO           20    i.alarm_init        alarm.o
    0x08005718   0x0000000c   Code   RO           22    i.alarm_need_updateAlarm_in_nextLoop  alarm.o
    0x08005724   0x00000020   Code   RO           24    i.alarm_save        alarm.o
    0x08005744   0x000000a0   Code   RO           25    i.alarm_update      alarm.o
    0x080057e4   0x00000008   Code   RO           26    i.alarm_updateNextAlarm  alarm.o
    0x080057ec   0x00000040   Code   RO           35    i.alarmsDown        alarms.o
    0x0800582c   0x000000e8   Code   RO           36    i.alarmsDraw        alarms.o
    0x08005914   0x00000044   Code   RO           37    i.alarmsUp          alarms.o
    0x08005958   0x0000000c   Code   RO           46    i.animation_active  animation.o
    0x08005964   0x00000014   Code   RO           48    i.animation_movingOn  animation.o
    0x08005978   0x0000000c   Code   RO           49    i.animation_offsetY  animation.o
    0x08005984   0x00000034   Code   RO           50    i.animation_start   animation.o
    0x080059b8   0x00000098   Code   RO           51    i.animation_update  animation.o
    0x08005a50   0x00000008   Code   RO           53    i.appconfig_init    appconfig.o
    0x08005a58   0x00000034   Code   RO           54    i.appconfig_reset   appconfig.o
    0x08005a8c   0x00000002   Code   RO           55    i.appconfig_save    appconfig.o
    0x08005a8e   0x00000002   PAD
    0x08005a90   0x0000001c   Code   RO          115    i.back              menu.o
    0x08005aac   0x00000018   Code   RO          116    i.back_to_watchface  menu.o
    0x08005ac4   0x000000b4   Code   RO          146    i.batteryFilter     millis.o
    0x08005b78   0x00000030   Code   RO          202    i.beginSelect       timedate.o
    0x08005ba8   0x00000016   Code   RO           57    i.bitCount          buttons.o
    0x08005bbe   0x0000006c   Code   RO         1004    i.bma423_feature_enable  bma423.o
    0x08005c2a   0x00000014   Code   RO         1007    i.bma423_get_feature_config  bma423.o
    0x08005c3e   0x00000002   PAD
    0x08005c40   0x00000034   Code   RO          302    i.bma423_get_temp   bma423_watch.o
    0x08005c74   0x0000002a   Code   RO         1009    i.bma423_init       bma423.o
    0x08005c9e   0x00000042   Code   RO         1010    i.bma423_map_interrupt  bma423.o
    0x08005ce0   0x00000026   Code   RO         1011    i.bma423_read_int_status  bma423.o
    0x08005d06   0x00000054   Code   RO         1012    i.bma423_reset_step_counter  bma423.o
    0x08005d5a   0x000000a2   Code   RO         1015    i.bma423_set_remap_axes  bma423.o
    0x08005dfc   0x00000066   Code   RO         1017    i.bma423_step_counter_output  bma423.o
    0x08005e62   0x00000052   Code   RO         1019    i.bma423_step_detector_enable  bma423.o
    0x08005eb4   0x00000050   Code   RO         1025    i.bma423_write_config_file  bma423.o
    0x08005f04   0x00000032   Code   RO          896    i.bma4_get_accel_enable  bma4.o
    0x08005f36   0x00000032   Code   RO          898    i.bma4_get_advance_power_save  bma4.o
    0x08005f68   0x00000084   Code   RO          921    i.bma4_get_temperature  bma4.o
    0x08005fec   0x00000042   Code   RO          922    i.bma4_init         bma4.o
    0x0800602e   0x00000002   PAD
    0x08006030   0x000000e4   Code   RO          923    i.bma4_map_interrupt  bma4.o
    0x08006114   0x000000c6   Code   RO          928    i.bma4_read_accel_xyz  bma4.o
    0x080061da   0x00000034   Code   RO          930    i.bma4_read_int_status  bma4.o
    0x0800620e   0x00000122   Code   RO          935    i.bma4_read_regs    bma4.o
    0x08006330   0x00000086   Code   RO          938    i.bma4_set_accel_config  bma4.o
    0x080063b6   0x00000040   Code   RO          939    i.bma4_set_accel_enable  bma4.o
    0x080063f6   0x00000040   Code   RO          941    i.bma4_set_advance_power_save  bma4.o
    0x08006436   0x00000002   PAD
    0x08006438   0x00000074   Code   RO          952    i.bma4_set_int_pin_config  bma4.o
    0x080064ac   0x00000094   Code   RO          962    i.bma4_write_config_file  bma4.o
    0x08006540   0x00000122   Code   RO          963    i.bma4_write_regs   bma4.o
    0x08006662   0x00000002   PAD
    0x08006664   0x00000218   Code   RO          303    i.bmaConfig         bma423_watch.o
    0x0800687c   0x00000108   Code   RO         1032    i.bma_begin         bma.o
    0x08006984   0x0000001c   Code   RO         1035    i.bma_enableAccel   bma.o
    0x080069a0   0x00000034   Code   RO         1038    i.bma_enableFeature  bma.o
    0x080069d4   0x00000020   Code   RO         1041    i.bma_enableTiltInterrupt  bma.o
    0x080069f4   0x00000020   Code   RO         1042    i.bma_enableWakeupInterrupt  bma.o
    0x08006a14   0x00000020   Code   RO         1043    i.bma_getAccel      bma.o
    0x08006a34   0x0000001c   Code   RO         1045    i.bma_getAccelEnable  bma.o
    0x08006a50   0x00000008   Code   RO         1047    i.bma_getDevFptr    bma.o
    0x08006a58   0x00000084   Code   RO         1048    i.bma_getDirection  bma.o
    0x08006adc   0x00000018   Code   RO         1052    i.bma_getInterruptStatus  bma.o
    0x08006af4   0x00000038   Code   RO         1055    i.bma_getStepCount  bma.o
    0x08006b2c   0x00000010   Code   RO         1058    i.bma_isDoubleClick  bma.o
    0x08006b3c   0x00000010   Code   RO         1059    i.bma_isStepCounter  bma.o
    0x08006b4c   0x00000010   Code   RO         1060    i.bma_isTilt        bma.o
    0x08006b5c   0x0000007c   Code   RO         1061    i.bma_print_feature_config  bma.o
    0x08006bd8   0x00000034   Code   RO         1064    i.bma_resetStepCounter  bma.o
    0x08006c0c   0x0000001c   Code   RO         1066    i.bma_setAccelConfig  bma.o
    0x08006c28   0x0000001c   Code   RO         1067    i.bma_setINTPinConfig  bma.o
    0x08006c44   0x0000001c   Code   RO         1068    i.bma_setRemapAxes  bma.o
    0x08006c60   0x0000001c   Code   RO         1070    i.bma_softReset     bma.o
    0x08006c7c   0x0000000c   Code   RO          825    i.btnBounce         game3.o
    0x08006c88   0x00000010   Code   RO          816    i.btnDown           game2.o
    0x08006c98   0x00000010   Code   RO          174    i.btnExit           stopwatch.o
    0x08006ca8   0x00000010   Code   RO          221    i.btnExit           torch.o
    0x08006cb8   0x00000010   Code   RO          250    i.btnExit           calendar.o
    0x08006cc8   0x00000014   Code   RO          305    i.btnExit           bma423_watch.o
    0x08006cdc   0x00000014   Code   RO          318    i.btnExit           step_log.o
    0x08006cf0   0x00000038   Code   RO          808    i.btnExit           game1.o
    0x08006d28   0x0000002c   Code   RO          817    i.btnExit           game2.o
    0x08006d54   0x0000002c   Code   RO          826    i.btnExit           game3.o
    0x08006d80   0x0000002c   Code   RO          847    i.btnExit           game_snake.o
    0x08006dac   0x00000010   Code   RO          865    i.btnExit           gamelife.o
    0x08006dbc   0x00000034   Code   RO          222    i.btnFlashRate      torch.o
    0x08006df0   0x00000014   Code   RO          251    i.btnLeft           calendar.o
    0x08006e04   0x00000010   Code   RO          809    i.btnLeft           game1.o
    0x08006e14   0x00000050   Code   RO          848    i.btnLeft           game_snake.o
    0x08006e64   0x0000000c   Code   RO          866    i.btnLeft           gamelife.o
    0x08006e70   0x00000014   Code   RO          827    i.btnPause          game3.o
    0x08006e84   0x0000001c   Code   RO          175    i.btnReset          stopwatch.o
    0x08006ea0   0x00000014   Code   RO          252    i.btnRight          calendar.o
    0x08006eb4   0x00000010   Code   RO          810    i.btnRight          game1.o
    0x08006ec4   0x00000050   Code   RO          849    i.btnRight          game_snake.o
    0x08006f14   0x00000010   Code   RO          867    i.btnRight          gamelife.o
    0x08006f24   0x00000034   Code   RO          176    i.btnStartStop      stopwatch.o
    0x08006f58   0x0000000c   Code   RO          818    i.btnUp             game2.o
    0x08006f64   0x00000028   Code   RO           58    i.buttons_init      buttons.o
    0x08006f8c   0x00000054   Code   RO           59    i.buttons_isActive  buttons.o
    0x08006fe0   0x00000018   Code   RO           60    i.buttons_setFunc   buttons.o
    0x08006ff8   0x00000010   Code   RO           61    i.buttons_setFuncs  buttons.o
    0x08007008   0x0000004c   Code   RO           63    i.buttons_startup   buttons.o
    0x08007054   0x00000020   Code   RO           64    i.buttons_update    buttons.o
    0x08007074   0x00000040   Code   RO           65    i.buttons_wake      buttons.o
    0x080070b4   0x00000014   Code   RO          658    i.buzzer_beep       beep.o
    0x080070c8   0x00000124   Code   RO          660    i.buzzer_buzz       beep.o
    0x080071ec   0x00000008   Code   RO          662    i.buzzer_init       beep.o
    0x080071f4   0x0000003c   Code   RO          663    i.buzzer_init2      beep.o
    0x08007230   0x00000014   Code   RO          664    i.buzzer_off        beep.o
    0x08007244   0x00000014   Code   RO          665    i.buzzer_on         beep.o
    0x08007258   0x00000038   Code   RO          668    i.buzzer_update     beep.o
    0x08007290   0x00000060   Code   RO           10    i.c_loop            main.o
    0x080072f0   0x00000110   Code   RO           11    i.c_setup           main.o
    0x08007400   0x0000012c   Code   RO          289    i.calcBatteryPercentage  watchface.o
    0x0800752c   0x00000058   Code   RO          253    i.calendarOpen      calendar.o
    0x08007584   0x0000002c   Code   RO          147    i.calibrateVoltage  millis.o
    0x080075b0   0x0000002c   Code   RO          117    i.checkScroll       menu.o
    0x080075dc   0x0000008c   Code   RO          234    i.chose_tone        tunemaker.o
    0x08007668   0x00000010   Code   RO          118    i.clear             menu.o
    0x08007678   0x0000000e   Code   RO          871    i.clearHeader       gametitle.o
    0x08007686   0x0000000a   Code   RO          271    i.cmd2              my_menu.o
    0x08007690   0x00000018   Code   RO          272    i.cmd3              my_menu.o
    0x080076a8   0x00000154   Code   RO          858    i.computeAllPointsStatus  gamecontrol.o
    0x080077fc   0x000001f0   Code   RO          260    i.console_log       gui_log_console.o
    0x080079ec   0x000001bc   Code   RO           70    i.crt_animation     display.o
    0x08007ba8   0x00000010   Code   RO          182    i.dayToPcf8563Day   time.o
    0x08007bb8   0x00000018   Code   RO          183    i.dayToTmWday       time.o
    0x08007bd0   0x00000044   Code   RO          630    i.delay_init        delay.o
    0x08007c14   0x0000004c   Code   RO          631    i.delay_ms          delay.o
    0x08007c60   0x0000004c   Code   RO          632    i.delay_us          delay.o
    0x08007cac   0x0000001c   Code   RO           71    i.display_is_ani_active  display.o
    0x08007cc8   0x00000014   Code   RO           72    i.display_load      display.o
    0x08007cdc   0x0000000c   Code   RO           73    i.display_set       display.o
    0x08007ce8   0x00000010   Code   RO           74    i.display_setDrawFunc  display.o
    0x08007cf8   0x00000050   Code   RO           75    i.display_startCRTAnim  display.o
    0x08007d48   0x000000d4   Code   RO           76    i.display_update    display.o
    0x08007e1c   0x0000000c   Code   RO           93    i.div10             global.o
    0x08007e28   0x00000018   Code   RO          119    i.doAction          menu.o
    0x08007e40   0x00000020   Code   RO          120    i.doBtn             menu.o
    0x08007e60   0x00000038   Code   RO          235    i.down              tunemaker.o
    0x08007e98   0x00000058   Code   RO           27    i.draw              alarm.o
    0x08007ef0   0x00000190   Code   RO          177    i.draw              stopwatch.o
    0x08008080   0x00000068   Code   RO          223    i.draw              torch.o
    0x080080e8   0x00000334   Code   RO          236    i.draw              tunemaker.o
    0x0800841c   0x00000024   Code   RO          254    i.draw              calendar.o
    0x08008440   0x00000104   Code   RO          290    i.draw              watchface.o
    0x08008544   0x000001fc   Code   RO          306    i.draw              bma423_watch.o
    0x08008740   0x0000008c   Code   RO          319    i.draw              step_log.o
    0x080087cc   0x00000460   Code   RO          819    i.draw              game2.o
    0x08008c2c   0x00000394   Code   RO          828    i.draw              game3.o
    0x08008fc0   0x0000007c   Code   RO          291    i.drawBattery       watchface.o
    0x0800903c   0x00000070   Code   RO          292    i.drawDate          watchface.o
    0x080090ac   0x0000003c   Code   RO          859    i.drawGame          gamecontrol.o
    0x080090e8   0x0000003c   Code   RO          850    i.drawSnake         game_snake.o
    0x08009124   0x0000009c   Code   RO          293    i.drawStep          watchface.o
    0x080091c0   0x00000094   Code   RO          294    i.drawTickerNum     watchface.o
    0x08009254   0x00000040   Code   RO          121    i.drawTitle         menu.o
    0x08009294   0x00000154   Code   RO          872    i.drawTitle         gametitle.o
    0x080093e8   0x00000090   Code   RO          873    i.draw_Circleoffire  gametitle.o
    0x08009478   0x00000038   Code   RO          874    i.draw_GliderGun    gametitle.o
    0x080094b0   0x00000038   Code   RO          875    i.draw_TV           gametitle.o
    0x080094e8   0x000001a8   Code   RO           78    i.draw_bitmap       draw.o
    0x08009690   0x000001b4   Code   RO           79    i.draw_bitmap2      draw.o
    0x08009844   0x0000001e   Code   RO          829    i.draw_bitmap_s2    game3.o
    0x08009862   0x0000001e   Code   RO          830    i.draw_bitmap_set   game3.o
    0x08009880   0x0000001a   Code   RO          877    i.draw_blinker      gametitle.o
    0x0800989a   0x00000002   PAD
    0x0800989c   0x0000002c   Code   RO           80    i.draw_clearArea    draw.o
    0x080098c8   0x00000008   Code   RO           81    i.draw_end          draw.o
    0x080098d0   0x00000036   Code   RO           82    i.draw_fill_screen  draw.o
    0x08009906   0x00000002   PAD
    0x08009908   0x0000004c   Code   RO           83    i.draw_get_point    draw.o
    0x08009954   0x00000034   Code   RO          880    i.draw_glider       gametitle.o
    0x08009988   0x00000016   Code   RO          881    i.draw_header       gametitle.o
    0x0800999e   0x00000002   PAD
    0x080099a0   0x0000007c   Code   RO           84    i.draw_set_point    draw.o
    0x08009a1c   0x0000005c   Code   RO          882    i.draw_spaceship    gametitle.o
    0x08009a78   0x00000084   Code   RO           85    i.draw_string       draw.o
    0x08009afc   0x00000040   Code   RO           86    i.draw_string_P     draw.o
    0x08009b3c   0x000000c4   Code   RO           87    i.draw_string_center  draw.o
    0x08009c00   0x0000005c   Code   RO           88    i.draw_string_min   draw.o
    0x08009c5c   0x00000032   Code   RO          883    i.draw_toad         gametitle.o
    0x08009c8e   0x00000014   Code   RO          307    i.enableDoubleTap   bma423_watch.o
    0x08009ca2   0x00000014   Code   RO          308    i.enableTiltWrist   bma423_watch.o
    0x08009cb6   0x00000002   PAD
    0x08009cb8   0x00000034   Code   RO          203    i.endSelect         timedate.o
    0x08009cec   0x0000000e   Code   RO          122    i.exitMeThenRun     menu.o
    0x08009cfa   0x00000002   PAD
    0x08009cfc   0x00000018   Code   RO          123    i.exitSelected      menu.o
    0x08009d14   0x00000092   Code   RO         1027    i.feature_disable   bma423.o
    0x08009da6   0x00000088   Code   RO         1028    i.feature_enable    bma423.o
    0x08009e2e   0x00000024   Code   RO          263    i.find_huanhang_str_idx  gui_log_console.o
    0x08009e52   0x00000002   PAD
    0x08009e54   0x00000020   Code   RO          795    i.flashAllLed       led.o
    0x08009e74   0x00000018   Code   RO           89    i.flatXY            draw.o
    0x08009e8c   0x00000040   Code   RO          860    i.flushToScreen     gamecontrol.o
    0x08009ecc   0x0000001c   Code   RO          641    i.fputc             usart.o
    0x08009ee8   0x000003c0   Code   RO          811    i.game1_draw        game1.o
    0x0800a2a8   0x00000098   Code   RO          812    i.game1_start       game1.o
    0x0800a340   0x00000088   Code   RO          820    i.game2_start       game2.o
    0x0800a3c8   0x00000088   Code   RO          831    i.game3_start       game3.o
    0x0800a450   0x00000070   Code   RO          868    i.game_life_draw    gamelife.o
    0x0800a4c0   0x00000038   Code   RO          869    i.game_life_start   gamelife.o
    0x0800a4f8   0x0000010c   Code   RO          851    i.game_snake_draw   game_snake.o
    0x0800a604   0x00000038   Code   RO          852    i.game_snake_start  game_snake.o
    0x0800a63c   0x00000010   Code   RO          295    i.getBatteryAndOthers  watchface.o
    0x0800a64c   0x0000000e   Code   RO          108    i.getItemCount      m_main.o
    0x0800a65a   0x0000000e   Code   RO          803    i.getItemCount      games.o
    0x0800a668   0x00000010   Code   RO          255    i.getItemPosX       calendar.o
    0x0800a678   0x00000030   Code   RO           38    i.getMaxValForSetting  alarms.o
    0x0800a6a8   0x00000044   Code   RO          204    i.getMaxValForSetting  timedate.o
    0x0800a6ec   0x000000c0   Code   RO           28    i.getNextAlarm      alarm.o
    0x0800a7ac   0x00000034   Code   RO          972    i.get_feature_config_start_addr  bma4.o
    0x0800a7e0   0x0000008e   Code   RO          256    i.get_week_day      calendar.o
    0x0800a86e   0x00000018   Code   RO          264    i.gui_print_s       gui_log_console.o
    0x0800a886   0x00000064   Code   RO          974    i.increment_feature_config_addr  bma4.o
    0x0800a8ea   0x00000002   PAD
    0x0800a8ec   0x00000030   Code   RO          861    i.initGame          gamecontrol.o
    0x0800a91c   0x0000000c   Code   RO          884    i.initTitle         gametitle.o
    0x0800a928   0x00000068   Code   RO           29    i.isAlarmTimeReached  alarm.o
    0x0800a990   0x00000020   Code   RO          853    i.isBlank           game_snake.o
    0x0800a9b0   0x00000036   Code   RO          257    i.is_leap_year      calendar.o
    0x0800a9e6   0x00000002   PAD
    0x0800a9e8   0x00000044   Code   RO           39    i.itemLoader        alarms.o
    0x0800aa2c   0x0000000e   Code   RO           97    i.itemLoader        m_display.o
    0x0800aa3a   0x00000002   PAD
    0x0800aa3c   0x00000110   Code   RO          109    i.itemLoader        m_main.o
    0x0800ab4c   0x00000080   Code   RO          152    i.itemLoader        settings.o
    0x0800abcc   0x0000000e   Code   RO          156    i.itemLoader        sleep.o
    0x0800abda   0x0000000e   Code   RO          164    i.itemLoader        sound.o
    0x0800abe8   0x00000044   Code   RO          205    i.itemLoader        timedate.o
    0x0800ac2c   0x000000a4   Code   RO          273    i.itemLoader        my_menu.o
    0x0800acd0   0x000000a4   Code   RO          804    i.itemLoader        games.o
    0x0800ad74   0x0000006c   Code   RO          796    i.led_init          led.o
    0x0800ade0   0x00000028   Code   RO          124    i.loader            menu.o
    0x0800ae08   0x0000004c   Code   RO           40    i.mAlarmsOpen       alarms.o
    0x0800ae54   0x00000058   Code   RO           98    i.mDisplayOpen      m_display.o
    0x0800aeac   0x00000028   Code   RO          206    i.mDown             timedate.o
    0x0800aed4   0x00000074   Code   RO          157    i.mDraw             sleep.o
    0x0800af48   0x00000050   Code   RO          805    i.mGamesOpen        games.o
    0x0800af98   0x0000001c   Code   RO          110    i.mMainOpen         m_main.o
    0x0800afb4   0x00000074   Code   RO          111    i.mOpen             m_main.o
    0x0800b028   0x00000018   Code   RO           41    i.mSelect           alarms.o
    0x0800b040   0x00000024   Code   RO           99    i.mSelect           m_display.o
    0x0800b064   0x00000014   Code   RO          112    i.mSelect           m_main.o
    0x0800b078   0x00000014   Code   RO          153    i.mSelect           settings.o
    0x0800b08c   0x00000020   Code   RO          158    i.mSelect           sleep.o
    0x0800b0ac   0x00000020   Code   RO          165    i.mSelect           sound.o
    0x0800b0cc   0x00000018   Code   RO          207    i.mSelect           timedate.o
    0x0800b0e4   0x0000000a   Code   RO          274    i.mSelect           my_menu.o
    0x0800b0ee   0x00000002   PAD
    0x0800b0f0   0x00000014   Code   RO          806    i.mSelect           games.o
    0x0800b104   0x00000050   Code   RO          154    i.mSettingsOpen     settings.o
    0x0800b154   0x00000058   Code   RO          159    i.mSleepOpen        sleep.o
    0x0800b1ac   0x00000058   Code   RO          166    i.mSoundOpen        sound.o
    0x0800b204   0x00000088   Code   RO          208    i.mTimeDateOpen     timedate.o
    0x0800b28c   0x00000028   Code   RO          209    i.mUp               timedate.o
    0x0800b2b4   0x0000000c   Code   RO           13    i.main              main.o
    0x0800b2c0   0x00000080   Code   RO           42    i.makeAlarmStr      alarms.o
    0x0800b340   0x0000004c   Code   RO          210    i.makeDateStr       timedate.o
    0x0800b38c   0x00000050   Code   RO          211    i.makeTimeStr       timedate.o
    0x0800b3dc   0x00000018   Code   RO          125    i.menu_close        menu.o
    0x0800b3f4   0x00000014   Code   RO          126    i.menu_down         menu.o
    0x0800b408   0x00000038   Code   RO          127    i.menu_draw         menu.o
    0x0800b440   0x00000118   Code   RO          128    i.menu_drawIcon     menu.o
    0x0800b558   0x0000005c   Code   RO          129    i.menu_drawStr      menu.o
    0x0800b5b4   0x00000034   Code   RO          131    i.menu_select       menu.o
    0x0800b5e8   0x00000014   Code   RO          132    i.menu_up           menu.o
    0x0800b5fc   0x0000000c   Code   RO          148    i.millis_get        millis.o
    0x0800b608   0x00000070   Code   RO          149    i.millis_init       millis.o
    0x0800b678   0x00000010   Code   RO           96    i.mod10             global.o
    0x0800b688   0x0000006c   Code   RO          275    i.my_menu_open      my_menu.o
    0x0800b6f4   0x0000001c   Code   RO          276    i.my_menu_open2     my_menu.o
    0x0800b710   0x0000005c   Code   RO          226    i.next              tune.o
    0x0800b76c   0x00000028   Code   RO          133    i.nextOption        menu.o
    0x0800b794   0x00000070   Code   RO          654    i.nvic_sleep        nvic.o
    0x0800b804   0x0000004c   Code   RO          655    i.nvic_wake_up      nvic.o
    0x0800b850   0x00000006   Code   RO           90    i.pgm_read_byte     draw.o
    0x0800b856   0x00000002   PAD
    0x0800b858   0x00000038   Code   RO           14    i.power_pin_init    main.o
    0x0800b890   0x0000002c   Code   RO          134    i.prevOption        menu.o
    0x0800b8bc   0x00000070   Code   RO           66    i.processButton     buttons.o
    0x0800b92c   0x00000068   Code   RO           67    i.processButtons    buttons.o
    0x0800b994   0x00000014   Code   RO          245    i.pwrmgr_init       pwrmgr.o
    0x0800b9a8   0x000000ec   Code   RO          246    i.pwrmgr_update     pwrmgr.o
    0x0800ba94   0x00000014   Code   RO          247    i.pwrmgr_userActive  pwrmgr.o
    0x0800baa8   0x00000018   Code   RO           91    i.readPixels        draw.o
    0x0800bac0   0x0000005c   Code   RO          979    i.read_regs         bma4.o
    0x0800bb1c   0x00000008   Code   RO          312    i.resetStepCounter  bma423_watch.o
    0x0800bb24   0x000001c8   Code   RO           30    i.rtc_set_alarm     alarm.o
    0x0800bcec   0x00000024   Code   RO           31    i.rtc_set_pcf8563_alarm  alarm.o
    0x0800bd10   0x0000003c   Code   RO          212    i.saveTimeDate      timedate.o
    0x0800bd4c   0x00000018   Code   RO          237    i.select            tunemaker.o
    0x0800bd64   0x0000022c   Code   RO           43    i.selectAlarm       alarms.o
    0x0800bf90   0x000000a0   Code   RO          213    i.selectDate        timedate.o
    0x0800c030   0x000000bc   Code   RO          214    i.selectTime        timedate.o
    0x0800c0ec   0x00000018   Code   RO          100    i.setAnimations     m_display.o
    0x0800c104   0x00000030   Code   RO          101    i.setBrightness     m_display.o
    0x0800c134   0x00000022   Code   RO           92    i.setBuffByte       draw.o
    0x0800c156   0x00000002   PAD
    0x0800c158   0x00000024   Code   RO          102    i.setFPS            m_display.o
    0x0800c17c   0x00000018   Code   RO          103    i.setInvert         m_display.o
    0x0800c194   0x00000014   Code   RO          135    i.setMenuFuncs      menu.o
    0x0800c1a8   0x00000024   Code   RO          136    i.setMenuInfo       menu.o
    0x0800c1cc   0x00000100   Code   RO          137    i.setMenuOption     menu.o
    0x0800c2cc   0x00000034   Code   RO          138    i.setMenuOption_P   menu.o
    0x0800c300   0x000000a8   Code   RO          104    i.setMenuOptions    m_display.o
    0x0800c3a8   0x0000003c   Code   RO          160    i.setMenuOptions    sleep.o
    0x0800c3e4   0x0000006c   Code   RO          167    i.setMenuOptions    sound.o
    0x0800c450   0x0000001c   Code   RO          161    i.setMoveCheck      sleep.o
    0x0800c46c   0x00000024   Code   RO          139    i.setPrevMenuExit   menu.o
    0x0800c490   0x00000020   Code   RO          140    i.setPrevMenuOpen   menu.o
    0x0800c4b0   0x00000038   Code   RO          105    i.setRotate         m_display.o
    0x0800c4e8   0x00000018   Code   RO          162    i.setTimeout        sleep.o
    0x0800c500   0x0000000c   Code   RO          168    i.setVolume         sound.o
    0x0800c50c   0x00000014   Code   RO          169    i.setVolumeAlarm    sound.o
    0x0800c520   0x00000014   Code   RO          170    i.setVolumeHour     sound.o
    0x0800c534   0x00000014   Code   RO          171    i.setVolumeUI       sound.o
    0x0800c548   0x00000028   Code   RO          987    i.set_feature_config_start_addr  bma4.o
    0x0800c570   0x0000002c   Code   RO          314    i.showAccelerometer  bma423_watch.o
    0x0800c59c   0x00000024   Code   RO           44    i.showAlarmStr      alarms.o
    0x0800c5c0   0x0000025c   Code   RO          258    i.showCalendar      calendar.o
    0x0800c81c   0x00000020   Code   RO          215    i.showDateStr       timedate.o
    0x0800c83c   0x0000000e   Code   RO          141    i.showMeThenRun     menu.o
    0x0800c84a   0x00000002   PAD
    0x0800c84c   0x0000007c   Code   RO           15    i.showSpace         main.o
    0x0800c8c8   0x0000002c   Code   RO          320    i.showStepLog       step_log.o
    0x0800c8f4   0x00000020   Code   RO          216    i.showTimeStr       timedate.o
    0x0800c914   0x000000a0   Code   RO         1202    i.sin               m_ws.l(sin.o)
    0x0800c9b4   0x00000038   Code   RO          669    i.stop              beep.o
    0x0800c9ec   0x0000004c   Code   RO           32    i.stopAlarm         alarm.o
    0x0800ca38   0x00000014   Code   RO          178    i.stopwatch_active  stopwatch.o
    0x0800ca4c   0x0000002c   Code   RO          179    i.stopwatch_open    stopwatch.o
    0x0800ca78   0x00000048   Code   RO          180    i.stopwatch_update  stopwatch.o
    0x0800cac0   0x0000001c   Code   RO          265    i.strcopy_cnt       gui_log_console.o
    0x0800cadc   0x0000005a   Code   RO          988    i.stream_transfer_write  bma4.o
    0x0800cb36   0x00000002   PAD
    0x0800cb38   0x00000038   Code   RO          106    i.thisDraw          m_display.o
    0x0800cb70   0x0000005c   Code   RO          172    i.thisdraw          sound.o
    0x0800cbcc   0x000003dc   Code   RO          296    i.ticker            watchface.o
    0x0800cfa8   0x0000005c   Code   RO          217    i.timeDataDown      timedate.o
    0x0800d004   0x00000058   Code   RO          218    i.timeDataUp        timedate.o
    0x0800d05c   0x000000f8   Code   RO          219    i.timeDateDraw      timedate.o
    0x0800d154   0x00000096   Code   RO          185    i.time_calcWeekDay  time.o
    0x0800d1ea   0x00000002   PAD
    0x0800d1ec   0x00000058   Code   RO          186    i.time_getNextZhengdiao  time.o
    0x0800d244   0x0000001a   Code   RO          188    i.time_isLeapYear   time.o
    0x0800d25e   0x00000002   PAD
    0x0800d260   0x00000020   Code   RO          189    i.time_monthDayCount  time.o
    0x0800d280   0x0000002c   Code   RO          190    i.time_set          time.o
    0x0800d2ac   0x00000054   Code   RO          193    i.time_timeMode     time.o
    0x0800d300   0x00000034   Code   RO          194    i.time_timeStr      time.o
    0x0800d334   0x000000e4   Code   RO          195    i.time_update       time.o
    0x0800d418   0x00000018   Code   RO          196    i.time_wake         time.o
    0x0800d430   0x0000001e   Code   RO           33    i.toMinutes         alarm.o
    0x0800d44e   0x00000002   PAD
    0x0800d450   0x00000030   Code   RO          224    i.torch_open        torch.o
    0x0800d480   0x0000003c   Code   RO          227    i.tune_play         tune.o
    0x0800d4bc   0x00000020   Code   RO          228    i.tune_stop         tune.o
    0x0800d4dc   0x00000040   Code   RO          238    i.tunemakerOpen     tunemaker.o
    0x0800d51c   0x0000000c   Code   RO          797    i.turnOffAllLed     led.o
    0x0800d528   0x0000001c   Code   RO          798    i.turnOffLed1       led.o
    0x0800d544   0x0000001c   Code   RO          799    i.turnOffLed2       led.o
    0x0800d560   0x0000001c   Code   RO          800    i.turnOnLed1        led.o
    0x0800d57c   0x0000001c   Code   RO          801    i.turnOnLed2        led.o
    0x0800d598   0x000000dc   Code   RO          642    i.uart_init         usart.o
    0x0800d674   0x00000038   Code   RO          239    i.up                tunemaker.o
    0x0800d6ac   0x0000000e   Code   RO          862    i.updateGame        gamecontrol.o
    0x0800d6ba   0x00000002   PAD
    0x0800d6bc   0x00000064   Code   RO          885    i.updateTitle       gametitle.o
    0x0800d720   0x00000018   Code   RO         1029    i.update_len        bma423.o
    0x0800d738   0x00000018   Code   RO          248    i.userWake          pwrmgr.o
    0x0800d750   0x0000001e   Code   RO          996    i.validate_bandwidth_perfmode  bma4.o
    0x0800d76e   0x0000000e   Code   RO          997    i.validate_odr      bma4.o
    0x0800d77c   0x00000028   Code   RO          297    i.watchface_normal  watchface.o
    0x0800d7a4   0x00000036   Code   RO         1000    i.write_regs        bma4.o
    0x0800d7da   0x00000002   PAD
    0x0800d7dc   0x0000002c   Code   RO         1381    locale$$code        c_w.l(lc_numeric_c.o)
    0x0800d808   0x0000002c   Code   RO         1402    locale$$code        c_w.l(lc_ctype_c.o)
    0x0800d834   0x00000062   Code   RO         1169    x$fpl$d2f           fz_ws.l(d2f.o)
    0x0800d896   0x00000002   PAD
    0x0800d898   0x00000150   Code   RO         1170    x$fpl$dadd          fz_ws.l(daddsub_clz.o)
    0x0800d9e8   0x00000010   Code   RO         1413    x$fpl$dcheck1       fz_ws.l(dcheck1.o)
    0x0800d9f8   0x00000018   Code   RO         1302    x$fpl$dcmpinf       fz_ws.l(dcmpi.o)
    0x0800da10   0x000002b0   Code   RO         1174    x$fpl$ddiv          fz_ws.l(ddiv.o)
    0x0800dcc0   0x0000005e   Code   RO         1387    x$fpl$dfix          fz_ws.l(dfix.o)
    0x0800dd1e   0x00000002   PAD
    0x0800dd20   0x0000005a   Code   RO         1175    x$fpl$dfixu         fz_ws.l(dfixu.o)
    0x0800dd7a   0x0000002e   Code   RO         1178    x$fpl$dflt          fz_ws.l(dflt_clz.o)
    0x0800dda8   0x00000026   Code   RO         1177    x$fpl$dfltu         fz_ws.l(dflt_clz.o)
    0x0800ddce   0x00000002   PAD
    0x0800ddd0   0x00000078   Code   RO         1180    x$fpl$dleqf         fz_ws.l(dleqf.o)
    0x0800de48   0x00000154   Code   RO         1181    x$fpl$dmul          fz_ws.l(dmul.o)
    0x0800df9c   0x0000009c   Code   RO         1303    x$fpl$dnaninf       fz_ws.l(dnaninf.o)
    0x0800e038   0x0000000c   Code   RO         1304    x$fpl$dretinf       fz_ws.l(dretinf.o)
    0x0800e044   0x0000006c   Code   RO         1182    x$fpl$drleqf        fz_ws.l(drleqf.o)
    0x0800e0b0   0x00000016   Code   RO         1171    x$fpl$drsb          fz_ws.l(daddsub_clz.o)
    0x0800e0c6   0x00000002   PAD
    0x0800e0c8   0x000001d4   Code   RO         1172    x$fpl$dsub          fz_ws.l(daddsub_clz.o)
    0x0800e29c   0x00000056   Code   RO         1183    x$fpl$f2d           fz_ws.l(f2d.o)
    0x0800e2f2   0x00000002   PAD
    0x0800e2f4   0x000000c4   Code   RO         1184    x$fpl$fadd          fz_ws.l(faddsub_clz.o)
    0x0800e3b8   0x00000018   Code   RO         1305    x$fpl$fcmpinf       fz_ws.l(fcmpi.o)
    0x0800e3d0   0x00000184   Code   RO         1188    x$fpl$fdiv          fz_ws.l(fdiv.o)
    0x0800e554   0x00000068   Code   RO         1189    x$fpl$feqf          fz_ws.l(feqf.o)
    0x0800e5bc   0x00000036   Code   RO         1190    x$fpl$ffix          fz_ws.l(ffix.o)
    0x0800e5f2   0x00000002   PAD
    0x0800e5f4   0x0000003e   Code   RO         1192    x$fpl$ffixu         fz_ws.l(ffixu.o)
    0x0800e632   0x00000002   PAD
    0x0800e634   0x00000030   Code   RO         1195    x$fpl$fflt          fz_ws.l(fflt_clz.o)
    0x0800e664   0x00000026   Code   RO         1194    x$fpl$ffltu         fz_ws.l(fflt_clz.o)
    0x0800e68a   0x00000002   PAD
    0x0800e68c   0x00000068   Code   RO         1197    x$fpl$fleqf         fz_ws.l(fleqf.o)
    0x0800e6f4   0x00000102   Code   RO         1198    x$fpl$fmul          fz_ws.l(fmul.o)
    0x0800e7f6   0x0000008c   Code   RO         1306    x$fpl$fnaninf       fz_ws.l(fnaninf.o)
    0x0800e882   0x0000000a   Code   RO         1307    x$fpl$fretinf       fz_ws.l(fretinf.o)
    0x0800e88c   0x00000062   Code   RO         1199    x$fpl$frleqf        fz_ws.l(frleqf.o)
    0x0800e8ee   0x00000002   PAD
    0x0800e8f0   0x000000ea   Code   RO         1186    x$fpl$fsub          fz_ws.l(faddsub_clz.o)
    0x0800e9da   0x00000004   Code   RO         1200    x$fpl$printf1       fz_ws.l(printf1.o)
    0x0800e9de   0x00000004   Code   RO         1308    x$fpl$printf2       fz_ws.l(printf2.o)
    0x0800e9e2   0x00000064   Code   RO         1437    x$fpl$retnan        fz_ws.l(retnan.o)
    0x0800ea46   0x0000005c   Code   RO         1391    x$fpl$scalbn        fz_ws.l(scalbn.o)
    0x0800eaa2   0x00000030   Code   RO         1448    x$fpl$trapveneer    fz_ws.l(trapv.o)
    0x0800ead2   0x00000000   Code   RO         1311    x$fpl$usenofp       fz_ws.l(usenofp.o)
    0x0800ead2   0x00000002   PAD
    0x0800ead4   0x00000028   Data   RO           16    .constdata          main.o
    0x0800eafc   0x00000005   Data   RO          143    .constdata          menu.o
    0x0800eb01   0x000020fa   Data   RO          151    .constdata          resources.o
    0x08010bfb   0x0000000c   Data   RO          200    .constdata          time.o
    0x08010c07   0x00000001   PAD
    0x08010c08   0x000004d4   Data   RO          229    .constdata          tune.o
    0x080110dc   0x00001140   Data   RO          241    .constdata          tunemaker.o
    0x0801221c   0x000000b0   Data   RO          243    .constdata          tunes.o
    0x080122cc   0x00000011   Data   RO          814    .constdata          game1.o
    0x080122dd   0x00000026   Data   RO          822    .constdata          game2.o
    0x08012303   0x00000001   PAD
    0x08012304   0x0000004c   Data   RO          833    .constdata          game3.o
    0x08012350   0x000002df   Data   RO          886    .constdata          gametitle.o
    0x0801262f   0x00001800   Data   RO         1031    .constdata          bma423.o
    0x08013e2f   0x00000028   Data   RO         1133    .constdata          c_w.l(_printf_hex_int_ll_ptr.o)
    0x08013e57   0x00000011   Data   RO         1146    .constdata          c_w.l(__printf_flags_ss_wp.o)
    0x08013e68   0x00000008   Data   RO         1233    .constdata          c_w.l(_printf_wctomb.o)
    0x08013e70   0x00000030   Data   RO         1313    .constdata          m_ws.l(cos_i.o)
    0x08013ea0   0x000000c8   Data   RO         1323    .constdata          m_ws.l(rred.o)
    0x08013f68   0x00000028   Data   RO         1325    .constdata          m_ws.l(sin_i.o)
    0x08013f90   0x00000026   Data   RO         1359    .constdata          c_w.l(_printf_fp_hex.o)
    0x08013fb6   0x00000002   PAD
    0x08013fb8   0x00000094   Data   RO         1365    .constdata          c_w.l(bigflt0.o)
    0x0801404c   0x00000020   Data   RO         1458    Region$$Table       anon$$obj.o
    0x0801406c   0x0000001c   Data   RO         1380    locale$$data        c_w.l(lc_numeric_c.o)
    0x08014088   0x00000110   Data   RO         1401    locale$$data        c_w.l(lc_ctype_c.o)


    Execution Region RW_IRAM1 (Base: 0x20000000, Size: 0x00003cd0, Max: 0x00008000, ABSOLUTE, COMPRESSED[0x00000074])

    Base Addr    Size         Type   Attr      Idx    E Section Name        Object

    0x20000000   0x0000001d   Data   RW            5    .data               system_stm32l1xx.o
    0x2000001d   0x00000003   PAD
    0x20000020   0x00000024   Data   RW           34    .data               alarm.o
    0x20000044   0x0000000d   Data   RW           45    .data               alarms.o
    0x20000051   0x00000003   PAD
    0x20000054   0x0000000c   Data   RW           69    .data               buttons.o
    0x20000060   0x00000016   Data   RW           77    .data               display.o
    0x20000076   0x00000002   PAD
    0x20000078   0x00000008   Data   RW          107    .data               m_display.o
    0x20000080   0x00000008   Data   RW          113    .data               m_main.o
    0x20000088   0x0000000c   Data   RW          144    .data               menu.o
    0x20000094   0x00000018   Data   RW          150    .data               millis.o
    0x200000ac   0x00000008   Data   RW          155    .data               settings.o
    0x200000b4   0x00000009   Data   RW          163    .data               sleep.o
    0x200000bd   0x00000003   PAD
    0x200000c0   0x00000008   Data   RW          173    .data               sound.o
    0x200000c8   0x0000000c   Data   RW          181    .data               stopwatch.o
    0x200000d4   0x00000014   Data   RW          201    .data               time.o
    0x200000e8   0x00000012   Data   RW          220    .data               timedate.o
    0x200000fa   0x00000002   PAD
    0x200000fc   0x00000008   Data   RW          225    .data               torch.o
    0x20000104   0x0000000a   Data   RW          230    .data               tune.o
    0x2000010e   0x00000002   PAD
    0x20000110   0x00000012   Data   RW          242    .data               tunemaker.o
    0x20000122   0x00000004   Data   RW          249    .data               pwrmgr.o
    0x20000126   0x00000002   PAD
    0x20000128   0x0000000c   Data   RW          259    .data               calendar.o
    0x20000134   0x00000006   Data   RW          268    .data               gui_log_console.o
    0x2000013a   0x00000002   PAD
    0x2000013c   0x0000001b   Data   RW          298    .data               watchface.o
    0x20000157   0x00000001   PAD
    0x20000158   0x00000014   Data   RW          316    .data               bma423_watch.o
    0x2000016c   0x00000019   Data   RW          465    .data               stm32l1xx_rcc.o
    0x20000185   0x00000001   PAD
    0x20000186   0x00000004   Data   RW          633    .data               delay.o
    0x2000018a   0x00000002   PAD
    0x2000018c   0x00000005   Data   RW          645    .data               usart.o
    0x20000191   0x00000001   Data   RW          656    .data               nvic.o
    0x20000192   0x00000002   PAD
    0x20000194   0x0000000d   Data   RW          670    .data               beep.o
    0x200001a1   0x00000003   PAD
    0x200001a4   0x00000048   Data   RW          794    .data               pcf8563.o
    0x200001ec   0x00000002   Data   RW          802    .data               led.o
    0x200001ee   0x00000002   PAD
    0x200001f0   0x00000008   Data   RW          807    .data               games.o
    0x200001f8   0x00000014   Data   RW          815    .data               game1.o
    0x2000020c   0x00000015   Data   RW          823    .data               game2.o
    0x20000221   0x00000007   PAD
    0x20000228   0x0000002c   Data   RW          834    .data               game3.o
    0x20000254   0x00000009   Data   RW          856    .data               game_snake.o
    0x2000025d   0x00000003   PAD
    0x20000260   0x00000014   Data   RW          864    .data               gamecontrol.o
    0x20000274   0x00000003   Data   RW          870    .data               gamelife.o
    0x20000277   0x00000002   Data   RW          887    .data               gametitle.o
    0x20000279   0x00000003   PAD
    0x2000027c   0x00000011   Data   RW         1073    .data               bma.o
    0x2000028d   0x00000003   PAD
    0x20000290   0x0000000c   Zero   RW           52    .bss                animation.o
    0x2000029c   0x0000000c   Zero   RW           56    .bss                appconfig.o
    0x200002a8   0x00000030   Zero   RW           68    .bss                buttons.o
    0x200002d8   0x00000024   Zero   RW          142    .bss                menu.o
    0x200002fc   0x00000009   Zero   RW          199    .bss                time.o
    0x20000305   0x00000218   Zero   RW          240    .bss                tunemaker.o
    0x2000051d   0x00000590   Zero   RW          267    .bss                gui_log_console.o
    0x20000aad   0x0000000a   Zero   RW          288    .bss                rtc.o
    0x20000ab7   0x00000001   PAD
    0x20000ab8   0x00000030   Zero   RW          321    .bss                step_log.o
    0x20000ae8   0x00000078   Zero   RW          644    .bss                usart.o
    0x20000b60   0x00000400   Zero   RW          723    .bss                oled.o
    0x20000f60   0x00000010   Zero   RW          813    .bss                game1.o
    0x20000f70   0x00000009   Zero   RW          821    .bss                game2.o
    0x20000f79   0x00000003   PAD
    0x20000f7c   0x00000594   Zero   RW          854    .bss                game_snake.o
    0x20001510   0x00002000   Zero   RW          863    .bss                gamecontrol.o
    0x20003510   0x00000051   Zero   RW         1001    .bss                bma4.o
    0x20003561   0x00000003   PAD
    0x20003564   0x00000024   Zero   RW         1072    .bss                bma.o
    0x20003588   0x000000e4   Zero   RW         1157    .bss                c_w.l(rand.o)
    0x2000366c   0x00000060   Zero   RW         1330    .bss                c_w.l(libspace.o)
    0x200036cc   0x00000004   PAD
    0x200036d0   0x00000200   Zero   RW            7    HEAP                startup_stm32l1xx_md.o
    0x200038d0   0x00000400   Zero   RW            6    STACK               startup_stm32l1xx_md.o


==============================================================================

Image component sizes


      Code (inc. data)   RO Data    RW Data    ZI Data      Debug   Object Name

       334         30          0          0          0          0   adc.o
      1318        324          0         36          0          0   alarm.o
      1300        206          0         13          0          0   alarms.o
       248         32          0          0         12          0   animation.o
        62          6          0          0         12          0   appconfig.o
       532         66          0         13          0          0   beep.o
      1024        276          0         17         36          0   bma.o
      2354         18          0          0         81          0   bma4.o
      1090          4       6144          0          0          0   bma423.o
      1748        688          0         20          0          0   bma423_watch.o
       574         68          0         12         48          0   buttons.o
       996        100          0         12          0          0   calendar.o
       220         26          0          4          0          0   delay.o
       812         74          0         22          0          0   display.o
      1738         46          0          0          0          0   draw.o
      1200        168         17         20         16          0   game1.o
      1328        164         38         21          9          0   game2.o
      1188        210         76         44          0          0   game3.o
      1790        240          0          9       1428          0   game_snake.o
       616         44          0         20       8192          0   gamecontrol.o
       212         52          0          3          0          0   gamelife.o
       278        120          0          8          0          0   games.o
       964        180        735          2          0          0   gametitle.o
        28          0          0          0          0          0   global.o
       584         40          0          6       1424          0   gui_log_console.o
       854        154          0          0          0          0   i2c_soft.o
       264         48          0          2          0          0   led.o
       550        174          0          8          0          0   m_display.o
       450        218          0          8          0          0   m_main.o
       560        136         40          0          0          0   main.o
      1424        184          5         12         36          0   menu.o
       732        164          0         24          0          0   millis.o
       180         24          0          0          0          0   misc.o
       360        154          0          0          0          0   my_menu.o
      1342        408          0          1          0          0   nvic.o
       208         20          0          0       1024          0   oled.o
       720         24          0          0          0          0   oled_driver.o
      1586        178          0         72          0          0   pcf8563.o
       300        116          0          4          0          0   pwrmgr.o
         0          0       8442          0          0          0   resources.o
       580         56          0          0         10          0   rtc.o
       228        112          0          8          0          0   settings.o
       362        116          0          9          0          0   sleep.o
       406        114          0          8          0          0   sound.o
        64         26        244          0       1536          0   startup_stm32l1xx_md.o
       288         56          0          0         48          0   step_log.o
       518         14          0          0          0          0   stm32l1xx_adc.o
       184         16          0          0          0          0   stm32l1xx_exti.o
        96         18          0          0          0          0   stm32l1xx_flash.o
       228          0          0          0          0          0   stm32l1xx_gpio.o
        64         10          0          0          0          0   stm32l1xx_pwr.o
       728        120          0         25          0          0   stm32l1xx_rcc.o
        64          4          0          0          0          0   stm32l1xx_syscfg.o
       448         52          0          0          0          0   stm32l1xx_tim.o
       552         28          0          0          0          0   stm32l1xx_usart.o
       632         84          0         12          0          0   stopwatch.o
       376         30          0         29          0          0   system_stm32l1xx.o
       768        118         12         20          9          0   time.o
      1532        346          0         18          0          0   timedate.o
       220         40          0          8          0          0   torch.o
       184         44       1236         10          0          0   tune.o
      1478        150       4416         18        536          0   tunemaker.o
         0          0        176          0          0          0   tunes.o
       524         36          0          5        120          0   usart.o
      2144        240          0         27          0          0   watchface.o

    ----------------------------------------------------------------------
     44806       7014      21615        656      14584          0   Object Totals
         0          0         32          0          0          0   (incl. Generated)
        70          0          2         46          7          0   (incl. Padding)

    ----------------------------------------------------------------------

      Code (inc. data)   RO Data    RW Data    ZI Data      Debug   Library Member Name

        24          4          0          0          0          0   __2printf.o
        44          6          0          0          0          0   __2sprintf.o
        58          0          0          0          0          0   __dczerorl.o
         8          0          0          0          0          0   __main.o
       392          4         17          0          0          0   __printf_flags_ss_wp.o
        14          0          0          0          0          0   __printf_wp.o
         0          0          0          0          0          0   __rtentry.o
        12          0          0          0          0          0   __rtentry2.o
         6          0          0          0          0          0   __rtentry4.o
        52          8          0          0          0          0   __scatter.o
        28          0          0          0          0          0   __scatter_zi.o
        28          0          0          0          0          0   _chval.o
         6          0          0          0          0          0   _printf_a.o
         6          0          0          0          0          0   _printf_c.o
        44          0          0          0          0          0   _printf_char.o
        48          6          0          0          0          0   _printf_char_common.o
        36          4          0          0          0          0   _printf_char_file.o
        40          0          0          0          0          0   _printf_charcount.o
         6          0          0          0          0          0   _printf_d.o
       120         16          0          0          0          0   _printf_dec.o
         6          0          0          0          0          0   _printf_e.o
         6          0          0          0          0          0   _printf_f.o
      1050          0          0          0          0          0   _printf_fp_dec.o
       764         10         38          0          0          0   _printf_fp_hex.o
       128         16          0          0          0          0   _printf_fp_infnan.o
         6          0          0          0          0          0   _printf_g.o
       148          4         40          0          0          0   _printf_hex_int_ll_ptr.o
         6          0          0          0          0          0   _printf_i.o
       178          0          0          0          0          0   _printf_intcommon.o
        10          0          0          0          0          0   _printf_l.o
         6          0          0          0          0          0   _printf_lc.o
        10          0          0          0          0          0   _printf_ll.o
         6          0          0          0          0          0   _printf_lld.o
         6          0          0          0          0          0   _printf_lli.o
         6          0          0          0          0          0   _printf_llo.o
         6          0          0          0          0          0   _printf_llu.o
         6          0          0          0          0          0   _printf_llx.o
       124         16          0          0          0          0   _printf_longlong_dec.o
         6          0          0          0          0          0   _printf_ls.o
         6          0          0          0          0          0   _printf_n.o
         6          0          0          0          0          0   _printf_o.o
       112          8          0          0          0          0   _printf_oct_int_ll.o
         6          0          0          0          0          0   _printf_p.o
        78          0          0          0          0          0   _printf_pad.o
         0          0          0          0          0          0   _printf_percent.o
         4          0          0          0          0          0   _printf_percent_end.o
         6          0          0          0          0          0   _printf_s.o
        82          0          0          0          0          0   _printf_str.o
        36          0          0          0          0          0   _printf_truncate.o
         6          0          0          0          0          0   _printf_u.o
        44          0          0          0          0          0   _printf_wchar.o
       188          6          8          0          0          0   _printf_wctomb.o
         6          0          0          0          0          0   _printf_x.o
        22          0          0          0          0          0   _rserrno.o
        10          0          0          0          0          0   _sputc.o
       158          0          0          0          0          0   _strtoul.o
        64          0          0          0          0          0   _wcrtomb.o
        16          0          0          0          0          0   aeabi_memset.o
        26          0          0          0          0          0   atoi.o
       220          4        148          0          0          0   bigflt0.o
      1910        128          0          0          0          0   btod.o
        40          0          0          0          0          0   calloc.o
        10          0          0          0          0          0   defsig_exit.o
        50          0          0          0          0          0   defsig_general.o
        80         58          0          0          0          0   defsig_rtmem_inner.o
        14          0          0          0          0          0   defsig_rtmem_outer.o
        12          0          0          0          0          0   exit.o
         8          0          0          0          0          0   ferror.o
        94          0          0          0          0          0   h1_alloc.o
        52          0          0          0          0          0   h1_extend.o
        78          0          0          0          0          0   h1_free.o
        14          0          0          0          0          0   h1_init.o
         6          0          0          0          0          0   heapauxi.o
         4          0          0          0          0          0   hguard.o
         0          0          0          0          0          0   indicate_semi.o
       138          0          0          0          0          0   init_alloc.o
        44         10        272          0          0          0   lc_ctype_c.o
        44         10         28          0          0          0   lc_numeric_c.o
         2          0          0          0          0          0   libinit.o
        42          0          0          0          0          0   libinit2.o
         2          0          0          0          0          0   libshutdown.o
         2          0          0          0          0          0   libshutdown2.o
         8          4          0          0         96          0   libspace.o
       138          0          0          0          0          0   lludiv10.o
         0          0          0          0          0          0   maybetermalloc1.o
       112         18          0          0        228          0   rand.o
        16          4          0          0          0          0   rt_ctype_table.o
         8          4          0          0          0          0   rt_errno_addr_intlibspace.o
         8          4          0          0          0          0   rt_heap_descriptor_intlibspace.o
         8          4          0          0          0          0   rt_locale_intlibspace.o
        68          0          0          0          0          0   rt_memclr.o
        78          0          0          0          0          0   rt_memclr_w.o
       100          0          0          0          0          0   rt_memcpy_w.o
       122          0          0          0          0          0   rt_memmove_w.o
         2          0          0          0          0          0   rtexit.o
        10          0          0          0          0          0   rtexit2.o
        24          0          0          0          0          0   strcat.o
       128          0          0          0          0          0   strcmpv7m.o
        72          0          0          0          0          0   strcpy.o
        62          0          0          0          0          0   strlen.o
        86          0          0          0          0          0   strncpy.o
       112          0          0          0          0          0   strtol.o
        74          0          0          0          0          0   sys_stackheap_outer.o
        14          0          0          0          0          0   sys_wrch.o
         2          0          0          0          0          0   use_no_semi.o
        36          4          0          0          0          0   vsprintf.o
        98          4          0          0          0          0   d2f.o
       826         16          0          0          0          0   daddsub_clz.o
        16          4          0          0          0          0   dcheck1.o
        24          0          0          0          0          0   dcmpi.o
       688        140          0          0          0          0   ddiv.o
        94          4          0          0          0          0   dfix.o
        90          4          0          0          0          0   dfixu.o
        84          0          0          0          0          0   dflt_clz.o
       120          4          0          0          0          0   dleqf.o
       340         12          0          0          0          0   dmul.o
       156          4          0          0          0          0   dnaninf.o
        12          0          0          0          0          0   dretinf.o
       108          0          0          0          0          0   drleqf.o
        86          4          0          0          0          0   f2d.o
       430          8          0          0          0          0   faddsub_clz.o
        24          0          0          0          0          0   fcmpi.o
       388         76          0          0          0          0   fdiv.o
       104          4          0          0          0          0   feqf.o
        54          4          0          0          0          0   ffix.o
        62          4          0          0          0          0   ffixu.o
        86          0          0          0          0          0   fflt_clz.o
       104          4          0          0          0          0   fleqf.o
       258          4          0          0          0          0   fmul.o
       140          4          0          0          0          0   fnaninf.o
        10          0          0          0          0          0   fretinf.o
        98          0          0          0          0          0   frleqf.o
         4          0          0          0          0          0   printf1.o
         4          0          0          0          0          0   printf2.o
       100          0          0          0          0          0   retnan.o
        92          0          0          0          0          0   scalbn.o
        48          0          0          0          0          0   trapv.o
         0          0          0          0          0          0   usenofp.o
       252         22         48          0          0          0   cos_i.o
        34          6          0          0          0          0   dunder.o
        40          0          0          0          0          0   fpclassify.o
       170          0          0          0          0          0   poly.o
       904         76        200          0          0          0   rred.o
       160         10          0          0          0          0   sin.o
       236         12         40          0          0          0   sin_i.o

    ----------------------------------------------------------------------
     15066        790        841          0        328          0   Library Totals
        42          0          2          0          4          0   (incl. Padding)

    ----------------------------------------------------------------------

      Code (inc. data)   RO Data    RW Data    ZI Data      Debug   Library Name

      8480        360        551          0        324          0   c_w.l
      4748        304          0          0          0          0   fz_ws.l
      1796        126        288          0          0          0   m_ws.l

    ----------------------------------------------------------------------
     15066        790        841          0        328          0   Library Totals

    ----------------------------------------------------------------------

==============================================================================


      Code (inc. data)   RO Data    RW Data    ZI Data      Debug   

     59872       7804      22456        656      14912          0   Grand Totals
     59872       7804      22456        116      14912          0   ELF Image Totals (compressed)
     59872       7804      22456        116          0          0   ROM Totals

==============================================================================

    Total RO  Size (Code + RO Data)                82328 (  80.40kB)
    Total RW  Size (RW Data + ZI Data)             15568 (  15.20kB)
    Total ROM Size (Code + RO Data + RW Data)      82444 (  80.51kB)

==============================================================================

