<html>
<body>
<pre>
<h1>礦ision Build Log</h1>
<h2>Tool Versions:</h2>
IDE-Version: μVision V5.14.0.0
Copyright (C) 2015 ARM Ltd and ARM Germany GmbH. All rights reserved.
License Information: lt lt, lt, LIC=LJWP0-BTUQH-QI35M-XAIMB-L32TG-71M79
 
Tool Versions:
Toolchain:       MDK-ARM Professional  Version: 5.14.0.0
Toolchain Path:  D:\Keil_v5\ARM\ARMCC\Bin
C Compiler:      Armcc.exe V5.05 update 1 (build 106)
Assembler:       Armasm.exe V5.05 update 1 (build 106)
Linker/Locator:  ArmLink.exe V5.05 update 1 (build 106)
Library Manager: ArmAr.exe V5.05 update 1 (build 106)
Hex Converter:   FromElf.exe V5.05 update 1 (build 106)
CPU DLL:         SARMCM3.DLL V5.14.0.0
Dialog DLL:      DCM.DLL V1.13.1.0
Target DLL:      STLink\ST-LINKIII-KEIL_SWO.dll V2.0.14.0_KEIL
Dialog DLL:      TCM.DLL V1.14.4.0
 
<h2>Project:</h2>
C:\Users\lt\Desktop\GoWatch-v1\MDK-ARM\GOWATCH.uvprojx
Project File Date:  06/09/2025

<h2>Output:</h2>
Build target 'GOWATCH'
compiling core_cm3.c...
assembling startup_stm32f10x_md.s...
compiling system_stm32f10x.c...
compiling stm32f10x_gpio.c...
compiling stm32f10x_rcc.c...
compiling stm32f10x_usart.c...
compiling misc.c...
compiling stm32f10x_tim.c...
compiling stm32f10x_spi.c...
compiling stm32f10x_adc.c...
compiling stm32f10x_dma.c...
compiling stm32f10x_pwr.c...
compiling stm32f10x_exti.c...
compiling stm32f10x_rtc.c...
compiling stm32f10x_bkp.c...
compiling stm32f10x_flash.c...
compiling beep.c...
compiling i2c_soft.c...
compiling adc.c...
compiling ds3231.c...
..\HARDWARE\ds3231\ds3231.c(169): warning:  #188-D: enumerated type mixed with another type
      timeDate.date.day = 5;
..\HARDWARE\ds3231\ds3231.c(170): warning:  #188-D: enumerated type mixed with another type
      timeDate.date.month = 2;
..\HARDWARE\ds3231\ds3231.c(182): warning:  #188-D: enumerated type mixed with another type
      timeDate.date.month = BCD2HEX(calendar.w_month);
..\HARDWARE\ds3231\ds3231.c(195): warning:  #188-D: enumerated type mixed with another type
      timeDate.date.day = BCD2HEX(calendar.week);
..\HARDWARE\ds3231\ds3231.c(356): warning:  #223-D: function "nvic_wake_up" declared implicitly
              nvic_wake_up(9);
..\HARDWARE\ds3231\ds3231.c: 5 warnings, 0 errors
compiling bme280.c...
compiling oled.c...
compiling oled_driver.c...
compiling stmflash.c...
compiling mpu_task.c...
compiling mpu6050.c...
..\HARDWARE\mpu\mpu6050.c(547): warning:  #223-D: function "sqrt" declared implicitly
          float acc_magnitude = sqrt(ax*ax + ay*ay + az*az);
..\HARDWARE\mpu\mpu6050.c(711): warning:  #1-D: last line of file ends without a newline
  }
..\HARDWARE\mpu\mpu6050.c: 2 warnings, 0 errors
compiling inv_mpu.c...
compiling inv_mpu_dmp_motion_driver.c...
compiling delay.c...
compiling sys.c...
compiling usart.c...
compiling nvic.c...
compiling main.c...
compiling alarm.c...
..\APP\alarm.c(208): warning:  #223-D: function "DS3231_Set_alarm1" declared implicitly
      DS3231_Set_alarm1(); // 存入ds3231闹钟1中
..\APP\alarm.c: 1 warning, 0 errors
compiling alarms.c...
compiling animation.c...
compiling appconfig.c...
compiling buttons.c...
..\APP\buttons.c(27): warning:  #177-D: variable "lastPressedTime" was declared but never referenced
  static millis_t lastPressedTime;
..\APP\buttons.c: 1 warning, 0 errors
compiling diag.c...
compiling display.c...
..\APP\display.c(87): warning:  #550-D: variable "fpsms" was set but never used
      static byte fpsMs, fpsms;  // 刷新屏幕的间隔时间
..\APP\display.c: 1 warning, 0 errors
compiling draw.c...
..\APP\draw.c(50): warning:  #186-D: pointless comparison of unsigned integer with zero
      if (startX < 0)
..\APP\draw.c: 1 warning, 0 errors
compiling global.c...
compiling m_display.c...
compiling m_main.c...
compiling menu.c...
compiling millis.c...
compiling normal.c...
compiling resources.c...
compiling settings.c...
compiling sleep.c...
compiling sound.c...
compiling stopwatch.c...
compiling time.c...
..\APP\time.c(324): warning:  #177-D: function "getRtcTime" was declared but never referenced
  static void getRtcTime()
..\APP\time.c: 1 warning, 0 errors
compiling timedate.c...
compiling torch.c...
compiling tune.c...
compiling tunemaker.c...
compiling tunes.c...
compiling ui.c...
compiling pwrmgr.c...
..\APP\pwrmgr.c(189): warning:  #177-D: function "batteryCutoff" was declared but never referenced
  static void batteryCutoff()
..\APP\pwrmgr.c: 1 warning, 0 errors
compiling rtc.c...
..\APP\rtc.c(408): warning:  #188-D: enumerated type mixed with another type
      timeDate.date.month = calendar_rtc.w_month - 1;  // 1-12 -> 0-11
..\APP\rtc.c(415): warning:  #188-D: enumerated type mixed with another type
      timeDate.date.day = calendar_rtc.week; // 0-6
..\APP\rtc.c: 2 warnings, 0 errors
compiling calendar.c...
..\APP\calendar.c(166): warning:  #167-D: argument of type "unsigned char *" is incompatible with parameter of type "char *"
          draw_string_min(temp, false, x, 0);
..\APP\calendar.c(224): warning:  #167-D: argument of type "unsigned char *" is incompatible with parameter of type "char *"
              draw_string_min(temp, isInvert, x, y);
..\APP\calendar.c: 2 warnings, 0 errors
compiling gui_log_console.c...
compiling my_menu.c...
..\APP\my_menu.c(97): warning:  #167-D: argument of type "_Bool (*)(void)" is incompatible with parameter of type "menu_f"
          exitMeThenRun(my_menu_open);
..\APP\my_menu.c: 1 warning, 0 errors
compiling altitude_display.c...
..\APP\altitude_display.c(52): warning:  #167-D: argument of type "_Bool (*)(void)" is incompatible with parameter of type "menu_f"
          exitMeThenRun(altitude_open);
..\APP\altitude_display.c: 1 warning, 0 errors
compiling games.c...
compiling game1.c...
compiling game2.c...
compiling game3.c...
compiling game_snake.c...
compiling gamecontrol.c...
compiling gamelife.c...
compiling gametitle.c...
..\APP\games\gamelife\gametitle.c(187): warning:  #177-D: function "draw_beehive" was declared but never referenced
  static void draw_beehive(int16_t x0, int16_t y0) //蜂窝 3x4
..\APP\games\gamelife\gametitle.c(196): warning:  #177-D: function "draw_block" was declared but never referenced
  static void draw_block(int16_t x0, int16_t y0) //小区 2x2
..\APP\games\gamelife\gametitle.c(202): warning:  #177-D: function "draw_boat" was declared but never referenced
  static void draw_boat(int16_t x0, int16_t y0) //小船 3x3
..\APP\games\gamelife\gametitle.c: 3 warnings, 0 errors
linking...
Program Size: Code=59540 RO-data=19044 RW-data=568 ZI-data=16136  
FromELF: creating hex file...
".\Objects\GOWATCH.axf" - 0 Error(s), 22 Warning(s).

<h2>Collection of Component include folders:</h2>
  C:\Users\lt\Desktop\GoWatch-v1\MDK-ARM\RTE
  D:\Keil_v5\ARM\PACK\Keil\STM32F1xx_DFP\1.0.5\Device\Include

<h2>Collection of Component Files used:</h2>
</pre>
</body>
</html>
