Component: ARM Compiler 5.05 update 1 (build 106) Tool: armlink [4d0efa]

==============================================================================

Section Cross References

    startup_stm32f10x_md.o(RESET) refers to startup_stm32f10x_md.o(STACK) for __initial_sp
    startup_stm32f10x_md.o(RESET) refers to startup_stm32f10x_md.o(.text) for Reset_Handler
    startup_stm32f10x_md.o(RESET) refers to stm32f10x_it.o(.text) for NMI_Handler
    startup_stm32f10x_md.o(RESET) refers to nvic.o(.text) for EXTI4_IRQHandler
    startup_stm32f10x_md.o(RESET) refers to millis.o(.text) for TIM3_IRQHandler
    startup_stm32f10x_md.o(RESET) refers to usart.o(.text) for USART1_IRQHandler
    startup_stm32f10x_md.o(.text) refers to system_stm32f10x.o(.text) for SystemInit
    startup_stm32f10x_md.o(.text) refers to entry.o(.ARM.Collect$$$$00000000) for __main
    stm32f10x_gpio.o(.text) refers to stm32f10x_rcc.o(.text) for RCC_APB2PeriphResetCmd
    stm32f10x_rcc.o(.text) refers to stm32f10x_rcc.o(.data) for .data
    stm32f10x_usart.o(.text) refers to stm32f10x_rcc.o(.text) for RCC_APB2PeriphResetCmd
    stm32f10x_tim.o(.text) refers to stm32f10x_rcc.o(.text) for RCC_APB1PeriphResetCmd
    stm32f10x_spi.o(.text) refers to stm32f10x_rcc.o(.text) for RCC_APB2PeriphResetCmd
    stm32f10x_adc.o(.text) refers to stm32f10x_rcc.o(.text) for RCC_APB2PeriphResetCmd
    stm32f10x_pwr.o(.text) refers to stm32f10x_rcc.o(.text) for RCC_APB1PeriphResetCmd
    stm32f10x_bkp.o(.text) refers to stm32f10x_rcc.o(.text) for RCC_BackupResetCmd
    main.o(.text) refers to stm32f10x_rcc.o(.text) for RCC_APB2PeriphClockCmd
    main.o(.text) refers to stm32f10x_gpio.o(.text) for GPIO_Init
    main.o(.text) refers to memcpya.o(.text) for __aeabi_memcpy4
    main.o(.text) refers to draw.o(.text) for draw_bitmap
    main.o(.text) refers to oled.o(.text) for OLED_Flush
    main.o(.text) refers to delay.o(.text) for delay_ms
    main.o(.text) refers to misc.o(.text) for NVIC_PriorityGroupConfig
    main.o(.text) refers to usart.o(.text) for uart_init
    main.o(.text) refers to adc.o(.text) for Adc_Init
    main.o(.text) refers to nvic.o(.text) for KEY_INT_INIT
    main.o(.text) refers to millis.o(.text) for millis_init
    main.o(.text) refers to appconfig.o(.text) for appconfig_init
    main.o(.text) refers to i2c_soft.o(.text) for I2C_GPIO_Config
    main.o(.text) refers to rtc.o(.text) for RTC_Init
    main.o(.text) refers to gui_log_console.o(.text) for console_log
    main.o(.text) refers to alarm.o(.text) for alarm_init
    main.o(.text) refers to beep.o(.text) for buzzer_init
    main.o(.text) refers to buttons.o(.text) for buttons_init
    main.o(.text) refers to pwrmgr.o(.text) for pwrmgr_init
    main.o(.text) refers to display.o(.text) for display_set
    main.o(.text) refers to time.o(.text) for time_update
    main.o(.text) refers to stopwatch.o(.text) for stopwatch_update
    main.o(.text) refers to printfa.o(i.__0printf) for __2printf
    main.o(.text) refers to main.o(.constdata) for .constdata
    main.o(.text) refers to millis.o(.data) for milliseconds
    main.o(.text) refers to watchface.o(.text) for watchface_normal
    main.o(.text) refers to pwrmgr.o(.data) for SleepRequested
    main.o(.constdata) refers to resources.o(.constdata) for space_image1
    main.o(.constdata) refers to resources.o(.constdata) for space_image2
    main.o(.constdata) refers to resources.o(.constdata) for space_image3
    main.o(.constdata) refers to resources.o(.constdata) for space_image4
    main.o(.constdata) refers to resources.o(.constdata) for space_image5
    main.o(.constdata) refers to resources.o(.constdata) for space_image6
    main.o(.constdata) refers to resources.o(.constdata) for space_image7
    main.o(.constdata) refers to resources.o(.constdata) for space_image8
    main.o(.constdata) refers to resources.o(.constdata) for space_image9
    main.o(.constdata) refers to resources.o(.constdata) for space_image10
    system_stm32f10x.o(.text) refers to system_stm32f10x.o(.data) for .data
    beep.o(.text) refers to stm32f10x_rcc.o(.text) for RCC_APB1PeriphClockCmd
    beep.o(.text) refers to stm32f10x_gpio.o(.text) for GPIO_PinRemapConfig
    beep.o(.text) refers to stm32f10x_tim.o(.text) for TIM_TimeBaseInit
    beep.o(.text) refers to millis.o(.text) for millis_get
    beep.o(.text) refers to beep.o(.data) for .data
    beep.o(.text) refers to appconfig.o(.bss) for appConfig
    i2c_soft.o(.text) refers to stm32f10x_rcc.o(.text) for RCC_APB2PeriphClockCmd
    i2c_soft.o(.text) refers to stm32f10x_gpio.o(.text) for GPIO_Init
    i2c_soft.o(.text) refers to delay.o(.text) for delay_us
    adc.o(.text) refers to stm32f10x_rcc.o(.text) for RCC_APB2PeriphClockCmd
    adc.o(.text) refers to stm32f10x_gpio.o(.text) for GPIO_Init
    adc.o(.text) refers to stm32f10x_adc.o(.text) for ADC_DeInit
    adc.o(.text) refers to delay.o(.text) for delay_us
    ds3231.o(.text) refers to i2c_soft.o(.text) for I2C_Start
[...]
    TIM_OC1FastConfig                        0x080012a9   Thumb Code    12  stm32f10x_tim.o(.text)
    TIM_OC2FastConfig                        0x080012b5   Thumb Code    20  stm32f10x_tim.o(.text)
    TIM_OC3FastConfig                        0x080012c9   Thumb Code    12  stm32f10x_tim.o(.text)
    TIM_OC4FastConfig                        0x080012d5   Thumb Code    20  stm32f10x_tim.o(.text)
    TIM_ClearOC1Ref                          0x080012e9   Thumb Code    12  stm32f10x_tim.o(.text)
    TIM_ClearOC2Ref                          0x080012f5   Thumb Code    20  stm32f10x_tim.o(.text)
    TIM_ClearOC3Ref                          0x08001309   Thumb Code    12  stm32f10x_tim.o(.text)
    TIM_ClearOC4Ref                          0x08001315   Thumb Code    20  stm32f10x_tim.o(.text)
    TIM_OC1PolarityConfig                    0x08001329   Thumb Code    12  stm32f10x_tim.o(.text)
    TIM_OC1NPolarityConfig                   0x08001335   Thumb Code    12  stm32f10x_tim.o(.text)
    TIM_OC2PolarityConfig                    0x08001341   Thumb Code    20  stm32f10x_tim.o(.text)
    TIM_OC2NPolarityConfig                   0x08001355   Thumb Code    20  stm32f10x_tim.o(.text)
    TIM_OC3PolarityConfig                    0x08001369   Thumb Code    20  stm32f10x_tim.o(.text)
    TIM_OC3NPolarityConfig                   0x0800137d   Thumb Code    20  stm32f10x_tim.o(.text)
    TIM_OC4PolarityConfig                    0x08001391   Thumb Code    20  stm32f10x_tim.o(.text)
    TIM_CCxCmd                               0x080013a5   Thumb Code    22  stm32f10x_tim.o(.text)
    TIM_CCxNCmd                              0x080013bb   Thumb Code    22  stm32f10x_tim.o(.text)
    TIM_SelectOCxM                           0x080013d1   Thumb Code    70  stm32f10x_tim.o(.text)
    TIM_UpdateDisableConfig                  0x08001417   Thumb Code    20  stm32f10x_tim.o(.text)
    TIM_UpdateRequestConfig                  0x0800142b   Thumb Code    20  stm32f10x_tim.o(.text)
    TIM_SelectHallSensor                     0x0800143f   Thumb Code    20  stm32f10x_tim.o(.text)
    TIM_SelectOnePulseMode                   0x08001453   Thumb Code    16  stm32f10x_tim.o(.text)
    TIM_SelectOutputTrigger                  0x08001463   Thumb Code    16  stm32f10x_tim.o(.text)
    TIM_SelectSlaveMode                      0x08001473   Thumb Code    16  stm32f10x_tim.o(.text)
    TIM_SelectMasterSlaveMode                0x08001483   Thumb Code    16  stm32f10x_tim.o(.text)
    TIM_SetCounter                           0x08001493   Thumb Code     4  stm32f10x_tim.o(.text)
    TIM_SetAutoreload                        0x08001497   Thumb Code     4  stm32f10x_tim.o(.text)
    TIM_SetCompare1                          0x0800149b   Thumb Code     4  stm32f10x_tim.o(.text)
    TIM_SetCompare2                          0x0800149f   Thumb Code     4  stm32f10x_tim.o(.text)
    TIM_SetCompare3                          0x080014a3   Thumb Code     4  stm32f10x_tim.o(.text)
    TIM_SetCompare4                          0x080014a7   Thumb Code     6  stm32f10x_tim.o(.text)
    TIM_SetClockDivision                     0x080014ad   Thumb Code    16  stm32f10x_tim.o(.text)
    TIM_GetCapture1                          0x080014bd   Thumb Code     4  stm32f10x_tim.o(.text)
    TIM_GetCapture2                          0x080014c1   Thumb Code     4  stm32f10x_tim.o(.text)
    TIM_GetCapture3                          0x080014c5   Thumb Code     4  stm32f10x_tim.o(.text)
    TIM_GetCapture4                          0x080014c9   Thumb Code     6  stm32f10x_tim.o(.text)
    TIM_GetCounter                           0x080014cf   Thumb Code     4  stm32f10x_tim.o(.text)
    TIM_GetPrescaler                         0x080014d3   Thumb Code     4  stm32f10x_tim.o(.text)
    TIM_GetFlagStatus                        0x080014d7   Thumb Code    14  stm32f10x_tim.o(.text)
    TIM_ClearFlag                            0x080014e5   Thumb Code     6  stm32f10x_tim.o(.text)
    TIM_GetITStatus                          0x080014eb   Thumb Code    24  stm32f10x_tim.o(.text)
    TIM_ClearITPendingBit                    0x08001503   Thumb Code     6  stm32f10x_tim.o(.text)
    ADC_DeInit                               0x08001509   Thumb Code    56  stm32f10x_adc.o(.text)
    ADC_Init                                 0x08001541   Thumb Code    62  stm32f10x_adc.o(.text)
    ADC_StructInit                           0x0800157f   Thumb Code    18  stm32f10x_adc.o(.text)
    ADC_Cmd                                  0x08001591   Thumb Code    20  stm32f10x_adc.o(.text)
    ADC_DMACmd                               0x080015a5   Thumb Code    20  stm32f10x_adc.o(.text)
    ADC_ITConfig                             0x080015b9   Thumb Code    18  stm32f10x_adc.o(.text)
    ADC_ResetCalibration                     0x080015cb   Thumb Code    10  stm32f10x_adc.o(.text)
    ADC_GetResetCalibrationStatus            0x080015d5   Thumb Code    14  stm32f10x_adc.o(.text)
    ADC_StartCalibration                     0x080015e3   Thumb Code    10  stm32f10x_adc.o(.text)
    ADC_GetCalibrationStatus                 0x080015ed   Thumb Code    14  stm32f10x_adc.o(.text)
    ADC_SoftwareStartConvCmd                 0x080015fb   Thumb Code    20  stm32f10x_adc.o(.text)
    ADC_GetSoftwareStartConvStatus           0x0800160f   Thumb Code    14  stm32f10x_adc.o(.text)
    ADC_DiscModeChannelCountConfig           0x0800161d   Thumb Code    16  stm32f10x_adc.o(.text)
    ADC_DiscModeCmd                          0x0800162d   Thumb Code    20  stm32f10x_adc.o(.text)
    ADC_RegularChannelConfig                 0x08001641   Thumb Code   116  stm32f10x_adc.o(.text)
    ADC_ExternalTrigConvCmd                  0x080016b5   Thumb Code    20  stm32f10x_adc.o(.text)
    ADC_GetConversionValue                   0x080016c9   Thumb Code     6  stm32f10x_adc.o(.text)
    ADC_GetDualModeConversionValue           0x080016cf   Thumb Code     8  stm32f10x_adc.o(.text)
    ADC_AutoInjectedConvCmd                  0x080016d7   Thumb Code    20  stm32f10x_adc.o(.text)
    ADC_InjectedDiscModeCmd                  0x080016eb   Thumb Code    20  stm32f10x_adc.o(.text)
    ADC_ExternalTrigInjectedConvConfig       0x080016ff   Thumb Code    12  stm32f10x_adc.o(.text)
    ADC_ExternalTrigInjectedConvCmd          0x0800170b   Thumb Code    20  stm32f10x_adc.o(.text)
    ADC_SoftwareStartInjectedConvCmd         0x0800171f   Thumb Code    20  stm32f10x_adc.o(.text)
    ADC_GetSoftwareStartInjectedConvCmdStatus 0x08001733   Thumb Code    14  stm32f10x_adc.o(.text)
    ADC_InjectedChannelConfig                0x08001741   Thumb Code    74  stm32f10x_adc.o(.text)
    ADC_InjectedSequencerLengthConfig        0x0800178b   Thumb Code    16  stm32f10x_adc.o(.text)
    ADC_SetInjectedOffset                    0x0800179b   Thumb Code    10  stm32f10x_adc.o(.text)
    ADC_GetInjectedConversionValue           0x080017a5   Thumb Code    14  stm32f10x_adc.o(.text)
    ADC_AnalogWatchdogCmd                    0x080017b3   Thumb Code    12  stm32f10x_adc.o(.text)
    ADC_AnalogWatchdogThresholdsConfig       0x080017bf   Thumb Code     6  stm32f10x_adc.o(.text)
    ADC_AnalogWatchdogSingleChannelConfig    0x080017c5   Thumb Code    12  stm32f10x_adc.o(.text)
    ADC_TempSensorVrefintCmd                 0x080017d1   Thumb Code    24  stm32f10x_adc.o(.text)
    ADC_GetFlagStatus                        0x080017e9   Thumb Code    14  stm32f10x_adc.o(.text)
    ADC_ClearFlag                            0x080017f7   Thumb Code     6  stm32f10x_adc.o(.text)
    ADC_GetITStatus                          0x080017fd   Thumb Code    28  stm32f10x_adc.o(.text)
    ADC_ClearITPendingBit                    0x08001819   Thumb Code     8  stm32f10x_adc.o(.text)
    PWR_DeInit                               0x08001839   Thumb Code    24  stm32f10x_pwr.o(.text)
    PWR_BackupAccessCmd                      0x08001851   Thumb Code     6  stm32f10x_pwr.o(.text)
    PWR_PVDCmd                               0x08001857   Thumb Code     6  stm32f10x_pwr.o(.text)
    PWR_PVDLevelConfig                       0x0800185d   Thumb Code    14  stm32f10x_pwr.o(.text)
    PWR_WakeUpPinCmd                         0x0800186b   Thumb Code     8  stm32f10x_pwr.o(.text)
    PWR_EnterSTOPMode                        0x08001873   Thumb Code    42  stm32f10x_pwr.o(.text)
    PWR_EnterSTANDBYMode                     0x0800189d   Thumb Code    32  stm32f10x_pwr.o(.text)
    PWR_GetFlagStatus                        0x080018bd   Thumb Code    16  stm32f10x_pwr.o(.text)
    PWR_ClearFlag                            0x080018cd   Thumb Code    12  stm32f10x_pwr.o(.text)
    EXTI_DeInit                              0x080018e5   Thumb Code    28  stm32f10x_exti.o(.text)
    EXTI_Init                                0x08001901   Thumb Code   108  stm32f10x_exti.o(.text)
    EXTI_StructInit                          0x0800196d   Thumb Code    14  stm32f10x_exti.o(.text)
    EXTI_GenerateSWInterrupt                 0x0800197b   Thumb Code    12  stm32f10x_exti.o(.text)
    EXTI_GetFlagStatus                       0x08001987   Thumb Code    18  stm32f10x_exti.o(.text)
    EXTI_ClearFlag                           0x08001999   Thumb Code     8  stm32f10x_exti.o(.text)
    EXTI_GetITStatus                         0x080019a1   Thumb Code    28  stm32f10x_exti.o(.text)
    EXTI_ClearITPendingBit                   0x080019bd   Thumb Code     8  stm32f10x_exti.o(.text)
    power_pin_init                           0x080019cd   Thumb Code    46  main.o(.text)
    showSpace                                0x080019fb   Thumb Code    98  main.o(.text)
    c_setup                                  0x08001a5d   Thumb Code   120  main.o(.text)
    c_loop                                   0x08001ad5   Thumb Code    66  main.o(.text)
    c_setup2                                 0x08001b17   Thumb Code    82  main.o(.text)
    main                                     0x08001b69   Thumb Code    10  main.o(.text)
    NMI_Handler                              0x08001ba9   Thumb Code     2  stm32f10x_it.o(.text)
    HardFault_Handler                        0x08001bab   Thumb Code     2  stm32f10x_it.o(.text)
    MemManage_Handler                        0x08001bad   Thumb Code     2  stm32f10x_it.o(.text)
    BusFault_Handler                         0x08001baf   Thumb Code     2  stm32f10x_it.o(.text)
    UsageFault_Handler                       0x08001bb1   Thumb Code     2  stm32f10x_it.o(.text)
    SVC_Handler                              0x08001bb3   Thumb Code     2  stm32f10x_it.o(.text)
    DebugMon_Handler                         0x08001bb5   Thumb Code     2  stm32f10x_it.o(.text)
    PendSV_Handler                           0x08001bb7   Thumb Code     2  stm32f10x_it.o(.text)
    SysTick_Handler                          0x08001bb9   Thumb Code     2  stm32f10x_it.o(.text)
    SystemInit                               0x08001c5d   Thumb Code    64  system_stm32f10x.o(.text)
    SystemCoreClockUpdate                    0x08001c9d   Thumb Code    86  system_stm32f10x.o(.text)
    TIM_PWM_Init_Init                        0x08001d15   Thumb Code   156  beep.o(.text)
    buzzer_init                              0x08001db1   Thumb Code     8  beep.o(.text)
    buzzer_buzz                              0x08001de9   Thumb Code   174  beep.o(.text)
    buzzer_buzzing                           0x08001e97   Thumb Code    12  beep.o(.text)
    buzzer_update                            0x08001ea3   Thumb Code    42  beep.o(.text)
    I2C_GPIO_Config                          0x08001ee1   Thumb Code    52  i2c_soft.o(.text)
    I2C_SDA_IN                               0x08001f15   Thumb Code    24  i2c_soft.o(.text)
    I2C_SDA_OUT                              0x08001f2d   Thumb Code    30  i2c_soft.o(.text)
    I2C_Start                                0x08001f4b   Thumb Code    72  i2c_soft.o(.text)
    I2C_Stop                                 0x08001f93   Thumb Code    56  i2c_soft.o(.text)
    I2C_Ack                                  0x08001fcb   Thumb Code    50  i2c_soft.o(.text)
    I2C_NoAck                                0x08001ffd   Thumb Code    56  i2c_soft.o(.text)
    I2C_WaitAck                              0x08002035   Thumb Code    80  i2c_soft.o(.text)
    MPU_I2C_WaitAck                          0x08002085   Thumb Code    74  i2c_soft.o(.text)
    I2C_SendByte                             0x080020cf   Thumb Code    94  i2c_soft.o(.text)
    I2C_ReceiveByte                          0x0800212d   Thumb Code    88  i2c_soft.o(.text)
    Single_Write                             0x08002185   Thumb Code    74  i2c_soft.o(.text)
    Single_Read                              0x080021cf   Thumb Code    82  i2c_soft.o(.text)
    Adc_Init                                 0x08002229   Thumb Code   132  adc.o(.text)
    Get_Adc                                  0x080022ad   Thumb Code    46  adc.o(.text)
    Get_Adc_Average                          0x080022db   Thumb Code   106  adc.o(.text)
    OLED_Init                                0x0800234d   Thumb Code    38  oled.o(.text)
    OLED_Clear                               0x08002373   Thumb Code     2  oled.o(.text)
    OLED_Flush                               0x08002375   Thumb Code    72  oled.o(.text)
    OLED_ClearScreenBuffer                   0x080023bd   Thumb Code    10  oled.o(.text)
    SW_IIC_Configuration                     0x080023d1   Thumb Code    58  oled_driver.o(.text)
    IIC_Start                                0x0800240b   Thumb Code    46  oled_driver.o(.text)
    IIC_Stop                                 0x08002439   Thumb Code    38  oled_driver.o(.text)
    IIC_Wait_Ack                             0x0800245f   Thumb Code    28  oled_driver.o(.text)
    Write_IIC_Byte                           0x0800247b   Thumb Code    80  oled_driver.o(.text)
    WriteCmd                                 0x080024cb   Thumb Code    44  oled_driver.o(.text)
    WriteDat                                 0x080024f7   Thumb Code    44  oled_driver.o(.text)
    OLED_FILL                                0x08002523   Thumb Code    56  oled_driver.o(.text)
    OLED_CLS                                 0x0800255b   Thumb Code    52  oled_driver.o(.text)
    OLED_InitIt                              0x0800258f   Thumb Code   176  oled_driver.o(.text)
    OLED_ON                                  0x0800263f   Thumb Code    22  oled_driver.o(.text)
    OLED_OFF                                 0x08002655   Thumb Code    22  oled_driver.o(.text)
    OLED_DriverInit                          0x0800266b   Thumb Code    12  oled_driver.o(.text)
    PCF8563_Init                             0x0800267d   Thumb Code     8  pcf8563.o(.text)
    PCF8563_ZeroClock                        0x08002685   Thumb Code   184  pcf8563.o(.text)
    PCF8563_ClearStatus                      0x0800273d   Thumb Code    54  pcf8563.o(.text)
    PCF8563_GetStatus2                       0x08002773   Thumb Code     6  pcf8563.o(.text)
    PCF8563_GetDateTime                      0x08002779   Thumb Code   346  pcf8563.o(.text)
    PCF8563_ReadStatus2                      0x080028d3   Thumb Code    12  pcf8563.o(.text)
    PCF8563_GetSecond                        0x080028df   Thumb Code     6  pcf8563.o(.text)
    PCF8563_GetMinute                        0x080028e5   Thumb Code     6  pcf8563.o(.text)
    PCF8563_GetHour                          0x080028eb   Thumb Code     6  pcf8563.o(.text)
    PCF8563_GetYear                          0x080028f1   Thumb Code     6  pcf8563.o(.text)
    PCF8563_GetCentury                       0x080028f7   Thumb Code     6  pcf8563.o(.text)
    PCF8563_GetMonth                         0x080028fd   Thumb Code     6  pcf8563.o(.text)
    PCF8563_GetWeekday                       0x08002903   Thumb Code     6  pcf8563.o(.text)
    PCF8563_GetDay                           0x08002909   Thumb Code     6  pcf8563.o(.text)
    PCF8563_SetDateTime                      0x0800290f   Thumb Code   168  pcf8563.o(.text)
    PCF8563_ClearVoltLow                     0x080029b7   Thumb Code    38  pcf8563.o(.text)
    PCF8563_GetVoltLow                       0x080029dd   Thumb Code     6  pcf8563.o(.text)
    PCF8563_GetStatus1                       0x080029e3   Thumb Code     6  pcf8563.o(.text)
    PCF8563_GetAlarmMinute                   0x080029e9   Thumb Code     6  pcf8563.o(.text)
    PCF8563_GetAlarmHour                     0x080029ef   Thumb Code     6  pcf8563.o(.text)
    PCF8563_GetAlarmDay                      0x080029f5   Thumb Code     6  pcf8563.o(.text)
    PCF8563_GetAlarmWeekday                  0x080029fb   Thumb Code     6  pcf8563.o(.text)
    PCF8563_GetTimerControl                  0x08002a01   Thumb Code     6  pcf8563.o(.text)
    PCF8563_GetTimerValue                    0x08002a07   Thumb Code     6  pcf8563.o(.text)
    PCF8563_LeapDaysBetween                  0x08002a0d   Thumb Code    74  pcf8563.o(.text)
    PCF8563_IsLeapYear                       0x08002a57   Thumb Code    60  pcf8563.o(.text)
    PCF8563_DaysInMonth                      0x08002a93   Thumb Code    48  pcf8563.o(.text)
    PCF8563_DaysInYear                       0x08002ac3   Thumb Code    62  pcf8563.o(.text)
    PCF8563_WhatWeekday                      0x08002b01   Thumb Code    84  pcf8563.o(.text)
    PCF8563_GetAlarm                         0x08002b55   Thumb Code     2  pcf8563.o(.text)
    PCF8563_AlarmEnabled                     0x08002b57   Thumb Code    12  pcf8563.o(.text)
    PCF8563_AlarmActive                      0x08002b63   Thumb Code    12  pcf8563.o(.text)
    PCF8563_EnableAlarm                      0x08002b6f   Thumb Code    64  pcf8563.o(.text)
    PCF8563_SetAlarm                         0x08002baf   Thumb Code   204  pcf8563.o(.text)
    PCF8563_ClearAlarm                       0x08002c7b   Thumb Code    60  pcf8563.o(.text)
    PCF8563_ResetAlarm                       0x08002cb7   Thumb Code    60  pcf8563.o(.text)
    PCF8563_TimerEnabled                     0x08002cf3   Thumb Code    24  pcf8563.o(.text)
    PCF8563_TimerActive                      0x08002d0b   Thumb Code    12  pcf8563.o(.text)
    PCF8563_EnableTimer                      0x08002d17   Thumb Code   110  pcf8563.o(.text)
    PCF8563_SetTimer                         0x08002d85   Thumb Code   132  pcf8563.o(.text)
    PCF8563_ClearTimer                       0x08002e09   Thumb Code   106  pcf8563.o(.text)
    PCF8563_ResetTimer                       0x08002e73   Thumb Code    74  pcf8563.o(.text)
    PCF8563_SetSquareWave                    0x08002ebd   Thumb Code    46  pcf8563.o(.text)
    PCF8563_ClearSquareWave                  0x08002eeb   Thumb Code     4  pcf8563.o(.text)
    PCF8563_FormatTime                       0x08002eef   Thumb Code    38  pcf8563.o(.text)
    PCF8563_FormatDate                       0x08002f15   Thumb Code    52  pcf8563.o(.text)
    PCF8563_GetTimestamp                     0x08002f49   Thumb Code    98  pcf8563.o(.text)
    PCF8563_InitClock                        0x08002fab   Thumb Code    14  pcf8563.o(.text)
    PCF8563_SetTime                          0x08002fb9   Thumb Code    32  pcf8563.o(.text)
    PCF8563_GetTime                          0x08002fd9   Thumb Code     4  pcf8563.o(.text)
    PCF8563_SetDate                          0x08002fdd   Thumb Code    24  pcf8563.o(.text)
    PCF8563_GetDate                          0x08002ff5   Thumb Code     4  pcf8563.o(.text)
    delay_init                               0x0800305d   Thumb Code    46  delay.o(.text)
    delay_us                                 0x0800308b   Thumb Code    46  delay.o(.text)
    delay_ms                                 0x080030b9   Thumb Code    46  delay.o(.text)
    _sys_exit                                0x080030f5   Thumb Code     2  usart.o(.text)
    fputc                                    0x080030f7   Thumb Code    18  usart.o(.text)
    uart_init                                0x08003109   Thumb Code   152  usart.o(.text)
    USART1_IRQHandler                        0x080031a1   Thumb Code    88  usart.o(.text)
    nvic_sleep                               0x08003209   Thumb Code    58  nvic.o(.text)
    RCC_Configuration                        0x08003243   Thumb Code   104  nvic.o(.text)
    nvic_wake_up                             0x080032ab   Thumb Code    52  nvic.o(.text)
    KEY_INT_INIT                             0x080032df   Thumb Code    84  nvic.o(.text)
    EXTI9_5_IRQHandler                       0x08003333   Thumb Code    88  nvic.o(.text)
    RTC_INT_INIT                             0x0800338b   Thumb Code    96  nvic.o(.text)
    RTC_Alarm_Handler                        0x080033eb   Thumb Code    40  nvic.o(.text)
    EXTI4_IRQHandler                         0x08003413   Thumb Code    32  nvic.o(.text)
    alarm_is_enabled                         0x0800350d   Thumb Code    32  alarm.o(.text)
    rtc_set_pcf8563_alarm                    0x0800352d   Thumb Code    30  alarm.o(.text)
    alarm_get                                0x0800354b   Thumb Code    18  alarm.o(.text)
    alarm_getNext                            0x0800355d   Thumb Code    26  alarm.o(.text)
    rtc_set_alarm                            0x08003577   Thumb Code   154  alarm.o(.text)
    alarm_init                               0x080036af   Thumb Code    18  alarm.o(.text)
    alarm_reset                              0x080036c1   Thumb Code     8  alarm.o(.text)
    alarm_getNextDay                         0x080036c9   Thumb Code     8  alarm.o(.text)
    alarm_save                               0x080036d1   Thumb Code    18  alarm.o(.text)
    alarm_update                             0x08003757   Thumb Code   102  alarm.o(.text)
    alarm_need_updateAlarm_in_nextLoop       0x080037bd   Thumb Code    10  alarm.o(.text)
    alarm_updateNextAlarm                    0x080037c7   Thumb Code     2  alarm.o(.text)
    mAlarmsOpen                              0x08003b47   Thumb Code    44  alarms.o(.text)
    animation_init                           0x08003c5d   Thumb Code    10  animation.o(.text)
    animation_update                         0x08003c67   Thumb Code   120  animation.o(.text)
    animation_start                          0x08003cdf   Thumb Code    34  animation.o(.text)
    animation_active                         0x08003d01   Thumb Code     6  animation.o(.text)
    animation_movingOn                       0x08003d07   Thumb Code    14  animation.o(.text)
    animation_offsetY                        0x08003d15   Thumb Code     6  animation.o(.text)
    appconfig_save                           0x08003d25   Thumb Code     2  appconfig.o(.text)
    appconfig_reset                          0x08003d27   Thumb Code    32  appconfig.o(.text)
    appconfig_init                           0x08003d47   Thumb Code     2  appconfig.o(.text)
    buttons_startup                          0x08003d4d   Thumb Code    76  buttons.o(.text)
    buttons_init                             0x08003d99   Thumb Code    22  buttons.o(.text)
    buttons_update                           0x08003daf   Thumb Code    90  buttons.o(.text)
    buttons_shutdown                         0x08003e09   Thumb Code     2  buttons.o(.text)
    buttons_setFunc                          0x08003e0b   Thumb Code    12  buttons.o(.text)
    buttons_setFuncs                         0x08003e17   Thumb Code    10  buttons.o(.text)
    buttons_isActive                         0x08003e21   Thumb Code    58  buttons.o(.text)
    buttons_wake                             0x08003e5b   Thumb Code    44  buttons.o(.text)
    display_is_ani_active                    0x08003f29   Thumb Code    20  display.o(.text)
    display_set                              0x08003f3d   Thumb Code     8  display.o(.text)
    display_load                             0x08003f45   Thumb Code    14  display.o(.text)
    display_setDrawFunc                      0x08003f53   Thumb Code    12  display.o(.text)
    display_update                           0x08004099   Thumb Code   124  display.o(.text)
    display_startCRTAnim                     0x08004115   Thumb Code    50  display.o(.text)
    draw_bitmap                              0x08004159   Thumb Code   308  draw.o(.text)
    draw_string                              0x0800428d   Thumb Code   110  draw.o(.text)
    draw_string_P                            0x080042fb   Thumb Code    54  draw.o(.text)
    draw_string_center                       0x08004331   Thumb Code   144  draw.o(.text)
    draw_string_min                          0x080043c1   Thumb Code    82  draw.o(.text)
    draw_bitmap2                             0x08004413   Thumb Code   292  draw.o(.text)
    draw_clearArea                           0x08004537   Thumb Code    16  draw.o(.text)
    draw_end                                 0x08004547   Thumb Code     4  draw.o(.text)
    draw_set_point                           0x0800454b   Thumb Code    60  draw.o(.text)
    draw_get_point                           0x08004587   Thumb Code    42  draw.o(.text)
    draw_fill_screen                         0x080045b1   Thumb Code    62  draw.o(.text)
    global_init                              0x0800460b   Thumb Code     2  global.o(.text)
    global_update                            0x0800460d   Thumb Code     2  global.o(.text)
    div10                                    0x0800460f   Thumb Code     8  global.o(.text)
    mod10                                    0x08004617   Thumb Code    12  global.o(.text)
    mDisplayOpen                             0x08004701   Thumb Code    50  m_display.o(.text)
    mMainOpen                                0x080048d3   Thumb Code    22  m_main.o(.text)
    exitMeThenRun                            0x080049b9   Thumb Code     6  menu.o(.text)
    back_to_watchface                        0x080049bf   Thumb Code    16  menu.o(.text)
    menu_select                              0x080049cf   Thumb Code    40  menu.o(.text)
    menu_down                                0x080049f7   Thumb Code    14  menu.o(.text)
    menu_up                                  0x08004a05   Thumb Code    14  menu.o(.text)
    menu_draw                                0x08004b1b   Thumb Code   128  menu.o(.text)
    setMenuOption                            0x08004b9b   Thumb Code   166  menu.o(.text)
    setMenuOption_P                          0x08004c41   Thumb Code    40  menu.o(.text)
    menu_isOpen                              0x08004c69   Thumb Code     6  menu.o(.text)
    menu_close                               0x08004c6f   Thumb Code    22  menu.o(.text)
    setPrevMenuOpen                          0x08004c85   Thumb Code    18  menu.o(.text)
    exitSelected                             0x08004c97   Thumb Code    20  menu.o(.text)
    setPrevMenuExit                          0x08004cab   Thumb Code    30  menu.o(.text)
    back                                     0x08004cc9   Thumb Code    12  menu.o(.text)
    addBackOption                            0x08004cd5   Thumb Code    18  menu.o(.text)
    showMeThenRun                            0x08004ce7   Thumb Code     6  menu.o(.text)
    setMenuInfo                              0x08004ced   Thumb Code    30  menu.o(.text)
    setMenuFuncs                             0x08004d0b   Thumb Code    14  menu.o(.text)
    nextOption                               0x08004d35   Thumb Code    22  menu.o(.text)
    prevOption                               0x08004d4b   Thumb Code    22  menu.o(.text)
    doAction                                 0x08004d61   Thumb Code    12  menu.o(.text)
    millis_init                              0x08004df1   Thumb Code   104  millis.o(.text)
    millis_get                               0x08004e59   Thumb Code     6  millis.o(.text)
    TIM3_IRQHandler                          0x08004e5f   Thumb Code   222  millis.o(.text)
    mSettingsOpen                            0x08005059   Thumb Code    44  settings.o(.text)
    mSleepOpen                               0x0800519d   Thumb Code    52  sleep.o(.text)
    mSoundOpen                               0x080052b9   Thumb Code    50  sound.o(.text)
    stopwatch_open                           0x08005505   Thumb Code    28  stopwatch.o(.text)
    stopwatch_active                         0x08005521   Thumb Code    12  stopwatch.o(.text)
    stopwatch_update                         0x0800552d   Thumb Code    36  stopwatch.o(.text)
    time_wake                                0x08005579   Thumb Code    18  time.o(.text)
    time_init                                0x0800558b   Thumb Code     2  time.o(.text)
    time_sleep                               0x0800558d   Thumb Code     2  time.o(.text)
    time_shutdown                            0x0800558f   Thumb Code     2  time.o(.text)
    time_timeMode                            0x08005591   Thumb Code    76  time.o(.text)
    time_set                                 0x080055dd   Thumb Code    44  time.o(.text)
    time_isLeapYear                          0x08005609   Thumb Code    12  time.o(.text)
    time_calcWeekDay                         0x08005615   Thumb Code   116  time.o(.text)
    time_monthDayCount                       0x08005689   Thumb Code    24  time.o(.text)
    time_timeStr                             0x080056a1   Thumb Code    26  time.o(.text)
    time_update                              0x080056bb   Thumb Code    88  time.o(.text)
    time_getNextZhengdiao                    0x08005713   Thumb Code    74  time.o(.text)
    tmWdayToDay                              0x0800575d   Thumb Code    22  time.o(.text)
    dayToTmWday                              0x08005773   Thumb Code    22  time.o(.text)
    dayToPcf8563Day                          0x08005789   Thumb Code    12  time.o(.text)
    timeDateMonthToTmMonth                   0x08005795   Thumb Code     6  time.o(.text)
    tmMonthToTimeDateMonth                   0x0800579b   Thumb Code     6  time.o(.text)
    mTimeDateOpen                            0x08005b15   Thumb Code    72  timedate.o(.text)
    torch_open                               0x08005ca1   Thumb Code    34  torch.o(.text)
    tune_play                                0x08005d11   Thumb Code    28  tune.o(.text)
    tune_stop                                0x08005d2d   Thumb Code    24  tune.o(.text)
    OLED_DrawPoint                           0x08005df7   Thumb Code    42  tunemaker.o(.text)
    OLED_DrawLine                            0x08005e21   Thumb Code   148  tunemaker.o(.text)
    __SysTick                                0x08005eb5   Thumb Code    20  tunemaker.o(.text)
    tunemakerOpen                            0x0800604f   Thumb Code    48  tunemaker.o(.text)
    pwrmgr_init                              0x080060d1   Thumb Code    10  pwrmgr.o(.text)
    userWake                                 0x080060db   Thumb Code    22  pwrmgr.o(.text)
    pwrmgr_update                            0x080060f1   Thumb Code    86  pwrmgr.o(.text)
    pwrmgr_userActive                        0x08006147   Thumb Code    14  pwrmgr.o(.text)
    getItemPosX                              0x0800617d   Thumb Code    14  calendar.o(.text)
    showCalendar                             0x08006211   Thumb Code   452  calendar.o(.text)
    calendarOpen                             0x080063e7   Thumb Code    48  calendar.o(.text)
    gui_print_s                              0x0800644d   Thumb Code    20  gui_log_console.o(.text)
    up_line                                  0x08006461   Thumb Code    22  gui_log_console.o(.text)
    down_line                                0x08006477   Thumb Code    22  gui_log_console.o(.text)
    console_loop_show                        0x0800648d   Thumb Code    76  gui_log_console.o(.text)
    strcopy_cnt                              0x080064d9   Thumb Code    24  gui_log_console.o(.text)
    find_huanhang_str_idx                    0x080064f1   Thumb Code    28  gui_log_console.o(.text)
    console_log                              0x0800650d   Thumb Code   366  gui_log_console.o(.text)
    RTC_Init                                 0x08006695   Thumb Code     4  rtc.o(.text)
    RTC_ClearAlarm                           0x08006699   Thumb Code     4  rtc.o(.text)
    RTC_Set_Datetime                         0x0800669d   Thumb Code    54  rtc.o(.text)
    RTC_Config                               0x08006723   Thumb Code     4  rtc.o(.text)
    RTC_SetNextMinuteAlarm                   0x08006727   Thumb Code    36  rtc.o(.text)
    RTC_Set_Alarm                            0x0800674b   Thumb Code    28  rtc.o(.text)
    RTC_Read_Datetime                        0x08006767   Thumb Code    62  rtc.o(.text)
    RTC_GetTemperature                       0x080067a5   Thumb Code     4  rtc.o(.text)
    RTC_PrintAlarm                           0x080067a9   Thumb Code    44  rtc.o(.text)
    getBatteryAndOthers                      0x080068ad   Thumb Code     2  watchface.o(.text)
    watchface_normal                         0x08006d95   Thumb Code    18  watchface.o(.text)
    mGamesOpen                               0x08006f09   Thumb Code    44  games.o(.text)
    game1_draw                               0x08006fdf   Thumb Code   762  game1.o(.text)
    game1_start                              0x080072d9   Thumb Code    88  game1.o(.text)
    game2_start                              0x080076c5   Thumb Code    78  game2.o(.text)
    draw_bitmap_set                          0x08007771   Thumb Code    26  game3.o(.text)
    draw_bitmap_s2                           0x0800778b   Thumb Code    26  game3.o(.text)
    game3_start                              0x08007a3f   Thumb Code    78  game3.o(.text)
    _DrawPoint                               0x08007a8d   Thumb Code    34  game3.o(.text)
    Create_Wall                              0x08007b21   Thumb Code    66  game_snake.o(.text)
    Paint_Clean                              0x08007b63   Thumb Code    64  game_snake.o(.text)
    Paint_Food                               0x08007ba3   Thumb Code   120  game_snake.o(.text)
    Paint_Body                               0x08007c1b   Thumb Code   110  game_snake.o(.text)
    Snake_Refresh                            0x08007c89   Thumb Code    84  game_snake.o(.text)
    isBlank                                  0x08007cdd   Thumb Code    24  game_snake.o(.text)
    Gen_One_Food                             0x08007cf5   Thumb Code    72  game_snake.o(.text)
    Gen_Food                                 0x08007d3d   Thumb Code    42  game_snake.o(.text)
    Snake_Init                               0x08007d67   Thumb Code    84  game_snake.o(.text)
    Grid_Bound                               0x08007dbb   Thumb Code    44  game_snake.o(.text)
    Move                                     0x08007de7   Thumb Code   120  game_snake.o(.text)
    Eat_Food                                 0x08007e5f   Thumb Code    68  game_snake.o(.text)
    drawSnake                                0x08007ea3   Thumb Code    48  game_snake.o(.text)
    GameOver                                 0x08007ed3   Thumb Code    48  game_snake.o(.text)
    game_snake_draw                          0x08007f7b   Thumb Code   170  game_snake.o(.text)
    game_snake_start                         0x08008025   Thumb Code    38  game_snake.o(.text)
    NeighborCount                            0x08008091   Thumb Code    94  gamecontrol.o(.text)
    flushToScreen                            0x080080ef   Thumb Code    50  gamecontrol.o(.text)
    initGame                                 0x08008121   Thumb Code    34  gamecontrol.o(.text)
    computeAllPointsStatus                   0x08008143   Thumb Code    92  gamecontrol.o(.text)
    updateGame                               0x0800819f   Thumb Code    12  gamecontrol.o(.text)
    drawGame                                 0x080081ab   Thumb Code    46  gamecontrol.o(.text)
    game_life_draw                           0x080081fd   Thumb Code    82  gamelife.o(.text)
    game_life_start                          0x0800824f   Thumb Code    38  gamelife.o(.text)
    initTitle                                0x08008289   Thumb Code     8  gametitle.o(.text)
    updateTitle                              0x08008291   Thumb Code    60  gametitle.o(.text)
    drawTitle                                0x08008389   Thumb Code   264  gametitle.o(.text)
    clearHeader                              0x08008491   Thumb Code    10  gametitle.o(.text)
    rand                                     0x080085b9   Thumb Code    20  rand.o(.text)
    srand                                    0x080085cd   Thumb Code     6  rand.o(.text)
    __aeabi_memcpy                           0x080085dd   Thumb Code    36  memcpya.o(.text)
    __aeabi_memcpy4                          0x080085dd   Thumb Code     0  memcpya.o(.text)
    __aeabi_memcpy8                          0x080085dd   Thumb Code     0  memcpya.o(.text)
    __aeabi_memset                           0x08008601   Thumb Code    14  memseta.o(.text)
    __aeabi_memset4                          0x08008601   Thumb Code     0  memseta.o(.text)
    __aeabi_memset8                          0x08008601   Thumb Code     0  memseta.o(.text)
    __aeabi_memclr                           0x0800860f   Thumb Code     4  memseta.o(.text)
    __aeabi_memclr4                          0x0800860f   Thumb Code     0  memseta.o(.text)
    __aeabi_memclr8                          0x0800860f   Thumb Code     0  memseta.o(.text)
    _memset$wrapper                          0x08008613   Thumb Code    18  memseta.o(.text)
    strcat                                   0x08008625   Thumb Code    24  strcat.o(.text)
    strncpy                                  0x0800863d   Thumb Code    24  strncpy.o(.text)
    strlen                                   0x08008655   Thumb Code    14  strlen.o(.text)
    strcpy                                   0x08008663   Thumb Code    18  strcpy.o(.text)
    calloc                                   0x08008675   Thumb Code    28  calloc.o(.text)
    atoi                                     0x08008691   Thumb Code    26  atoi.o(.text)
    __aeabi_fadd                             0x080086ab   Thumb Code   164  fadd.o(.text)
    __aeabi_fsub                             0x0800874f   Thumb Code     6  fadd.o(.text)
    __aeabi_frsub                            0x08008755   Thumb Code     6  fadd.o(.text)
    __aeabi_fmul                             0x0800875b   Thumb Code   100  fmul.o(.text)
    __aeabi_fdiv                             0x080087bf   Thumb Code   124  fdiv.o(.text)
    __ARM_scalbnf                            0x0800883b   Thumb Code    24  fscalb.o(.text)
    scalbnf                                  0x0800883b   Thumb Code     0  fscalb.o(.text)
    __aeabi_dadd                             0x08008853   Thumb Code   322  dadd.o(.text)
    __aeabi_dsub                             0x08008995   Thumb Code     6  dadd.o(.text)
    __aeabi_drsub                            0x0800899b   Thumb Code     6  dadd.o(.text)
    __aeabi_dmul                             0x080089a1   Thumb Code   228  dmul.o(.text)
    __aeabi_ddiv                             0x08008a85   Thumb Code   222  ddiv.o(.text)
    __ARM_scalbn                             0x08008b63   Thumb Code    46  dscalb.o(.text)
    scalbn                                   0x08008b63   Thumb Code     0  dscalb.o(.text)
    __aeabi_i2f                              0x08008b91   Thumb Code    18  fflti.o(.text)
    __aeabi_ui2f                             0x08008ba3   Thumb Code    10  ffltui.o(.text)
    __aeabi_i2d                              0x08008bad   Thumb Code    34  dflti.o(.text)
    __aeabi_ui2d                             0x08008bcf   Thumb Code    26  dfltui.o(.text)
    __aeabi_f2iz                             0x08008be9   Thumb Code    50  ffixi.o(.text)
    __aeabi_f2uiz                            0x08008c1b   Thumb Code    40  ffixui.o(.text)
    __aeabi_d2uiz                            0x08008c43   Thumb Code    50  dfixui.o(.text)
    __aeabi_f2d                              0x08008c75   Thumb Code    38  f2d.o(.text)
    __aeabi_cdcmpeq                          0x08008c9d   Thumb Code     0  cdcmple.o(.text)
    __aeabi_cdcmple                          0x08008c9d   Thumb Code    48  cdcmple.o(.text)
    __aeabi_cdrcmple                         0x08008ccd   Thumb Code    48  cdrcmple.o(.text)
    __aeabi_d2f                              0x08008cfd   Thumb Code    56  d2f.o(.text)
    __aeabi_cfcmpeq                          0x08008d35   Thumb Code     0  cfcmple.o(.text)
    __aeabi_cfcmple                          0x08008d35   Thumb Code    20  cfcmple.o(.text)
    __aeabi_cfrcmple                         0x08008d49   Thumb Code    20  cfrcmple.o(.text)
    __aeabi_uidiv                            0x08008d5d   Thumb Code     0  uidiv.o(.text)
    __aeabi_uidivmod                         0x08008d5d   Thumb Code    44  uidiv.o(.text)
    __aeabi_uldivmod                         0x08008d89   Thumb Code    98  uldiv.o(.text)
    __aeabi_llsl                             0x08008deb   Thumb Code    30  llshl.o(.text)
    _ll_shift_l                              0x08008deb   Thumb Code     0  llshl.o(.text)
    __aeabi_llsr                             0x08008e09   Thumb Code    32  llushr.o(.text)
    _ll_ushift_r                             0x08008e09   Thumb Code     0  llushr.o(.text)
    __aeabi_lasr                             0x08008e29   Thumb Code    36  llsshr.o(.text)
    _ll_sshift_r                             0x08008e29   Thumb Code     0  llsshr.o(.text)
    strtol                                   0x08008e4d   Thumb Code   112  strtol.o(.text)
    __I$use$fp                               0x08008ebd   Thumb Code     0  iusefp.o(.text)
    _float_round                             0x08008ebd   Thumb Code    18  fepilogue.o(.text)
    _float_epilogue                          0x08008ecf   Thumb Code    92  fepilogue.o(.text)
    _double_round                            0x08008f2b   Thumb Code    30  depilogue.o(.text)
    _double_epilogue                         0x08008f49   Thumb Code   156  depilogue.o(.text)
    __aeabi_d2ulz                            0x08008fe5   Thumb Code    48  dfixul.o(.text)
    __scatterload                            0x08009015   Thumb Code    28  init.o(.text)
    __scatterload_rt2                        0x08009015   Thumb Code     0  init.o(.text)
    __rt_ctype_table                         0x08009039   Thumb Code     4  ctype_o.o(.text)
    _strtoul                                 0x08009041   Thumb Code   158  _strtoul.o(.text)
    __aeabi_d2iz                             0x080090df   Thumb Code    62  dfixi.o(.text)
    _chval                                   0x0800911d   Thumb Code    28  _chval.o(.text)
    __decompress                             0x08009139   Thumb Code     0  __dczerorl2.o(.text)
    __decompress1                            0x08009139   Thumb Code    86  __dczerorl2.o(.text)
    __0printf                                0x08009191   Thumb Code    22  printfa.o(i.__0printf)
    __1printf                                0x08009191   Thumb Code     0  printfa.o(i.__0printf)
    __2printf                                0x08009191   Thumb Code     0  printfa.o(i.__0printf)
    __c89printf                              0x08009191   Thumb Code     0  printfa.o(i.__0printf)
    printf                                   0x08009191   Thumb Code     0  printfa.o(i.__0printf)
    __0sprintf                               0x080091b1   Thumb Code    34  printfa.o(i.__0sprintf)
    __1sprintf                               0x080091b1   Thumb Code     0  printfa.o(i.__0sprintf)
    __2sprintf                               0x080091b1   Thumb Code     0  printfa.o(i.__0sprintf)
    __c89sprintf                             0x080091b1   Thumb Code     0  printfa.o(i.__0sprintf)
    sprintf                                  0x080091b1   Thumb Code     0  printfa.o(i.__0sprintf)
    __0vsprintf                              0x080091d9   Thumb Code    30  printfa.o(i.__0vsprintf)
    __1vsprintf                              0x080091d9   Thumb Code     0  printfa.o(i.__0vsprintf)
    __2vsprintf                              0x080091d9   Thumb Code     0  printfa.o(i.__0vsprintf)
    __c89vsprintf                            0x080091d9   Thumb Code     0  printfa.o(i.__0vsprintf)
    vsprintf                                 0x080091d9   Thumb Code     0  printfa.o(i.__0vsprintf)
    __ARM_fpclassify                         0x080091fd   Thumb Code    40  fpclassify.o(i.__ARM_fpclassify)
    __aeabi_errno_addr                       0x08009225   Thumb Code     4  errno.o(i.__aeabi_errno_addr)
    __rt_errno_addr                          0x08009225   Thumb Code     0  errno.o(i.__aeabi_errno_addr)
    __ieee754_rem_pio2                       0x0800922d   Thumb Code   828  rred.o(i.__ieee754_rem_pio2)
    __kernel_cos                             0x080095b5   Thumb Code   230  cos_i.o(i.__kernel_cos)
    __kernel_poly                            0x080096b1   Thumb Code   170  poly.o(i.__kernel_poly)
    __kernel_sin                             0x0800975d   Thumb Code   224  sin_i.o(i.__kernel_sin)
    __mathlib_dbl_infnan                     0x08009849   Thumb Code     6  dunder.o(i.__mathlib_dbl_infnan)
    __mathlib_dbl_invalid                    0x0800984f   Thumb Code    12  dunder.o(i.__mathlib_dbl_invalid)
    __mathlib_dbl_underflow                  0x0800985d   Thumb Code    10  dunder.o(i.__mathlib_dbl_underflow)
    __scatterload_copy                       0x0800986d   Thumb Code    14  handlers.o(i.__scatterload_copy)
    __scatterload_null                       0x0800987b   Thumb Code     2  handlers.o(i.__scatterload_null)
    __scatterload_zeroinit                   0x0800987d   Thumb Code    14  handlers.o(i.__scatterload_zeroinit)
    __set_errno                              0x0800988d   Thumb Code     6  errno.o(i.__set_errno)
    free                                     0x0800a135   Thumb Code    76  malloc.o(i.free)
    malloc                                   0x0800a185   Thumb Code    92  malloc.o(i.malloc)
    sin                                      0x0800a1f1   Thumb Code   150  sin.o(i.sin)
    menuBack                                 0x0800a318   Data           5  menu.o(.constdata)
    dowChars                                 0x0800a31d   Data           8  resources.o(.constdata)
    days                                     0x0800a325   Data          28  resources.o(.constdata)
    months                                   0x0800a341   Data          48  resources.o(.constdata)
    livesImg                                 0x0800a371   Data           7  resources.o(.constdata)
    stopwatch                                0x0800a378   Data           8  resources.o(.constdata)
    dowImg                                   0x0800a380   Data          56  resources.o(.constdata)
    menu_tunemaker                           0x0800a3b8   Data         128  resources.o(.constdata)
    menu_timedate                            0x0800a438   Data         128  resources.o(.constdata)
    menu_sleep                               0x0800a4b8   Data         128  resources.o(.constdata)
    menu_sound                               0x0800a538   Data         128  resources.o(.constdata)
    menu_games                               0x0800a5b8   Data         128  resources.o(.constdata)
    menu_calendar                            0x0800a638   Data         128  resources.o(.constdata)
    menu_brightness                          0x0800a6b8   Data         512  resources.o(.constdata)
    menu_invert                              0x0800a8b8   Data         128  resources.o(.constdata)
    menu_anim                                0x0800a938   Data         256  resources.o(.constdata)
    menu_volume                              0x0800aa38   Data         512  resources.o(.constdata)
    menu_rotate                              0x0800ac38   Data         128  resources.o(.constdata)
    menu_display                             0x0800acb8   Data         128  resources.o(.constdata)
    menu_sleeptimeout                        0x0800ad38   Data         128  resources.o(.constdata)
    battIconEmpty                            0x0800adb8   Data          16  resources.o(.constdata)
    battIconLow                              0x0800adc8   Data          16  resources.o(.constdata)
    battIconHigh                             0x0800add8   Data          16  resources.o(.constdata)
    battIconFull                             0x0800ade8   Data          16  resources.o(.constdata)
    smallFont                                0x0800adf8   Data         485  resources.o(.constdata)
    numFont16x16                             0x0800afdd   Data         352  resources.o(.constdata)
    numFont16x32                             0x0800b13d   Data         704  resources.o(.constdata)
    selectbar_top                            0x0800b3fd   Data          36  resources.o(.constdata)
    selectbar_bottom                         0x0800b421   Data          36  resources.o(.constdata)
    menu_alarm                               0x0800b445   Data         128  resources.o(.constdata)
    menu_stopwatch                           0x0800b4c5   Data         128  resources.o(.constdata)
    menu_torch                               0x0800b545   Data         128  resources.o(.constdata)
    menu_settings                            0x0800b5c5   Data         128  resources.o(.constdata)
    menu_exit                                0x0800b645   Data         128  resources.o(.constdata)
    menu_setfps                              0x0800b6c5   Data         128  resources.o(.constdata)
    space_image1                             0x0800b745   Data         312  resources.o(.constdata)
    space_image2                             0x0800b87d   Data         312  resources.o(.constdata)
    space_image3                             0x0800b9b5   Data         312  resources.o(.constdata)
    space_image4                             0x0800baed   Data         312  resources.o(.constdata)
    space_image5                             0x0800bc25   Data         312  resources.o(.constdata)
    space_image6                             0x0800bd5d   Data         312  resources.o(.constdata)
    space_image7                             0x0800be95   Data         312  resources.o(.constdata)
    space_image8                             0x0800bfcd   Data         312  resources.o(.constdata)
    space_image9                             0x0800c105   Data         312  resources.o(.constdata)
    space_image10                            0x0800c23d   Data         312  resources.o(.constdata)
    STAY                                     0x0800c384   Data         236  tune.o(.constdata)
    TUNE                                     0x0800c470   Data        1000  tune.o(.constdata)
    tuneHour                                 0x0800d998   Data          16  tunes.o(.constdata)
    tuneBtn1                                 0x0800d9a8   Data          16  tunes.o(.constdata)
    tuneBtn2                                 0x0800d9b8   Data          16  tunes.o(.constdata)
    tuneBtn3                                 0x0800d9c8   Data          16  tunes.o(.constdata)
    GliderGun_Map                            0x0800da5e   Data          72  gametitle.o(.constdata)
    Circleoffire_Map                         0x0800daa6   Data          26  gametitle.o(.constdata)
    Circleoffire_Map2                        0x0800dac0   Data          26  gametitle.o(.constdata)
    BlibliTv_Map                             0x0800dada   Data         512  gametitle.o(.constdata)
    Hivenudger_Map                           0x0800dcda   Data          26  gametitle.o(.constdata)
    HighLife_Map                             0x0800dcf4   Data          72  gametitle.o(.constdata)
    __ctype_table                            0x0800de60   Data         129  ctype_o.o(.constdata)
    Region$$Table$$Base                      0x0800dee8   Number         0  anon$$obj.o(Region$$Table)
    Region$$Table$$Limit                     0x0800df08   Number         0  anon$$obj.o(Region$$Table)
    SystemCoreClock                          0x20000014   Data           4  system_stm32f10x.o(.data)
    AHBPrescTable                            0x20000018   Data          16  system_stm32f10x.o(.data)
    USART_RX_STA                             0x20000080   Data           2  usart.o(.data)
    __stdout                                 0x20000084   Data           4  usart.o(.data)
    DeepSleepFlag                            0x20000088   Data           1  nvic.o(.data)
    isAlarmInited                            0x2000008c   Data           1  alarm.o(.data)
    nextAlarmIndex                           0x2000008e   Data           1  alarm.o(.data)
    nextAlarmDay                             0x2000008f   Data           1  alarm.o(.data)
    isAlarmTriggered                         0x20000090   Data           1  alarm.o(.data)
    eepAlarms                                0x200000a4   Data          15  alarm.o(.data)
    MY_FPS                                   0x200000c8   Data           1  display.o(.data)
    setting                                  0x200000f8   Data           2  menu.o(.data)
    bme_flag                                 0x200000fc   Data           1  millis.o(.data)
    bme_time                                 0x200000fd   Data           1  millis.o(.data)
    milliseconds                             0x2000010c   Data           4  millis.o(.data)
    MoveCheckFlag                            0x20000118   Data           1  sleep.o(.data)
    timeDate                                 0x2000013c   Data           8  time.o(.data)
    update                                   0x20000144   Data           1  time.o(.data)
    iAng                                     0x2000016c   Data           1  tunemaker.o(.data)
    x1                                       0x2000016d   Data           1  tunemaker.o(.data)
    x2                                       0x2000016e   Data           1  tunemaker.o(.data)
    y1                                       0x2000016f   Data           1  tunemaker.o(.data)
    y2                                       0x20000170   Data           1  tunemaker.o(.data)
    Cnt                                      0x20000174   Data           4  tunemaker.o(.data)
    Cntv                                     0x20000178   Data           4  tunemaker.o(.data)
    keep_on                                  0x2000017c   Data           1  pwrmgr.o(.data)
    SleepRequested                           0x2000017f   Data           1  pwrmgr.o(.data)
    curDay                                   0x20000180   Data           4  calendar.o(.data)
    curYear                                  0x20000184   Data           4  calendar.o(.data)
    curMonth                                 0x20000188   Data           4  calendar.o(.data)
    new_line_flag                            0x2000018c   Data           1  gui_log_console.o(.data)
    show_last_line_ldx                       0x2000018f   Data           1  gui_log_console.o(.data)
    now_str_length                           0x20000190   Data           1  gui_log_console.o(.data)
    BatteryVol                               0x2000019c   Data           4  watchface.o(.data)
    lives                                    0x200001dc   Data           4  game3.o(.data)
    foodNum                                  0x200001f8   Data           1  game_snake.o(.data)
    snakeEated                               0x200001f9   Data           1  game_snake.o(.data)
    gameIsOver                               0x200001fa   Data           1  game_snake.o(.data)
    gameIsPaused                             0x200001fb   Data           1  game_snake.o(.data)
    refreshHz                                0x200001fc   Data           1  game_snake.o(.data)
    renderI                                  0x200001fd   Data           1  game_snake.o(.data)
    snakeLength                              0x200001fe   Data           1  game_snake.o(.data)
    snakeScore                               0x200001ff   Data           1  game_snake.o(.data)
    snakeDirection                           0x20000200   Data           1  game_snake.o(.data)
    Counter                                  0x20000202   Data           2  gamecontrol.o(.data)
    btnType                                  0x20000205   Data           1  gamelife.o(.data)
    __microlib_freelist                      0x2000020c   Data           4  mvars.o(.data)
    __microlib_freelist_initialised          0x20000210   Data           4  mvars.o(.data)
    oledBuffer                               0x20000218   Data        1024  oled.o(.bss)
    USART_RX_BUF                             0x2000062c   Data         200  usart.o(.bss)
    appConfig                                0x20000700   Data          12  appconfig.o(.bss)
    menuData                                 0x2000073c   Data          36  menu.o(.bss)
    vert                                     0x20000769   Data          24  tunemaker.o(.bss)
    OLED_GRAM                                0x20000781   Data         512  tunemaker.o(.bss)
    string_buff                              0x20000981   Data         400  gui_log_console.o(.bss)
    firststr_buff                            0x20000b11   Data        1024  gui_log_console.o(.bss)
    _GRAM                                    0x20000f35   Data          64  game3.o(.bss)
    map                                      0x20000f78   Data         403  game_snake.o(.bss)
    snake_Grid                               0x2000110c   Data        1024  game_snake.o(.bss)
    Display_Temp                             0x2000150c   Data        8192  gamecontrol.o(.bss)
    __heap_base                              0x20003510   Data           0  startup_stm32f10x_md.o(HEAP)
    __heap_limit                             0x20003710   Data           0  startup_stm32f10x_md.o(HEAP)
    __initial_sp                             0x20003b10   Data           0  startup_stm32f10x_md.o(STACK)



==============================================================================

Memory Map of the image

  Image Entry point : 0x080000ed

  Load Region LR_IROM1 (Base: 0x08000000, Size: 0x0000e120, Max: 0x00080000, ABSOLUTE, COMPRESSED[0x0000df60])

    Execution Region ER_IROM1 (Base: 0x08000000, Size: 0x0000df08, Max: 0x00080000, ABSOLUTE)

    Base Addr    Size         Type   Attr      Idx    E Section Name        Object

    0x08000000   0x000000ec   Data   RO           19    RESET               startup_stm32f10x_md.o
    0x080000ec   0x00000000   Code   RO         1613  * .ARM.Collect$$$$00000000  mc_w.l(entry.o)
    0x080000ec   0x00000004   Code   RO         1998    .ARM.Collect$$$$00000001  mc_w.l(entry2.o)
    0x080000f0   0x00000004   Code   RO         2001    .ARM.Collect$$$$00000004  mc_w.l(entry5.o)
    0x080000f4   0x00000000   Code   RO         2003    .ARM.Collect$$$$00000008  mc_w.l(entry7b.o)
    0x080000f4   0x00000000   Code   RO         2005    .ARM.Collect$$$$0000000A  mc_w.l(entry8b.o)
    0x080000f4   0x00000008   Code   RO         2006    .ARM.Collect$$$$0000000B  mc_w.l(entry9a.o)
    0x080000fc   0x00000000   Code   RO         2008    .ARM.Collect$$$$0000000D  mc_w.l(entry10a.o)
    0x080000fc   0x00000000   Code   RO         2010    .ARM.Collect$$$$0000000F  mc_w.l(entry11a.o)
    0x080000fc   0x00000004   Code   RO         1999    .ARM.Collect$$$$00002712  mc_w.l(entry2.o)
    0x08000100   0x00000024   Code   RO           20    .text               startup_stm32f10x_md.o
    0x08000124   0x00000264   Code   RO           24    .text               stm32f10x_gpio.o
    0x08000388   0x000002b8   Code   RO          119    .text               stm32f10x_rcc.o
    0x08000640   0x00000328   Code   RO          133    .text               stm32f10x_usart.o
    0x08000968   0x000000b0   Code   RO          145    .text               misc.o
    0x08000a18   0x00000af0   Code   RO          157    .text               stm32f10x_tim.o
    0x08001508   0x00000330   Code   RO          182    .text               stm32f10x_adc.o
    0x08001838   0x000000ac   Code   RO          206    .text               stm32f10x_pwr.o
    0x080018e4   0x000000e8   Code   RO          218    .text               stm32f10x_exti.o
    0x080019cc   0x000001dc   Code   RO          255    .text               main.o
    0x08001ba8   0x00000012   Code   RO          460    .text               stm32f10x_it.o
    0x08001bba   0x00000002   PAD
    0x08001bbc   0x00000158   Code   RO          501    .text               system_stm32f10x.o
    0x08001d14   0x000001cc   Code   RO          519    .text               beep.o
    0x08001ee0   0x00000348   Code   RO          564    .text               i2c_soft.o
    0x08002228   0x00000124   Code   RO          577    .text               adc.o
    0x0800234c   0x00000084   Code   RO          651    .text               oled.o
    0x080023d0   0x000002ac   Code   RO          696    .text               oled_driver.o
    0x0800267c   0x000009e0   Code   RO          709    .text               pcf8563.o
    0x0800305c   0x00000098   Code   RO          731    .text               delay.o
    0x080030f4   0x00000114   Code   RO          761    .text               usart.o
    0x08003208   0x00000304   Code   RO          785    .text               nvic.o
    0x0800350c   0x0000034c   Code   RO          800    .text               alarm.o
    0x08003858   0x00000404   Code   RO          819    .text               alarms.o
    0x08003c5c   0x000000c8   Code   RO          833    .text               animation.o
    0x08003d24   0x00000028   Code   RO          847    .text               appconfig.o
    0x08003d4c   0x000001dc   Code   RO          866    .text               buttons.o
    0x08003f28   0x00000230   Code   RO          884    .text               display.o
    0x08004158   0x000004b2   Code   RO          899    .text               draw.o
    0x0800460a   0x00000018   Code   RO          914    .text               global.o
    0x08004622   0x00000002   PAD
    0x08004624   0x000001ec   Code   RO          926    .text               m_display.o
    0x08004810   0x000001a8   Code   RO          941    .text               m_main.o
    0x080049b8   0x00000438   Code   RO          955    .text               menu.o
    0x08004df0   0x0000021c   Code   RO          977    .text               millis.o
    0x0800500c   0x000000e0   Code   RO         1057    .text               settings.o
    0x080050ec   0x00000140   Code   RO         1071    .text               sleep.o
    0x0800522c   0x0000015c   Code   RO         1086    .text               sound.o
    0x08005388   0x000001f0   Code   RO         1100    .text               stopwatch.o
    0x08005578   0x00000264   Code   RO         1114    .text               time.o
    0x080057dc   0x0000044c   Code   RO         1137    .text               timedate.o
    0x08005c28   0x000000b4   Code   RO         1151    .text               torch.o
    0x08005cdc   0x00000070   Code   RO         1165    .text               tune.o
    0x08005d4c   0x00000384   Code   RO         1182    .text               tunemaker.o
    0x080060d0   0x00000088   Code   RO         1219    .text               pwrmgr.o
    0x08006158   0x000002f4   Code   RO         1235    .text               calendar.o
    0x0800644c   0x00000248   Code   RO         1251    .text               gui_log_console.o
    0x08006694   0x00000218   Code   RO         1289    .text               rtc.o
    0x080068ac   0x000005fc   Code   RO         1309    .text               watchface.o
    0x08006ea8   0x000000fc   Code   RO         1361    .text               games.o
    0x08006fa4   0x000003e0   Code   RO         1375    .text               game1.o
    0x08007384   0x000003ec   Code   RO         1394    .text               game2.o
    0x08007770   0x000003b0   Code   RO         1411    .text               game3.o
    0x08007b20   0x00000570   Code   RO         1461    .text               game_snake.o
    0x08008090   0x00000150   Code   RO         1484    .text               gamecontrol.o
    0x080081e0   0x000000a8   Code   RO         1507    .text               gamelife.o
    0x08008288   0x00000330   Code   RO         1523    .text               gametitle.o
    0x080085b8   0x00000024   Code   RO         1618    .text               mc_w.l(rand.o)
    0x080085dc   0x00000024   Code   RO         1621    .text               mc_w.l(memcpya.o)
    0x08008600   0x00000024   Code   RO         1623    .text               mc_w.l(memseta.o)
    0x08008624   0x00000018   Code   RO         1625    .text               mc_w.l(strcat.o)
    0x0800863c   0x00000018   Code   RO         1627    .text               mc_w.l(strncpy.o)
    0x08008654   0x0000000e   Code   RO         1629    .text               mc_w.l(strlen.o)
    0x08008662   0x00000012   Code   RO         1631    .text               mc_w.l(strcpy.o)
    0x08008674   0x0000001c   Code   RO         1924    .text               mc_w.l(calloc.o)
    0x08008690   0x0000001a   Code   RO         1926    .text               mc_w.l(atoi.o)
    0x080086aa   0x000000b0   Code   RO         1928    .text               mf_w.l(fadd.o)
    0x0800875a   0x00000064   Code   RO         1930    .text               mf_w.l(fmul.o)
    0x080087be   0x0000007c   Code   RO         1932    .text               mf_w.l(fdiv.o)
    0x0800883a   0x00000018   Code   RO         1934    .text               mf_w.l(fscalb.o)
    0x08008852   0x0000014e   Code   RO         1936    .text               mf_w.l(dadd.o)
    0x080089a0   0x000000e4   Code   RO         1938    .text               mf_w.l(dmul.o)
    0x08008a84   0x000000de   Code   RO         1940    .text               mf_w.l(ddiv.o)
    0x08008b62   0x0000002e   Code   RO         1942    .text               mf_w.l(dscalb.o)
    0x08008b90   0x00000012   Code   RO         1944    .text               mf_w.l(fflti.o)
    0x08008ba2   0x0000000a   Code   RO         1946    .text               mf_w.l(ffltui.o)
    0x08008bac   0x00000022   Code   RO         1948    .text               mf_w.l(dflti.o)
    0x08008bce   0x0000001a   Code   RO         1950    .text               mf_w.l(dfltui.o)
    0x08008be8   0x00000032   Code   RO         1952    .text               mf_w.l(ffixi.o)
    0x08008c1a   0x00000028   Code   RO         1954    .text               mf_w.l(ffixui.o)
    0x08008c42   0x00000032   Code   RO         1956    .text               mf_w.l(dfixui.o)
    0x08008c74   0x00000026   Code   RO         1958    .text               mf_w.l(f2d.o)
    0x08008c9a   0x00000002   PAD
    0x08008c9c   0x00000030   Code   RO         1960    .text               mf_w.l(cdcmple.o)
    0x08008ccc   0x00000030   Code   RO         1962    .text               mf_w.l(cdrcmple.o)
    0x08008cfc   0x00000038   Code   RO         1964    .text               mf_w.l(d2f.o)
    0x08008d34   0x00000014   Code   RO         1966    .text               mf_w.l(cfcmple.o)
    0x08008d48   0x00000014   Code   RO         1968    .text               mf_w.l(cfrcmple.o)
    0x08008d5c   0x0000002c   Code   RO         2012    .text               mc_w.l(uidiv.o)
    0x08008d88   0x00000062   Code   RO         2014    .text               mc_w.l(uldiv.o)
    0x08008dea   0x0000001e   Code   RO         2016    .text               mc_w.l(llshl.o)
    0x08008e08   0x00000020   Code   RO         2018    .text               mc_w.l(llushr.o)
    0x08008e28   0x00000024   Code   RO         2020    .text               mc_w.l(llsshr.o)
    0x08008e4c   0x00000070   Code   RO         2031    .text               mc_w.l(strtol.o)
    0x08008ebc   0x00000000   Code   RO         2033    .text               mc_w.l(iusefp.o)
    0x08008ebc   0x0000006e   Code   RO         2034    .text               mf_w.l(fepilogue.o)
    0x08008f2a   0x000000ba   Code   RO         2036    .text               mf_w.l(depilogue.o)
    0x08008fe4   0x00000030   Code   RO         2038    .text               mf_w.l(dfixul.o)
    0x08009014   0x00000024   Code   RO         2044    .text               mc_w.l(init.o)
    0x08009038   0x00000008   Code   RO         2046    .text               mc_w.l(ctype_o.o)
    0x08009040   0x0000009e   Code   RO         2074    .text               mc_w.l(_strtoul.o)
    0x080090de   0x0000003e   Code   RO         2076    .text               mf_w.l(dfixi.o)
    0x0800911c   0x0000001c   Code   RO         2078    .text               mc_w.l(_chval.o)
    0x08009138   0x00000056   Code   RO         2088    .text               mc_w.l(__dczerorl2.o)
    0x0800918e   0x00000002   PAD
    0x08009190   0x00000020   Code   RO         1868    i.__0printf         mc_w.l(printfa.o)
    0x080091b0   0x00000028   Code   RO         1870    i.__0sprintf        mc_w.l(printfa.o)
    0x080091d8   0x00000024   Code   RO         1874    i.__0vsprintf       mc_w.l(printfa.o)
    0x080091fc   0x00000028   Code   RO         2040    i.__ARM_fpclassify  m_ws.l(fpclassify.o)
    0x08009224   0x00000008   Code   RO         2024    i.__aeabi_errno_addr  mc_w.l(errno.o)
    0x0800922c   0x00000388   Code   RO         1987    i.__ieee754_rem_pio2  m_ws.l(rred.o)
    0x080095b4   0x000000fc   Code   RO         1970    i.__kernel_cos      m_ws.l(cos_i.o)
    0x080096b0   0x000000aa   Code   RO         2042    i.__kernel_poly     m_ws.l(poly.o)
    0x0800975a   0x00000002   PAD
    0x0800975c   0x000000ec   Code   RO         1992    i.__kernel_sin      m_ws.l(sin_i.o)
    0x08009848   0x00000006   Code   RO         1974    i.__mathlib_dbl_infnan  m_ws.l(dunder.o)
    0x0800984e   0x0000000c   Code   RO         1976    i.__mathlib_dbl_invalid  m_ws.l(dunder.o)
    0x0800985a   0x00000002   PAD
    0x0800985c   0x00000010   Code   RO         1979    i.__mathlib_dbl_underflow  m_ws.l(dunder.o)
    0x0800986c   0x0000000e   Code   RO         2082    i.__scatterload_copy  mc_w.l(handlers.o)
    0x0800987a   0x00000002   Code   RO         2083    i.__scatterload_null  mc_w.l(handlers.o)
    0x0800987c   0x0000000e   Code   RO         2084    i.__scatterload_zeroinit  mc_w.l(handlers.o)
    0x0800988a   0x00000002   PAD
    0x0800988c   0x0000000c   Code   RO         2026    i.__set_errno       mc_w.l(errno.o)
    0x08009898   0x00000164   Code   RO         1875    i._fp_digits        mc_w.l(printfa.o)
    0x080099fc   0x000006dc   Code   RO         1876    i._printf_core      mc_w.l(printfa.o)
    0x0800a0d8   0x00000024   Code   RO         1877    i._printf_post_padding  mc_w.l(printfa.o)
    0x0800a0fc   0x0000002e   Code   RO         1878    i._printf_pre_padding  mc_w.l(printfa.o)
    0x0800a12a   0x0000000a   Code   RO         1880    i._sputc            mc_w.l(printfa.o)
    0x0800a134   0x00000050   Code   RO         1896    i.free              mc_w.l(malloc.o)
    0x0800a184   0x0000006c   Code   RO         1897    i.malloc            mc_w.l(malloc.o)
    0x0800a1f0   0x000000a0   Code   RO         1606    i.sin               m_ws.l(sin.o)
    0x0800a290   0x00000028   Data   RO          256    .constdata          main.o
    0x0800a2b8   0x00000060   Data   RO          712    .constdata          pcf8563.o
    0x0800a318   0x00000005   Data   RO          957    .constdata          menu.o
    0x0800a31d   0x00000008   Data   RO          997    .constdata          resources.o
    0x0800a325   0x0000001c   Data   RO          998    .constdata          resources.o
    0x0800a341   0x00000030   Data   RO          999    .constdata          resources.o
    0x0800a371   0x00000007   Data   RO         1000    .constdata          resources.o
    0x0800a378   0x00000008   Data   RO         1001    .constdata          resources.o
    0x0800a380   0x00000038   Data   RO         1003    .constdata          resources.o
    0x0800a3b8   0x00000080   Data   RO         1004    .constdata          resources.o
    0x0800a438   0x00000080   Data   RO         1005    .constdata          resources.o
    0x0800a4b8   0x00000080   Data   RO         1006    .constdata          resources.o
    0x0800a538   0x00000080   Data   RO         1007    .constdata          resources.o
    0x0800a5b8   0x00000080   Data   RO         1008    .constdata          resources.o
    0x0800a638   0x00000080   Data   RO         1009    .constdata          resources.o
    0x0800a6b8   0x00000200   Data   RO         1010    .constdata          resources.o
    0x0800a8b8   0x00000080   Data   RO         1011    .constdata          resources.o
    0x0800a938   0x00000100   Data   RO         1012    .constdata          resources.o
    0x0800aa38   0x00000200   Data   RO         1013    .constdata          resources.o
    0x0800ac38   0x00000080   Data   RO         1014    .constdata          resources.o
    0x0800acb8   0x00000080   Data   RO         1015    .constdata          resources.o
    0x0800ad38   0x00000080   Data   RO         1016    .constdata          resources.o
    0x0800adb8   0x00000010   Data   RO         1017    .constdata          resources.o
    0x0800adc8   0x00000010   Data   RO         1018    .constdata          resources.o
    0x0800add8   0x00000010   Data   RO         1019    .constdata          resources.o
    0x0800ade8   0x00000010   Data   RO         1020    .constdata          resources.o
    0x0800adf8   0x000001e5   Data   RO         1021    .constdata          resources.o
    0x0800afdd   0x00000160   Data   RO         1023    .constdata          resources.o
    0x0800b13d   0x000002c0   Data   RO         1024    .constdata          resources.o
    0x0800b3fd   0x00000024   Data   RO         1026    .constdata          resources.o
    0x0800b421   0x00000024   Data   RO         1027    .constdata          resources.o
    0x0800b445   0x00000080   Data   RO         1028    .constdata          resources.o
    0x0800b4c5   0x00000080   Data   RO         1029    .constdata          resources.o
    0x0800b545   0x00000080   Data   RO         1030    .constdata          resources.o
    0x0800b5c5   0x00000080   Data   RO         1031    .constdata          resources.o
    0x0800b645   0x00000080   Data   RO         1033    .constdata          resources.o
    0x0800b6c5   0x00000080   Data   RO         1034    .constdata          resources.o
    0x0800b745   0x00000138   Data   RO         1035    .constdata          resources.o
    0x0800b87d   0x00000138   Data   RO         1036    .constdata          resources.o
    0x0800b9b5   0x00000138   Data   RO         1037    .constdata          resources.o
    0x0800baed   0x00000138   Data   RO         1038    .constdata          resources.o
    0x0800bc25   0x00000138   Data   RO         1039    .constdata          resources.o
    0x0800bd5d   0x00000138   Data   RO         1040    .constdata          resources.o
    0x0800be95   0x00000138   Data   RO         1041    .constdata          resources.o
    0x0800bfcd   0x00000138   Data   RO         1042    .constdata          resources.o
    0x0800c105   0x00000138   Data   RO         1043    .constdata          resources.o
    0x0800c23d   0x00000138   Data   RO         1044    .constdata          resources.o
    0x0800c375   0x0000000c   Data   RO         1116    .constdata          time.o
    0x0800c381   0x00000003   PAD
    0x0800c384   0x000000ec   Data   RO         1166    .constdata          tune.o
    0x0800c470   0x000003e8   Data   RO         1167    .constdata          tune.o
    0x0800c858   0x00001140   Data   RO         1184    .constdata          tunemaker.o
    0x0800d998   0x00000010   Data   RO         1203    .constdata          tunes.o
    0x0800d9a8   0x00000010   Data   RO         1205    .constdata          tunes.o
    0x0800d9b8   0x00000010   Data   RO         1206    .constdata          tunes.o
    0x0800d9c8   0x00000010   Data   RO         1207    .constdata          tunes.o
    0x0800d9d8   0x00000011   Data   RO         1377    .constdata          game1.o
    0x0800d9e9   0x00000026   Data   RO         1396    .constdata          game2.o
    0x0800da0f   0x00000001   PAD
    0x0800da10   0x00000030   Data   RO         1413    .constdata          game3.o
    0x0800da40   0x0000001e   Data   RO         1414    .constdata          game3.o
    0x0800da5e   0x000002de   Data   RO         1525    .constdata          gametitle.o
    0x0800dd3c   0x00000004   PAD
    0x0800dd40   0x00000030   Data   RO         1971    .constdata          m_ws.l(cos_i.o)
    0x0800dd70   0x000000c8   Data   RO         1989    .constdata          m_ws.l(rred.o)
    0x0800de38   0x00000028   Data   RO         1993    .constdata          m_ws.l(sin_i.o)
    0x0800de60   0x00000081   Data   RO         2047    .constdata          mc_w.l(ctype_o.o)
    0x0800dee1   0x00000003   PAD
    0x0800dee4   0x00000004   Data   RO         2048    .constdata          mc_w.l(ctype_o.o)
    0x0800dee8   0x00000020   Data   RO         2080    Region$$Table       anon$$obj.o


    Execution Region RW_IRAM1 (Base: 0x20000000, Size: 0x00003b10, Max: 0x00010000, ABSOLUTE, COMPRESSED[0x00000058])

    Base Addr    Size         Type   Attr      Idx    E Section Name        Object

    0x20000000   0x00000014   Data   RW          120    .data               stm32f10x_rcc.o
    0x20000014   0x00000014   Data   RW          502    .data               system_stm32f10x.o
    0x20000028   0x0000000c   Data   RW          520    .data               beep.o
    0x20000034   0x00000048   Data   RW          713    .data               pcf8563.o
    0x2000007c   0x00000004   Data   RW          732    .data               delay.o
    0x20000080   0x00000002   Data   RW          763    .data               usart.o
    0x20000082   0x00000002   PAD
    0x20000084   0x00000004   Data   RW          764    .data               usart.o
    0x20000088   0x00000001   Data   RW          786    .data               nvic.o
    0x20000089   0x00000003   PAD
    0x2000008c   0x00000027   Data   RW          801    .data               alarm.o
    0x200000b3   0x00000001   PAD
    0x200000b4   0x00000010   Data   RW          820    .data               alarms.o
    0x200000c4   0x00000004   Data   RW          868    .data               buttons.o
    0x200000c8   0x00000016   Data   RW          885    .data               display.o
    0x200000de   0x00000002   PAD
    0x200000e0   0x00000008   Data   RW          927    .data               m_display.o
    0x200000e8   0x00000008   Data   RW          942    .data               m_main.o
    0x200000f0   0x00000008   Data   RW          958    .data               menu.o
    0x200000f8   0x00000002   Data   RW          959    .data               menu.o
    0x200000fa   0x00000002   PAD
    0x200000fc   0x00000014   Data   RW          978    .data               millis.o
    0x20000110   0x00000008   Data   RW         1058    .data               settings.o
    0x20000118   0x0000000c   Data   RW         1072    .data               sleep.o
    0x20000124   0x00000008   Data   RW         1087    .data               sound.o
    0x2000012c   0x0000000c   Data   RW         1101    .data               stopwatch.o
    0x20000138   0x0000000c   Data   RW         1117    .data               time.o
    0x20000144   0x00000001   Data   RW         1119    .data               time.o
    0x20000145   0x00000003   PAD
    0x20000148   0x00000014   Data   RW         1138    .data               timedate.o
    0x2000015c   0x00000008   Data   RW         1152    .data               torch.o
    0x20000164   0x00000008   Data   RW         1168    .data               tune.o
    0x2000016c   0x00000010   Data   RW         1185    .data               tunemaker.o
    0x2000017c   0x00000004   Data   RW         1220    .data               pwrmgr.o
    0x20000180   0x0000000c   Data   RW         1236    .data               calendar.o
    0x2000018c   0x00000005   Data   RW         1254    .data               gui_log_console.o
    0x20000191   0x00000003   PAD
    0x20000194   0x00000011   Data   RW         1311    .data               watchface.o
    0x200001a5   0x00000003   PAD
    0x200001a8   0x00000008   Data   RW         1362    .data               games.o
    0x200001b0   0x0000000c   Data   RW         1378    .data               game1.o
    0x200001bc   0x00000014   Data   RW         1397    .data               game2.o
    0x200001d0   0x00000028   Data   RW         1415    .data               game3.o
    0x200001f8   0x00000009   Data   RW         1469    .data               game_snake.o
    0x20000201   0x00000001   PAD
    0x20000202   0x00000002   Data   RW         1493    .data               gamecontrol.o
    0x20000204   0x00000002   Data   RW         1508    .data               gamelife.o
    0x20000206   0x00000002   Data   RW         1526    .data               gametitle.o
    0x20000208   0x00000004   Data   RW         1619    .data               mc_w.l(rand.o)
    0x2000020c   0x00000004   Data   RW         2022    .data               mc_w.l(mvars.o)
    0x20000210   0x00000004   Data   RW         2023    .data               mc_w.l(mvars.o)
    0x20000214   0x00000004   Data   RW         2027    .data               mc_w.l(errno.o)
    0x20000218   0x00000400   Zero   RW          652    .bss                oled.o
    0x20000618   0x00000014   Zero   RW          710    .bss                pcf8563.o
    0x2000062c   0x000000c8   Zero   RW          762    .bss                usart.o
    0x200006f4   0x0000000c   Zero   RW          834    .bss                animation.o
    0x20000700   0x0000000c   Zero   RW          848    .bss                appconfig.o
    0x2000070c   0x00000030   Zero   RW          867    .bss                buttons.o
    0x2000073c   0x00000024   Zero   RW          956    .bss                menu.o
    0x20000760   0x00000009   Zero   RW         1115    .bss                time.o
    0x20000769   0x00000218   Zero   RW         1183    .bss                tunemaker.o
    0x20000981   0x00000590   Zero   RW         1252    .bss                gui_log_console.o
    0x20000f11   0x0000000a   Zero   RW         1290    .bss                rtc.o
    0x20000f1b   0x00000001   PAD
    0x20000f1c   0x00000010   Zero   RW         1376    .bss                game1.o
    0x20000f2c   0x00000009   Zero   RW         1395    .bss                game2.o
    0x20000f35   0x00000040   Zero   RW         1412    .bss                game3.o
    0x20000f75   0x00000003   PAD
    0x20000f78   0x00000594   Zero   RW         1462    .bss                game_snake.o
    0x2000150c   0x00002000   Zero   RW         1485    .bss                gamecontrol.o
    0x2000350c   0x00000004   PAD
    0x20003510   0x00000200   Zero   RW           18    HEAP                startup_stm32f10x_md.o
    0x20003710   0x00000400   Zero   RW           17    STACK               startup_stm32f10x_md.o


==============================================================================

Image component sizes


      Code (inc. data)   RO Data    RW Data    ZI Data      Debug   Object Name

       292          8          0          0          0       1119   adc.o
       844         32          0         39          0       4710   alarm.o
      1028        118          0         16          0       3546   alarms.o
       200         10          0          0         12       1612   animation.o
        40          4          0          0         12       1354   appconfig.o
       460         20          0         12          0       4258   beep.o
       476         40          0          4         48       3256   buttons.o
       756         54          0         12          0       3032   calendar.o
         0          0          0          0          0       4536   core_cm3.o
       152         14          0          4          0        955   delay.o
       560         18          0         22          0       3026   display.o
      1202         10          0          0          0       5359   draw.o
       992         84         17         12         16       2896   game1.o
      1004         94         38         20          9       2948   game2.o
       944        114         78         40         64       5641   game3.o
      1392         70          0          9       1428       5666   game_snake.o
       336         16          0          2       8192       2716   gamecontrol.o
       168         20          0          2          0       1714   gamelife.o
       252        112          0          8          0       1293   games.o
       816        144        734          2          0       3325   gametitle.o
        24          0          0          0          0        812   global.o
       584         26          0          5       1424       3907   gui_log_console.o
       840          8          0          0          0       4154   i2c_soft.o
       492        142          0          8          0       2308   m_display.o
       424        204          0          8          0       1416   m_main.o
       476         54         40          0          0       6525   main.o
      1080         60          5         10         36       6611   menu.o
       540        110          0         20          0       2389   millis.o
       176         14          0          0          0       1633   misc.o
       772        218          0          1          0       2200   nvic.o
       132         10          0          0       1024       1650   oled.o
       684          6          0          0          0       3026   oled_driver.o
      2528         74         96         72         20      12337   pcf8563.o
       136          4          0          4          0       1838   pwrmgr.o
         0          0       8280          0          0       3019   resources.o
       536         52          0          0         10       2801   rtc.o
       224        104          0          8          0        872   settings.o
       320         92          0         12          0       1721   sleep.o
       348         88          0          8          0       1977   sound.o
        36          8        236          0       1536        768   startup_stm32f10x_md.o
       816         24          0          0          0       9393   stm32f10x_adc.o
       232          8          0          0          0       2071   stm32f10x_exti.o
       612         36          0          0          0     264201   stm32f10x_gpio.o
        18          0          0          0          0       1138   stm32f10x_it.o
       172         12          0          0          0       1751   stm32f10x_pwr.o
       696         32          0         20          0       8004   stm32f10x_rcc.o
      2800         84          0          0          0      18130   stm32f10x_tim.o
       808         22          0          0          0       7236   stm32f10x_usart.o
       496         40          0         12          0       2127   stopwatch.o
       344         34          0         20          0       1671   system_stm32f10x.o
       612         60         12         13          9       4664   time.o
      1100        172          0         20          0       4028   timedate.o
       180         26          0          8          0       1129   torch.o
       112          8       1236          8          0       1542   tune.o
       900         82       4416         16        536       3366   tunemaker.o
         0          0         64          0          0        795   tunes.o
       276         16          0          6        200       3022   usart.o
      1532        184          0         17          0       3858   watchface.o

    ----------------------------------------------------------------------
     33976       3096      15292        520      14584     463052   Object Totals
         0          0         32          0          0          0   (incl. Generated)
         4          0          8         20          8          0   (incl. Padding)

    ----------------------------------------------------------------------

      Code (inc. data)   RO Data    RW Data    ZI Data      Debug   Library Member Name

       252         22         48          0          0        124   cos_i.o
        34          6          0          0          0        204   dunder.o
        40          0          0          0          0         68   fpclassify.o
       170          0          0          0          0         96   poly.o
       904         76        200          0          0        140   rred.o
       160         10          0          0          0        108   sin.o
       236         12         40          0          0        128   sin_i.o
        86          0          0          0          0          0   __dczerorl2.o
        28          0          0          0          0         68   _chval.o
       158          0          0          0          0         92   _strtoul.o
        26          0          0          0          0         80   atoi.o
        28          0          0          0          0         76   calloc.o
         8          4        133          0          0         68   ctype_o.o
         0          0          0          0          0          0   entry.o
         0          0          0          0          0          0   entry10a.o
         0          0          0          0          0          0   entry11a.o
         8          4          0          0          0          0   entry2.o
         4          0          0          0          0          0   entry5.o
         0          0          0          0          0          0   entry7b.o
         0          0          0          0          0          0   entry8b.o
         8          4          0          0          0          0   entry9a.o
        20         10          0          4          0        136   errno.o
        30          0          0          0          0          0   handlers.o
        36          8          0          0          0         68   init.o
         0          0          0          0          0          0   iusefp.o
        30          0          0          0          0         68   llshl.o
        36          0          0          0          0         68   llsshr.o
        32          0          0          0          0         68   llushr.o
       188         20          0          0          0        160   malloc.o
        36          0          0          0          0         68   memcpya.o
        36          0          0          0          0        108   memseta.o
         0          0          0          8          0          0   mvars.o
      2312        102          0          0          0        676   printfa.o
        36         10          0          4          0        136   rand.o
        24          0          0          0          0         68   strcat.o
        18          0          0          0          0         68   strcpy.o
        14          0          0          0          0         68   strlen.o
        24          0          0          0          0         76   strncpy.o
       112          0          0          0          0         88   strtol.o
        44          0          0          0          0         80   uidiv.o
        98          0          0          0          0         92   uldiv.o
        48          0          0          0          0         68   cdcmple.o
        48          0          0          0          0         68   cdrcmple.o
        20          0          0          0          0         68   cfcmple.o
        20          0          0          0          0         68   cfrcmple.o
        56          0          0          0          0         88   d2f.o
       334          0          0          0          0        148   dadd.o
       222          0          0          0          0        100   ddiv.o
       186          0          0          0          0        176   depilogue.o
        62          0          0          0          0         80   dfixi.o
        50          0          0          0          0         76   dfixui.o
        48          0          0          0          0         68   dfixul.o
        34          0          0          0          0         76   dflti.o
        26          0          0          0          0         76   dfltui.o
       228          0          0          0          0         96   dmul.o
        46          0          0          0          0         80   dscalb.o
        38          0          0          0          0         68   f2d.o
       176          0          0          0          0        140   fadd.o
       124          0          0          0          0         88   fdiv.o
       110          0          0          0          0        168   fepilogue.o
        50          0          0          0          0         68   ffixi.o
        40          0          0          0          0         68   ffixui.o
        18          0          0          0          0         68   fflti.o
        10          0          0          0          0         68   ffltui.o
       100          0          0          0          0         76   fmul.o
        24          0          0          0          0         68   fscalb.o

    ----------------------------------------------------------------------
      7404        288        424         16          0       5564   Library Totals
        10          0          3          0          0          0   (incl. Padding)

    ----------------------------------------------------------------------

      Code (inc. data)   RO Data    RW Data    ZI Data      Debug   Library Name

      1796        126        288          0          0        868   m_ws.l
      3480        162        133         16          0       2480   mc_w.l
      2118          0          0          0          0       2216   mf_w.l

    ----------------------------------------------------------------------
      7404        288        424         16          0       5564   Library Totals

    ----------------------------------------------------------------------

==============================================================================


      Code (inc. data)   RO Data    RW Data    ZI Data      Debug   

     41380       3384      15716        536      14584     458864   Grand Totals
     41380       3384      15716         88      14584     458864   ELF Image Totals (compressed)
     41380       3384      15716         88          0          0   ROM Totals

==============================================================================

    Total RO  Size (Code + RO Data)                57096 (  55.76kB)
    Total RW  Size (RW Data + ZI Data)             15120 (  14.77kB)
    Total ROM Size (Code + RO Data + RW Data)      57184 (  55.84kB)

==============================================================================

