Component: ARM Compiler 5.05 update 1 (build 106) Tool: armlink [4d0efa]

==============================================================================

Section Cross References

    startup_stm32f10x_md.o(RESET) refers to startup_stm32f10x_md.o(STACK) for __initial_sp
    startup_stm32f10x_md.o(RESET) refers to startup_stm32f10x_md.o(.text) for Reset_Handler
    startup_stm32f10x_md.o(RESET) refers to stm32f10x_it.o(.text) for NMI_Handler
    startup_stm32f10x_md.o(RESET) refers to nvic.o(.text) for EXTI4_IRQHandler
    startup_stm32f10x_md.o(RESET) refers to millis.o(.text) for TIM3_IRQHandler
    startup_stm32f10x_md.o(RESET) refers to usart.o(.text) for USART1_IRQHandler
    startup_stm32f10x_md.o(.text) refers to system_stm32f10x.o(.text) for SystemInit
    startup_stm32f10x_md.o(.text) refers to entry.o(.ARM.Collect$$$$00000000) for __main
    stm32f10x_gpio.o(.text) refers to stm32f10x_rcc.o(.text) for RCC_APB2PeriphResetCmd
    stm32f10x_rcc.o(.text) refers to stm32f10x_rcc.o(.data) for .data
    stm32f10x_usart.o(.text) refers to stm32f10x_rcc.o(.text) for RCC_APB2PeriphResetCmd
    stm32f10x_tim.o(.text) refers to stm32f10x_rcc.o(.text) for RCC_APB1PeriphResetCmd
    stm32f10x_spi.o(.text) refers to stm32f10x_rcc.o(.text) for RCC_APB2PeriphResetCmd
    stm32f10x_adc.o(.text) refers to stm32f10x_rcc.o(.text) for RCC_APB2PeriphResetCmd
    stm32f10x_pwr.o(.text) refers to stm32f10x_rcc.o(.text) for RCC_APB1PeriphResetCmd
    stm32f10x_bkp.o(.text) refers to stm32f10x_rcc.o(.text) for RCC_BackupResetCmd
    main.o(.text) refers to stm32f10x_rcc.o(.text) for RCC_APB2PeriphClockCmd
    main.o(.text) refers to stm32f10x_gpio.o(.text) for GPIO_Init
    main.o(.text) refers to memcpya.o(.text) for __aeabi_memcpy4
    main.o(.text) refers to draw.o(.text) for draw_bitmap
    main.o(.text) refers to oled.o(.text) for OLED_Flush
    main.o(.text) refers to delay.o(.text) for delay_ms
    main.o(.text) refers to misc.o(.text) for NVIC_PriorityGroupConfig
    main.o(.text) refers to usart.o(.text) for uart_init
    main.o(.text) refers to printfa.o(i.__0printf) for __2printf
    main.o(.text) refers to adc.o(.text) for Adc_Init
    main.o(.text) refers to nvic.o(.text) for KEY_INT_INIT
    main.o(.text) refers to millis.o(.text) for millis_init
    main.o(.text) refers to appconfig.o(.text) for appconfig_init
    main.o(.text) refers to i2c_soft.o(.text) for I2C_GPIO_Config
    main.o(.text) refers to rtc.o(.text) for RTC_Init
    main.o(.text) refers to time.o(.text) for time_update
    main.o(.text) refers to gui_log_console.o(.text) for console_log
    main.o(.text) refers to alarm.o(.text) for alarm_init
    main.o(.text) refers to bma423_watch.o(.text) for bmaConfig
    main.o(.text) refers to beep.o(.text) for buzzer_init
    main.o(.text) refers to buttons.o(.text) for buttons_init
    main.o(.text) refers to pwrmgr.o(.text) for pwrmgr_init
    main.o(.text) refers to display.o(.text) for display_set
    main.o(.text) refers to stopwatch.o(.text) for stopwatch_update
    main.o(.text) refers to main.o(.constdata) for .constdata
    main.o(.text) refers to millis.o(.data) for milliseconds
    main.o(.text) refers to watchface.o(.text) for watchface_normal
    main.o(.text) refers to pwrmgr.o(.data) for SleepRequested
    main.o(.constdata) refers to resources.o(.constdata) for space_image1
    main.o(.constdata) refers to resources.o(.constdata) for space_image2
    main.o(.constdata) refers to resources.o(.constdata) for space_image3
    main.o(.constdata) refers to resources.o(.constdata) for space_image4
    main.o(.constdata) refers to resources.o(.constdata) for space_image5
    main.o(.constdata) refers to resources.o(.constdata) for space_image6
    main.o(.constdata) refers to resources.o(.constdata) for space_image7
    main.o(.constdata) refers to resources.o(.constdata) for space_image8
    main.o(.constdata) refers to resources.o(.constdata) for space_image9
    main.o(.constdata) refers to resources.o(.constdata) for space_image10
    system_stm32f10x.o(.text) refers to system_stm32f10x.o(.data) for .data
    beep.o(.text) refers to stm32f10x_rcc.o(.text) for RCC_APB1PeriphClockCmd
    beep.o(.text) refers to stm32f10x_gpio.o(.text) for GPIO_PinRemapConfig
    beep.o(.text) refers to stm32f10x_tim.o(.text) for TIM_TimeBaseInit
    beep.o(.text) refers to millis.o(.text) for millis_get
    beep.o(.text) refers to beep.o(.data) for .data
    beep.o(.text) refers to appconfig.o(.bss) for appConfig
    i2c_soft.o(.text) refers to stm32f10x_rcc.o(.text) for RCC_APB2PeriphClockCmd
    i2c_soft.o(.text) refers to stm32f10x_gpio.o(.text) for GPIO_Init
    i2c_soft.o(.text) refers to delay.o(.text) for delay_us
    i2c_soft.o(.text) refers to printfa.o(i.__0printf) for __2printf
    adc.o(.text) refers to stm32f10x_rcc.o(.text) for RCC_APB2PeriphClockCmd
    adc.o(.text) refers to stm32f10x_gpio.o(.text) for GPIO_Init
    adc.o(.text) refers to stm32f10x_adc.o(.text) for ADC_DeInit
[...]
    PCF8563_EnableAlarm                      0x08002cf1   Thumb Code    64  pcf8563.o(.text)
    PCF8563_SetAlarm                         0x08002d31   Thumb Code   204  pcf8563.o(.text)
    PCF8563_ClearAlarm                       0x08002dfd   Thumb Code    60  pcf8563.o(.text)
    PCF8563_ResetAlarm                       0x08002e39   Thumb Code    60  pcf8563.o(.text)
    PCF8563_TimerEnabled                     0x08002e75   Thumb Code    24  pcf8563.o(.text)
    PCF8563_TimerActive                      0x08002e8d   Thumb Code    12  pcf8563.o(.text)
    PCF8563_EnableTimer                      0x08002e99   Thumb Code   110  pcf8563.o(.text)
    PCF8563_SetTimer                         0x08002f07   Thumb Code   132  pcf8563.o(.text)
    PCF8563_ClearTimer                       0x08002f8b   Thumb Code   106  pcf8563.o(.text)
    PCF8563_ResetTimer                       0x08002ff5   Thumb Code    74  pcf8563.o(.text)
    PCF8563_SetSquareWave                    0x0800303f   Thumb Code    46  pcf8563.o(.text)
    PCF8563_ClearSquareWave                  0x0800306d   Thumb Code     4  pcf8563.o(.text)
    PCF8563_FormatTime                       0x08003071   Thumb Code    38  pcf8563.o(.text)
    PCF8563_FormatDate                       0x08003097   Thumb Code    52  pcf8563.o(.text)
    PCF8563_GetTimestamp                     0x080030cb   Thumb Code    98  pcf8563.o(.text)
    PCF8563_InitClock                        0x0800312d   Thumb Code    14  pcf8563.o(.text)
    PCF8563_SetTime                          0x0800313b   Thumb Code    32  pcf8563.o(.text)
    PCF8563_GetTime                          0x0800315b   Thumb Code     4  pcf8563.o(.text)
    PCF8563_SetDate                          0x0800315f   Thumb Code    24  pcf8563.o(.text)
    PCF8563_GetDate                          0x08003177   Thumb Code     4  pcf8563.o(.text)
    I2C2_GPIO_Config                         0x080031e1   Thumb Code    58  i2c_soft2.o(.text)
    I2C2_SDA_IN                              0x0800321b   Thumb Code    26  i2c_soft2.o(.text)
    I2C2_SDA_OUT                             0x08003235   Thumb Code    32  i2c_soft2.o(.text)
    I2C2_Start                               0x08003255   Thumb Code    66  i2c_soft2.o(.text)
    I2C2_Stop                                0x08003297   Thumb Code    50  i2c_soft2.o(.text)
    I2C2_Ack                                 0x080032c9   Thumb Code    48  i2c_soft2.o(.text)
    I2C2_NoAck                               0x080032f9   Thumb Code    54  i2c_soft2.o(.text)
    I2C2_WaitAck                             0x0800332f   Thumb Code    82  i2c_soft2.o(.text)
    I2C2_SendByte                            0x08003381   Thumb Code    80  i2c_soft2.o(.text)
    I2C2_ReceiveByte                         0x080033d1   Thumb Code    82  i2c_soft2.o(.text)
    I2C2_ScanDevices                         0x08003423   Thumb Code    60  i2c_soft2.o(.text)
    delay_init                               0x080034b1   Thumb Code    46  delay.o(.text)
    delay_us                                 0x080034df   Thumb Code    46  delay.o(.text)
    delay_ms                                 0x0800350d   Thumb Code    46  delay.o(.text)
    _sys_exit                                0x08003549   Thumb Code     2  usart.o(.text)
    fputc                                    0x0800354b   Thumb Code    18  usart.o(.text)
    uart_init                                0x0800355d   Thumb Code   152  usart.o(.text)
    USART1_IRQHandler                        0x080035f5   Thumb Code    88  usart.o(.text)
    nvic_sleep                               0x0800365d   Thumb Code    58  nvic.o(.text)
    RCC_Configuration                        0x08003697   Thumb Code   104  nvic.o(.text)
    nvic_wake_up                             0x080036ff   Thumb Code    52  nvic.o(.text)
    KEY_INT_INIT                             0x08003733   Thumb Code    84  nvic.o(.text)
    EXTI9_5_IRQHandler                       0x08003787   Thumb Code    88  nvic.o(.text)
    RTC_INT_INIT                             0x080037df   Thumb Code    96  nvic.o(.text)
    RTC_Alarm_Handler                        0x0800383f   Thumb Code    42  nvic.o(.text)
    EXTI4_IRQHandler                         0x08003869   Thumb Code    32  nvic.o(.text)
    alarm_is_enabled                         0x08003979   Thumb Code    32  alarm.o(.text)
    rtc_set_pcf8563_alarm                    0x08003999   Thumb Code    30  alarm.o(.text)
    alarm_get                                0x080039b7   Thumb Code    18  alarm.o(.text)
    alarm_getNext                            0x080039c9   Thumb Code    32  alarm.o(.text)
    rtc_set_alarm                            0x080039e9   Thumb Code   214  alarm.o(.text)
    alarm_init                               0x08003b5d   Thumb Code    18  alarm.o(.text)
    alarm_reset                              0x08003b6f   Thumb Code     8  alarm.o(.text)
    alarm_getNextDay                         0x08003b77   Thumb Code     8  alarm.o(.text)
    alarm_save                               0x08003b7f   Thumb Code    18  alarm.o(.text)
    alarm_update                             0x08003c05   Thumb Code   102  alarm.o(.text)
    alarm_need_updateAlarm_in_nextLoop       0x08003c6b   Thumb Code    10  alarm.o(.text)
    alarm_updateNextAlarm                    0x08003c75   Thumb Code     2  alarm.o(.text)
    mAlarmsOpen                              0x080040af   Thumb Code    44  alarms.o(.text)
    animation_init                           0x080041c5   Thumb Code    10  animation.o(.text)
    animation_update                         0x080041cf   Thumb Code   120  animation.o(.text)
    animation_start                          0x08004247   Thumb Code    34  animation.o(.text)
    animation_active                         0x08004269   Thumb Code     6  animation.o(.text)
    animation_movingOn                       0x0800426f   Thumb Code    14  animation.o(.text)
    animation_offsetY                        0x0800427d   Thumb Code     6  animation.o(.text)
    appconfig_save                           0x0800428d   Thumb Code     2  appconfig.o(.text)
    appconfig_reset                          0x0800428f   Thumb Code    30  appconfig.o(.text)
    appconfig_init                           0x080042ad   Thumb Code     2  appconfig.o(.text)
    buttons_startup                          0x080042b5   Thumb Code    76  buttons.o(.text)
    buttons_init                             0x08004301   Thumb Code    22  buttons.o(.text)
    buttons_update                           0x08004317   Thumb Code    28  buttons.o(.text)
    buttons_shutdown                         0x08004333   Thumb Code     2  buttons.o(.text)
    buttons_setFunc                          0x08004335   Thumb Code    12  buttons.o(.text)
    buttons_setFuncs                         0x08004341   Thumb Code    10  buttons.o(.text)
    buttons_isActive                         0x0800434b   Thumb Code    58  buttons.o(.text)
    buttons_wake                             0x08004385   Thumb Code    44  buttons.o(.text)
    display_is_ani_active                    0x080044ad   Thumb Code    20  display.o(.text)
    display_set                              0x080044c1   Thumb Code     8  display.o(.text)
    display_load                             0x080044c9   Thumb Code    14  display.o(.text)
    display_setDrawFunc                      0x080044d7   Thumb Code    12  display.o(.text)
    display_update                           0x0800461d   Thumb Code   124  display.o(.text)
    display_startCRTAnim                     0x08004699   Thumb Code    50  display.o(.text)
    draw_bitmap                              0x080046dd   Thumb Code   308  draw.o(.text)
    draw_string                              0x08004811   Thumb Code   110  draw.o(.text)
    draw_string_P                            0x0800487f   Thumb Code    54  draw.o(.text)
    draw_string_center                       0x080048b5   Thumb Code   144  draw.o(.text)
    draw_string_min                          0x08004945   Thumb Code    82  draw.o(.text)
    draw_bitmap2                             0x08004997   Thumb Code   292  draw.o(.text)
    draw_clearArea                           0x08004abb   Thumb Code    16  draw.o(.text)
    draw_end                                 0x08004acb   Thumb Code     4  draw.o(.text)
    draw_set_point                           0x08004acf   Thumb Code    60  draw.o(.text)
    draw_get_point                           0x08004b0b   Thumb Code    42  draw.o(.text)
    draw_fill_screen                         0x08004b35   Thumb Code    62  draw.o(.text)
    global_init                              0x08004b8f   Thumb Code     2  global.o(.text)
    global_update                            0x08004b91   Thumb Code     2  global.o(.text)
    div10                                    0x08004b93   Thumb Code     8  global.o(.text)
    mod10                                    0x08004b9b   Thumb Code    12  global.o(.text)
    mDisplayOpen                             0x08004c85   Thumb Code    50  m_display.o(.text)
    mMainOpen                                0x08004e57   Thumb Code    22  m_main.o(.text)
    exitMeThenRun                            0x08004f3d   Thumb Code     6  menu.o(.text)
    back_to_watchface                        0x08004f43   Thumb Code    16  menu.o(.text)
    menu_select                              0x08004f53   Thumb Code    40  menu.o(.text)
    menu_down                                0x08004f7b   Thumb Code    14  menu.o(.text)
    menu_up                                  0x08004f89   Thumb Code    14  menu.o(.text)
    menu_draw                                0x0800509f   Thumb Code   128  menu.o(.text)
    setMenuOption                            0x0800511f   Thumb Code   166  menu.o(.text)
    setMenuOption_P                          0x080051c5   Thumb Code    40  menu.o(.text)
    menu_isOpen                              0x080051ed   Thumb Code     6  menu.o(.text)
    menu_close                               0x080051f3   Thumb Code    22  menu.o(.text)
    setPrevMenuOpen                          0x08005209   Thumb Code    18  menu.o(.text)
    exitSelected                             0x0800521b   Thumb Code    20  menu.o(.text)
    setPrevMenuExit                          0x0800522f   Thumb Code    30  menu.o(.text)
    back                                     0x0800524d   Thumb Code    12  menu.o(.text)
    addBackOption                            0x08005259   Thumb Code    18  menu.o(.text)
    showMeThenRun                            0x0800526b   Thumb Code     6  menu.o(.text)
    setMenuInfo                              0x08005271   Thumb Code    30  menu.o(.text)
    setMenuFuncs                             0x0800528f   Thumb Code    14  menu.o(.text)
    nextOption                               0x080052b9   Thumb Code    22  menu.o(.text)
    prevOption                               0x080052cf   Thumb Code    22  menu.o(.text)
    doAction                                 0x080052e5   Thumb Code    12  menu.o(.text)
    millis_init                              0x08005375   Thumb Code   104  millis.o(.text)
    millis_get                               0x080053dd   Thumb Code     6  millis.o(.text)
    TIM3_IRQHandler                          0x080053e3   Thumb Code   222  millis.o(.text)
    mSettingsOpen                            0x080055d9   Thumb Code    44  settings.o(.text)
    mSleepOpen                               0x0800571d   Thumb Code    52  sleep.o(.text)
    mSoundOpen                               0x08005839   Thumb Code    50  sound.o(.text)
    stopwatch_open                           0x08005a85   Thumb Code    28  stopwatch.o(.text)
    stopwatch_active                         0x08005aa1   Thumb Code    12  stopwatch.o(.text)
    stopwatch_update                         0x08005aad   Thumb Code    36  stopwatch.o(.text)
    time_wake                                0x08005af9   Thumb Code    20  time.o(.text)
    time_init                                0x08005b0d   Thumb Code     2  time.o(.text)
    time_sleep                               0x08005b0f   Thumb Code     2  time.o(.text)
    time_shutdown                            0x08005b11   Thumb Code     2  time.o(.text)
    time_timeMode                            0x08005b13   Thumb Code    76  time.o(.text)
    time_set                                 0x08005b5f   Thumb Code    44  time.o(.text)
    time_isLeapYear                          0x08005b8b   Thumb Code    12  time.o(.text)
    time_calcWeekDay                         0x08005b97   Thumb Code   116  time.o(.text)
    time_monthDayCount                       0x08005c0b   Thumb Code    24  time.o(.text)
    time_timeStr                             0x08005c23   Thumb Code    26  time.o(.text)
    time_update                              0x08005c3d   Thumb Code   116  time.o(.text)
    time_getNextZhengdiao                    0x08005cb1   Thumb Code    74  time.o(.text)
    tmWdayToDay                              0x08005cfb   Thumb Code    22  time.o(.text)
    dayToTmWday                              0x08005d11   Thumb Code    22  time.o(.text)
    dayToPcf8563Day                          0x08005d27   Thumb Code    12  time.o(.text)
    timeDateMonthToTmMonth                   0x08005d33   Thumb Code     6  time.o(.text)
    tmMonthToTimeDateMonth                   0x08005d39   Thumb Code     6  time.o(.text)
    mTimeDateOpen                            0x080060d9   Thumb Code    72  timedate.o(.text)
    torch_open                               0x08006265   Thumb Code    34  torch.o(.text)
    tune_play                                0x080062d5   Thumb Code    28  tune.o(.text)
    tune_stop                                0x080062f1   Thumb Code    24  tune.o(.text)
    OLED_DrawPoint                           0x080063bb   Thumb Code    42  tunemaker.o(.text)
    OLED_DrawLine                            0x080063e5   Thumb Code   148  tunemaker.o(.text)
    __SysTick                                0x08006479   Thumb Code    20  tunemaker.o(.text)
    tunemakerOpen                            0x08006613   Thumb Code    48  tunemaker.o(.text)
    pwrmgr_init                              0x08006695   Thumb Code    10  pwrmgr.o(.text)
    userWake                                 0x0800669f   Thumb Code    22  pwrmgr.o(.text)
    pwrmgr_update                            0x080066b5   Thumb Code   104  pwrmgr.o(.text)
    pwrmgr_userActive                        0x0800671d   Thumb Code    14  pwrmgr.o(.text)
    getItemPosX                              0x080067a9   Thumb Code    14  calendar.o(.text)
    showCalendar                             0x0800683d   Thumb Code   452  calendar.o(.text)
    calendarOpen                             0x08006a13   Thumb Code    48  calendar.o(.text)
    gui_print_s                              0x08006a79   Thumb Code    20  gui_log_console.o(.text)
    up_line                                  0x08006a8d   Thumb Code    22  gui_log_console.o(.text)
    down_line                                0x08006aa3   Thumb Code    22  gui_log_console.o(.text)
    console_loop_show                        0x08006ab9   Thumb Code    76  gui_log_console.o(.text)
    strcopy_cnt                              0x08006b05   Thumb Code    24  gui_log_console.o(.text)
    find_huanhang_str_idx                    0x08006b1d   Thumb Code    28  gui_log_console.o(.text)
    console_log                              0x08006b39   Thumb Code   366  gui_log_console.o(.text)
    ShutDown                                 0x08006cc7   Thumb Code     8  my_menu.o(.text)
    cmd2                                     0x08006ccf   Thumb Code     6  my_menu.o(.text)
    cmd3                                     0x08006cd5   Thumb Code    16  my_menu.o(.text)
    my_menu_open                             0x08006d27   Thumb Code    56  my_menu.o(.text)
    my_menu_open2                            0x08006d5f   Thumb Code    26  my_menu.o(.text)
    RTC_Init                                 0x08006ded   Thumb Code     4  rtc.o(.text)
    RTC_ClearAlarm                           0x08006df1   Thumb Code     4  rtc.o(.text)
    RTC_Set_Datetime                         0x08006df5   Thumb Code    54  rtc.o(.text)
    RTC_Config                               0x08006e7b   Thumb Code     4  rtc.o(.text)
    RTC_SetNextMinuteAlarm                   0x08006e7f   Thumb Code    36  rtc.o(.text)
    RTC_Set_Alarm                            0x08006ea3   Thumb Code    28  rtc.o(.text)
    RTC_Read_Datetime                        0x08006ebf   Thumb Code    62  rtc.o(.text)
    RTC_GetTemperature                       0x08006efd   Thumb Code     4  rtc.o(.text)
    RTC_PrintAlarm                           0x08006f01   Thumb Code    44  rtc.o(.text)
    getBatteryAndOthers                      0x08007005   Thumb Code     2  watchface.o(.text)
    watchface_normal                         0x080074ed   Thumb Code    28  watchface.o(.text)
    _readRegister                            0x08007611   Thumb Code   158  bma423_watch.o(.text)
    _writeRegister                           0x080076af   Thumb Code   120  bma423_watch.o(.text)
    enableDoubleTap                          0x08007727   Thumb Code    22  bma423_watch.o(.text)
    enableTiltWrist                          0x0800773d   Thumb Code    22  bma423_watch.o(.text)
    bmaConfig                                0x08007753   Thumb Code   234  bma423_watch.o(.text)
    resetStepCounter                         0x0800783d   Thumb Code     4  bma423_watch.o(.text)
    bma_read_acc                             0x08007841   Thumb Code   176  bma423_watch.o(.text)
    bma423_get_temp                          0x080078f1   Thumb Code    36  bma423_watch.o(.text)
    set_accel_config                         0x08007cdd   Thumb Code    44  bma423_watch.o(.text)
    read_accel_xyz                           0x08007d09   Thumb Code    36  bma423_watch.o(.text)
    getTemp                                  0x08007d2d   Thumb Code   162  bma423_watch.o(.text)
    initBma423                               0x08007dcf   Thumb Code   168  bma423_watch.o(.text)
    showAccelerometer                        0x08007e77   Thumb Code    32  bma423_watch.o(.text)
    bma423_get_direction                     0x08007e97   Thumb Code     4  bma423_watch.o(.text)
    mGamesOpen                               0x08008099   Thumb Code    44  games.o(.text)
    game1_draw                               0x0800816f   Thumb Code   762  game1.o(.text)
    game1_start                              0x08008469   Thumb Code    88  game1.o(.text)
    game2_start                              0x08008855   Thumb Code    78  game2.o(.text)
    draw_bitmap_set                          0x08008901   Thumb Code    26  game3.o(.text)
    draw_bitmap_s2                           0x0800891b   Thumb Code    26  game3.o(.text)
    game3_start                              0x08008bcf   Thumb Code    78  game3.o(.text)
    _DrawPoint                               0x08008c1d   Thumb Code    34  game3.o(.text)
    Create_Wall                              0x08008cb1   Thumb Code    66  game_snake.o(.text)
    Paint_Clean                              0x08008cf3   Thumb Code    64  game_snake.o(.text)
    Paint_Food                               0x08008d33   Thumb Code   120  game_snake.o(.text)
    Paint_Body                               0x08008dab   Thumb Code   110  game_snake.o(.text)
    Snake_Refresh                            0x08008e19   Thumb Code    84  game_snake.o(.text)
    isBlank                                  0x08008e6d   Thumb Code    24  game_snake.o(.text)
    Gen_One_Food                             0x08008e85   Thumb Code    72  game_snake.o(.text)
    Gen_Food                                 0x08008ecd   Thumb Code    42  game_snake.o(.text)
    Snake_Init                               0x08008ef7   Thumb Code    84  game_snake.o(.text)
    Grid_Bound                               0x08008f4b   Thumb Code    44  game_snake.o(.text)
    Move                                     0x08008f77   Thumb Code   120  game_snake.o(.text)
    Eat_Food                                 0x08008fef   Thumb Code    68  game_snake.o(.text)
    drawSnake                                0x08009033   Thumb Code    48  game_snake.o(.text)
    GameOver                                 0x08009063   Thumb Code    48  game_snake.o(.text)
    game_snake_draw                          0x0800910b   Thumb Code   170  game_snake.o(.text)
    game_snake_start                         0x080091b5   Thumb Code    38  game_snake.o(.text)
    NeighborCount                            0x08009221   Thumb Code    94  gamecontrol.o(.text)
    flushToScreen                            0x0800927f   Thumb Code    50  gamecontrol.o(.text)
    initGame                                 0x080092b1   Thumb Code    34  gamecontrol.o(.text)
    computeAllPointsStatus                   0x080092d3   Thumb Code    92  gamecontrol.o(.text)
    updateGame                               0x0800932f   Thumb Code    12  gamecontrol.o(.text)
    drawGame                                 0x0800933b   Thumb Code    46  gamecontrol.o(.text)
    game_life_draw                           0x0800938d   Thumb Code    82  gamelife.o(.text)
    game_life_start                          0x080093df   Thumb Code    38  gamelife.o(.text)
    initTitle                                0x08009419   Thumb Code     8  gametitle.o(.text)
    updateTitle                              0x08009421   Thumb Code    60  gametitle.o(.text)
    drawTitle                                0x08009519   Thumb Code   264  gametitle.o(.text)
    clearHeader                              0x08009621   Thumb Code    10  gametitle.o(.text)
    bma4_get_advance_power_save              0x08009791   Thumb Code    44  bma4.o(.text)
    bma4_write_regs                          0x0800981f   Thumb Code   252  bma4.o(.text)
    bma4_set_advance_power_save              0x0800991b   Thumb Code    62  bma4.o(.text)
    bma4_read_regs                           0x08009959   Thumb Code   250  bma4.o(.text)
    bma4_init                                0x08009a53   Thumb Code    62  bma4.o(.text)
    bma4_write_config_file                   0x08009a91   Thumb Code   254  bma4.o(.text)
    bma4_get_error_status                    0x08009b8f   Thumb Code    70  bma4.o(.text)
    bma4_get_status                          0x08009bd5   Thumb Code    40  bma4.o(.text)
    bma4_read_accel_xyz                      0x08009bfd   Thumb Code   156  bma4.o(.text)
    bma4_get_sensor_time                     0x08009c99   Thumb Code    54  bma4.o(.text)
    bma4_get_temperature                     0x08009ccf   Thumb Code    98  bma4.o(.text)
    bma4_get_accel_config                    0x08009d31   Thumb Code    70  bma4.o(.text)
    bma4_set_accel_config                    0x08009d77   Thumb Code   132  bma4.o(.text)
    bma4_set_fifo_self_wakeup                0x08009dfb   Thumb Code    62  bma4.o(.text)
    bma4_get_fifo_self_wakeup                0x08009e39   Thumb Code    44  bma4.o(.text)
    bma4_set_accel_enable                    0x08009e65   Thumb Code    62  bma4.o(.text)
    bma4_get_accel_enable                    0x08009ea3   Thumb Code    44  bma4.o(.text)
    bma4_set_mag_enable                      0x08009ecf   Thumb Code    62  bma4.o(.text)
    bma4_get_mag_enable                      0x08009f0d   Thumb Code    44  bma4.o(.text)
    bma4_get_spi_interface                   0x08009f39   Thumb Code    44  bma4.o(.text)
    bma4_set_spi_interface                   0x08009f65   Thumb Code    70  bma4.o(.text)
    bma4_set_command_register                0x08009fab   Thumb Code    22  bma4.o(.text)
    bma4_set_i2c_device_addr                 0x08009fc1   Thumb Code    66  bma4.o(.text)
    bma4_set_mag_manual_enable               0x0800a003   Thumb Code    80  bma4.o(.text)
    bma4_get_mag_manual_enable               0x0800a053   Thumb Code    42  bma4.o(.text)
    bma4_set_aux_if_mode                     0x0800a07d   Thumb Code    62  bma4.o(.text)
    bma4_get_mag_read_addr                   0x0800a0bb   Thumb Code    40  bma4.o(.text)
    bma4_set_mag_read_addr                   0x0800a0e3   Thumb Code    26  bma4.o(.text)
    bma4_get_mag_write_addr                  0x0800a0fd   Thumb Code    40  bma4.o(.text)
    bma4_set_mag_write_addr                  0x0800a125   Thumb Code    22  bma4.o(.text)
    bma4_get_mag_write_data                  0x0800a13b   Thumb Code    40  bma4.o(.text)
    bma4_set_mag_write_data                  0x0800a163   Thumb Code    22  bma4.o(.text)
    bma4_read_mag_xyzr                       0x0800a179   Thumb Code   130  bma4.o(.text)
    bma4_set_mag_burst                       0x0800a1fb   Thumb Code    62  bma4.o(.text)
    bma4_get_mag_burst                       0x0800a239   Thumb Code    44  bma4.o(.text)
    bma4_read_fifo_data                      0x0800a265   Thumb Code   116  bma4.o(.text)
    bma4_extract_accel                       0x0800a4a1   Thumb Code   182  bma4.o(.text)
    bma4_second_if_mag_compensate_xyz        0x0800a557   Thumb Code     4  bma4.o(.text)
    bma4_extract_mag                         0x0800a5e1   Thumb Code   182  bma4.o(.text)
    bma4_get_fifo_wm                         0x0800a697   Thumb Code    38  bma4.o(.text)
    bma4_set_fifo_wm                         0x0800a6bd   Thumb Code    64  bma4.o(.text)
    bma4_get_accel_fifo_filter_data          0x0800a6fd   Thumb Code    42  bma4.o(.text)
    bma4_set_accel_fifo_filter_data          0x0800a727   Thumb Code    70  bma4.o(.text)
    bma4_get_fifo_down_accel                 0x0800a76d   Thumb Code    44  bma4.o(.text)
    bma4_set_fifo_down_accel                 0x0800a799   Thumb Code    62  bma4.o(.text)
    bma4_get_fifo_length                     0x0800a7d7   Thumb Code    50  bma4.o(.text)
    bma4_read_mag_xyz                        0x0800a809   Thumb Code    10  bma4.o(.text)
    bma4_get_if_mode                         0x0800a813   Thumb Code    44  bma4.o(.text)
    bma4_set_if_mode                         0x0800a83f   Thumb Code    70  bma4.o(.text)
    bma4_get_accel_data_rdy                  0x0800a885   Thumb Code    42  bma4.o(.text)
    bma4_get_mag_data_rdy                    0x0800a8af   Thumb Code    44  bma4.o(.text)
    bma4_get_asic_status                     0x0800a8db   Thumb Code    66  bma4.o(.text)
    bma4_set_offset_comp                     0x0800a91d   Thumb Code    62  bma4.o(.text)
    bma4_get_offset_comp                     0x0800a95b   Thumb Code    44  bma4.o(.text)
    bma4_perform_accel_foc                   0x0800aa2b   Thumb Code   404  bma4.o(.text)
    bma4_selftest_config                     0x0800ac05   Thumb Code   160  bma4.o(.text)
    bma4_perform_accel_selftest              0x0800aca5   Thumb Code   350  bma4.o(.text)
    bma4_map_interrupt                       0x0800ae03   Thumb Code   172  bma4.o(.text)
    bma4_set_interrupt_mode                  0x0800aeaf   Thumb Code    36  bma4.o(.text)
    bma4_get_interrupt_mode                  0x0800aed3   Thumb Code    36  bma4.o(.text)
    bma4_set_aux_mag_config                  0x0800aef7   Thumb Code    54  bma4.o(.text)
    bma4_get_aux_mag_config                  0x0800af2d   Thumb Code    52  bma4.o(.text)
    bma4_set_fifo_config                     0x0800af61   Thumb Code   130  bma4.o(.text)
    bma4_get_fifo_config                     0x0800afe3   Thumb Code    48  bma4.o(.text)
    bma4_set_int_pin_config                  0x0800b013   Thumb Code    94  bma4.o(.text)
    bma4_get_int_pin_config                  0x0800b071   Thumb Code    88  bma4.o(.text)
    bma4_read_int_status                     0x0800b0c9   Thumb Code    44  bma4.o(.text)
    bma4_read_int_status_0                   0x0800b0f5   Thumb Code    18  bma4.o(.text)
    bma4_read_int_status_1                   0x0800b107   Thumb Code    18  bma4.o(.text)
    bma4_aux_interface_init                  0x0800b119   Thumb Code    28  bma4.o(.text)
    bma4_aux_read                            0x0800b1f1   Thumb Code    40  bma4.o(.text)
    bma4_aux_write                           0x0800b219   Thumb Code   108  bma4.o(.text)
    bma423_init                              0x0800b6ad   Thumb Code    36  bma423.o(.text)
    bma423_write_config_file                 0x0800b6d1   Thumb Code    46  bma423.o(.text)
    bma423_get_feature_config                0x0800b6ff   Thumb Code    12  bma423.o(.text)
    bma423_get_config_id                     0x0800b70b   Thumb Code    66  bma423.o(.text)
    bma423_map_interrupt                     0x0800b74d   Thumb Code    34  bma423.o(.text)
    bma423_read_int_status                   0x0800b76f   Thumb Code    20  bma423.o(.text)
    bma423_feature_enable                    0x0800b783   Thumb Code    96  bma423.o(.text)
    bma423_set_remap_axes                    0x0800b7e3   Thumb Code   122  bma423.o(.text)
    bma423_get_remap_axes                    0x0800b85d   Thumb Code   108  bma423.o(.text)
    bma423_anymotion_enable_axis             0x0800b8c9   Thumb Code    70  bma423.o(.text)
    bma423_set_any_motion_config             0x0800b90f   Thumb Code   110  bma423.o(.text)
    bma423_get_any_motion_config             0x0800b97d   Thumb Code    78  bma423.o(.text)
    bma423_step_detector_enable              0x0800b9cb   Thumb Code    74  bma423.o(.text)
    bma423_step_counter_set_watermark        0x0800ba15   Thumb Code    88  bma423.o(.text)
    bma423_step_counter_get_watermark        0x0800ba6d   Thumb Code    68  bma423.o(.text)
    bma423_reset_step_counter                0x0800bab1   Thumb Code    78  bma423.o(.text)
    bma423_step_counter_output               0x0800baff   Thumb Code    72  bma423.o(.text)
    bma423_activity_output                   0x0800bb47   Thumb Code    50  bma423.o(.text)
    bma423_stepcounter_set_parameter         0x0800bd4b   Thumb Code    74  bma423.o(.text)
    bma423_select_platform                   0x0800bd95   Thumb Code   364  bma423.o(.text)
    bma423_stepcounter_get_parameter         0x0800bf01   Thumb Code    62  bma423.o(.text)
    bma423_wakeup_set_sensitivity            0x0800bf3f   Thumb Code    74  bma423.o(.text)
    bma423_wakeup_get_sensitivity            0x0800bf89   Thumb Code    60  bma423.o(.text)
    bma423_tap_selection                     0x0800bfc5   Thumb Code    74  bma423.o(.text)
    bma_softReset                            0x0800c151   Thumb Code    24  bma.o(.text)
    bma_begin                                0x0800c169   Thumb Code   128  bma.o(.text)
    bma_shutDown                             0x0800c1e9   Thumb Code     8  bma.o(.text)
    bma_wakeUp                               0x0800c1f1   Thumb Code     8  bma.o(.text)
    bma_getErrorCode                         0x0800c1f9   Thumb Code    12  bma.o(.text)
    bma_getStatus                            0x0800c205   Thumb Code    16  bma.o(.text)
    bma_getSensorTime                        0x0800c215   Thumb Code    14  bma.o(.text)
    bma_selfTest                             0x0800c223   Thumb Code    20  bma.o(.text)
    bma_getDirection                         0x0800c237   Thumb Code   104  bma.o(.text)
    bma_readTemperature                      0x0800c29f   Thumb Code    48  bma.o(.text)
    bma_readTemperatureF                     0x0800c2cf   Thumb Code    42  bma.o(.text)
    bma_getAccel                             0x0800c2f9   Thumb Code    24  bma.o(.text)
    bma_getAccelEnable                       0x0800c311   Thumb Code    22  bma.o(.text)
    bma_enableAccel                          0x0800c327   Thumb Code    18  bma.o(.text)
    bma_disableAccel                         0x0800c339   Thumb Code     4  bma.o(.text)
    bma_setAccelConfig                       0x0800c33d   Thumb Code    18  bma.o(.text)
    bma_getAccelConfig                       0x0800c34f   Thumb Code    18  bma.o(.text)
    bma_setRemapAxes                         0x0800c361   Thumb Code    18  bma.o(.text)
    bma_resetStepCounter                     0x0800c373   Thumb Code    18  bma.o(.text)
    bma_getCounter                           0x0800c385   Thumb Code    20  bma.o(.text)
    bma_setINTPinConfig                      0x0800c399   Thumb Code    22  bma.o(.text)
    bma_getINT                               0x0800c3af   Thumb Code    22  bma.o(.text)
    bma_getIRQMASK                           0x0800c3c5   Thumb Code     6  bma.o(.text)
    bma_disableIRQ                           0x0800c3cb   Thumb Code    24  bma.o(.text)
    bma_enableIRQ                            0x0800c3e3   Thumb Code    24  bma.o(.text)
    bma_enableFeature                        0x0800c3fb   Thumb Code    44  bma.o(.text)
    bma_isStepCounter                        0x0800c427   Thumb Code    10  bma.o(.text)
    bma_isDoubleClick                        0x0800c431   Thumb Code    10  bma.o(.text)
    bma_isTilt                               0x0800c43b   Thumb Code    10  bma.o(.text)
    bma_isActivity                           0x0800c445   Thumb Code    10  bma.o(.text)
    bma_isAnyNoMotion                        0x0800c44f   Thumb Code    10  bma.o(.text)
    bma_enableStepCountInterrupt             0x0800c459   Thumb Code    24  bma.o(.text)
    bma_enableTiltInterrupt                  0x0800c471   Thumb Code    24  bma.o(.text)
    bma_enableWakeupInterrupt                0x0800c489   Thumb Code    24  bma.o(.text)
    bma_enableAnyNoMotionInterrupt           0x0800c4a1   Thumb Code    24  bma.o(.text)
    bma_enableActivityInterrupt              0x0800c4b9   Thumb Code    24  bma.o(.text)
    bma_getActivity                          0x0800c4d1   Thumb Code    42  bma.o(.text)
    bma_getDevFptr                           0x0800c4fb   Thumb Code     4  bma.o(.text)
    bma_print_feature_config                 0x0800c4ff   Thumb Code   282  bma.o(.text)
    __aeabi_ldivmod                          0x0800c619   Thumb Code    98  ldiv.o(.text)
    rand                                     0x0800c67d   Thumb Code    20  rand.o(.text)
    srand                                    0x0800c691   Thumb Code     6  rand.o(.text)
    __aeabi_memcpy                           0x0800c6a1   Thumb Code    36  memcpya.o(.text)
    __aeabi_memcpy4                          0x0800c6a1   Thumb Code     0  memcpya.o(.text)
    __aeabi_memcpy8                          0x0800c6a1   Thumb Code     0  memcpya.o(.text)
    __aeabi_memset                           0x0800c6c5   Thumb Code    14  memseta.o(.text)
    __aeabi_memset4                          0x0800c6c5   Thumb Code     0  memseta.o(.text)
    __aeabi_memset8                          0x0800c6c5   Thumb Code     0  memseta.o(.text)
    __aeabi_memclr                           0x0800c6d3   Thumb Code     4  memseta.o(.text)
    __aeabi_memclr4                          0x0800c6d3   Thumb Code     0  memseta.o(.text)
    __aeabi_memclr8                          0x0800c6d3   Thumb Code     0  memseta.o(.text)
    _memset$wrapper                          0x0800c6d7   Thumb Code    18  memseta.o(.text)
    strcat                                   0x0800c6e9   Thumb Code    24  strcat.o(.text)
    strncpy                                  0x0800c701   Thumb Code    24  strncpy.o(.text)
    strlen                                   0x0800c719   Thumb Code    14  strlen.o(.text)
    strcpy                                   0x0800c727   Thumb Code    18  strcpy.o(.text)
    calloc                                   0x0800c739   Thumb Code    28  calloc.o(.text)
    atoi                                     0x0800c755   Thumb Code    26  atoi.o(.text)
    __aeabi_fadd                             0x0800c76f   Thumb Code   164  fadd.o(.text)
    __aeabi_fsub                             0x0800c813   Thumb Code     6  fadd.o(.text)
    __aeabi_frsub                            0x0800c819   Thumb Code     6  fadd.o(.text)
    __aeabi_fmul                             0x0800c81f   Thumb Code   100  fmul.o(.text)
    __aeabi_fdiv                             0x0800c883   Thumb Code   124  fdiv.o(.text)
    __ARM_scalbnf                            0x0800c8ff   Thumb Code    24  fscalb.o(.text)
    scalbnf                                  0x0800c8ff   Thumb Code     0  fscalb.o(.text)
    __aeabi_dadd                             0x0800c917   Thumb Code   322  dadd.o(.text)
    __aeabi_dsub                             0x0800ca59   Thumb Code     6  dadd.o(.text)
    __aeabi_drsub                            0x0800ca5f   Thumb Code     6  dadd.o(.text)
    __aeabi_dmul                             0x0800ca65   Thumb Code   228  dmul.o(.text)
    __aeabi_ddiv                             0x0800cb49   Thumb Code   222  ddiv.o(.text)
    __ARM_scalbn                             0x0800cc27   Thumb Code    46  dscalb.o(.text)
    scalbn                                   0x0800cc27   Thumb Code     0  dscalb.o(.text)
    __aeabi_i2f                              0x0800cc55   Thumb Code    18  fflti.o(.text)
    __aeabi_ui2f                             0x0800cc67   Thumb Code    10  ffltui.o(.text)
    __aeabi_i2d                              0x0800cc71   Thumb Code    34  dflti.o(.text)
    __aeabi_ui2d                             0x0800cc93   Thumb Code    26  dfltui.o(.text)
    __aeabi_f2iz                             0x0800ccad   Thumb Code    50  ffixi.o(.text)
    __aeabi_f2uiz                            0x0800ccdf   Thumb Code    40  ffixui.o(.text)
    __aeabi_d2uiz                            0x0800cd07   Thumb Code    50  dfixui.o(.text)
    __aeabi_f2d                              0x0800cd39   Thumb Code    38  f2d.o(.text)
    __aeabi_cdcmpeq                          0x0800cd61   Thumb Code     0  cdcmple.o(.text)
    __aeabi_cdcmple                          0x0800cd61   Thumb Code    48  cdcmple.o(.text)
    __aeabi_cdrcmple                         0x0800cd91   Thumb Code    48  cdrcmple.o(.text)
    __aeabi_d2f                              0x0800cdc1   Thumb Code    56  d2f.o(.text)
    __aeabi_cfcmpeq                          0x0800cdf9   Thumb Code     0  cfcmple.o(.text)
    __aeabi_cfcmple                          0x0800cdf9   Thumb Code    20  cfcmple.o(.text)
    __aeabi_cfrcmple                         0x0800ce0d   Thumb Code    20  cfrcmple.o(.text)
    __aeabi_uidiv                            0x0800ce21   Thumb Code     0  uidiv.o(.text)
    __aeabi_uidivmod                         0x0800ce21   Thumb Code    44  uidiv.o(.text)
    __aeabi_uldivmod                         0x0800ce4d   Thumb Code    98  uldiv.o(.text)
    __aeabi_llsl                             0x0800ceaf   Thumb Code    30  llshl.o(.text)
    _ll_shift_l                              0x0800ceaf   Thumb Code     0  llshl.o(.text)
    __aeabi_llsr                             0x0800cecd   Thumb Code    32  llushr.o(.text)
    _ll_ushift_r                             0x0800cecd   Thumb Code     0  llushr.o(.text)
    __aeabi_lasr                             0x0800ceed   Thumb Code    36  llsshr.o(.text)
    _ll_sshift_r                             0x0800ceed   Thumb Code     0  llsshr.o(.text)
    strtol                                   0x0800cf11   Thumb Code   112  strtol.o(.text)
    __I$use$fp                               0x0800cf81   Thumb Code     0  iusefp.o(.text)
    _float_round                             0x0800cf81   Thumb Code    18  fepilogue.o(.text)
    _float_epilogue                          0x0800cf93   Thumb Code    92  fepilogue.o(.text)
    _double_round                            0x0800cfef   Thumb Code    30  depilogue.o(.text)
    _double_epilogue                         0x0800d00d   Thumb Code   156  depilogue.o(.text)
    __aeabi_d2ulz                            0x0800d0a9   Thumb Code    48  dfixul.o(.text)
    __scatterload                            0x0800d0d9   Thumb Code    28  init.o(.text)
    __scatterload_rt2                        0x0800d0d9   Thumb Code     0  init.o(.text)
    __rt_ctype_table                         0x0800d0fd   Thumb Code     4  ctype_o.o(.text)
    _strtoul                                 0x0800d105   Thumb Code   158  _strtoul.o(.text)
    __aeabi_d2iz                             0x0800d1a3   Thumb Code    62  dfixi.o(.text)
    _chval                                   0x0800d1e1   Thumb Code    28  _chval.o(.text)
    __decompress                             0x0800d1fd   Thumb Code     0  __dczerorl2.o(.text)
    __decompress1                            0x0800d1fd   Thumb Code    86  __dczerorl2.o(.text)
    __0printf                                0x0800d255   Thumb Code    22  printfa.o(i.__0printf)
    __1printf                                0x0800d255   Thumb Code     0  printfa.o(i.__0printf)
    __2printf                                0x0800d255   Thumb Code     0  printfa.o(i.__0printf)
    __c89printf                              0x0800d255   Thumb Code     0  printfa.o(i.__0printf)
    printf                                   0x0800d255   Thumb Code     0  printfa.o(i.__0printf)
    __0sprintf                               0x0800d275   Thumb Code    34  printfa.o(i.__0sprintf)
    __1sprintf                               0x0800d275   Thumb Code     0  printfa.o(i.__0sprintf)
    __2sprintf                               0x0800d275   Thumb Code     0  printfa.o(i.__0sprintf)
    __c89sprintf                             0x0800d275   Thumb Code     0  printfa.o(i.__0sprintf)
    sprintf                                  0x0800d275   Thumb Code     0  printfa.o(i.__0sprintf)
    __0vsprintf                              0x0800d29d   Thumb Code    30  printfa.o(i.__0vsprintf)
    __1vsprintf                              0x0800d29d   Thumb Code     0  printfa.o(i.__0vsprintf)
    __2vsprintf                              0x0800d29d   Thumb Code     0  printfa.o(i.__0vsprintf)
    __c89vsprintf                            0x0800d29d   Thumb Code     0  printfa.o(i.__0vsprintf)
    vsprintf                                 0x0800d29d   Thumb Code     0  printfa.o(i.__0vsprintf)
    __ARM_fpclassify                         0x0800d2c1   Thumb Code    40  fpclassify.o(i.__ARM_fpclassify)
    __aeabi_errno_addr                       0x0800d2e9   Thumb Code     4  errno.o(i.__aeabi_errno_addr)
    __rt_errno_addr                          0x0800d2e9   Thumb Code     0  errno.o(i.__aeabi_errno_addr)
    __ieee754_rem_pio2                       0x0800d2f1   Thumb Code   828  rred.o(i.__ieee754_rem_pio2)
    __kernel_cos                             0x0800d679   Thumb Code   230  cos_i.o(i.__kernel_cos)
    __kernel_poly                            0x0800d775   Thumb Code   170  poly.o(i.__kernel_poly)
    __kernel_sin                             0x0800d821   Thumb Code   224  sin_i.o(i.__kernel_sin)
    __mathlib_dbl_infnan                     0x0800d90d   Thumb Code     6  dunder.o(i.__mathlib_dbl_infnan)
    __mathlib_dbl_invalid                    0x0800d913   Thumb Code    12  dunder.o(i.__mathlib_dbl_invalid)
    __mathlib_dbl_underflow                  0x0800d921   Thumb Code    10  dunder.o(i.__mathlib_dbl_underflow)
    __scatterload_copy                       0x0800d931   Thumb Code    14  handlers.o(i.__scatterload_copy)
    __scatterload_null                       0x0800d93f   Thumb Code     2  handlers.o(i.__scatterload_null)
    __scatterload_zeroinit                   0x0800d941   Thumb Code    14  handlers.o(i.__scatterload_zeroinit)
    __set_errno                              0x0800d951   Thumb Code     6  errno.o(i.__set_errno)
    free                                     0x0800e1f9   Thumb Code    76  malloc.o(i.free)
    malloc                                   0x0800e249   Thumb Code    92  malloc.o(i.malloc)
    sin                                      0x0800e2b5   Thumb Code   150  sin.o(i.sin)
    menuBack                                 0x0800e3dc   Data           5  menu.o(.constdata)
    dowChars                                 0x0800e3e1   Data           8  resources.o(.constdata)
    days                                     0x0800e3e9   Data          28  resources.o(.constdata)
    months                                   0x0800e405   Data          48  resources.o(.constdata)
    livesImg                                 0x0800e435   Data           7  resources.o(.constdata)
    stopwatch                                0x0800e43c   Data           8  resources.o(.constdata)
    dowImg                                   0x0800e444   Data          56  resources.o(.constdata)
    menu_tunemaker                           0x0800e47c   Data         128  resources.o(.constdata)
    menu_timedate                            0x0800e4fc   Data         128  resources.o(.constdata)
    menu_sleep                               0x0800e57c   Data         128  resources.o(.constdata)
    menu_sound                               0x0800e5fc   Data         128  resources.o(.constdata)
    menu_games                               0x0800e67c   Data         128  resources.o(.constdata)
    menu_calendar                            0x0800e6fc   Data         128  resources.o(.constdata)
    menu_brightness                          0x0800e77c   Data         512  resources.o(.constdata)
    menu_invert                              0x0800e97c   Data         128  resources.o(.constdata)
    menu_anim                                0x0800e9fc   Data         256  resources.o(.constdata)
    menu_volume                              0x0800eafc   Data         512  resources.o(.constdata)
    menu_rotate                              0x0800ecfc   Data         128  resources.o(.constdata)
    menu_display                             0x0800ed7c   Data         128  resources.o(.constdata)
    menu_sleeptimeout                        0x0800edfc   Data         128  resources.o(.constdata)
    battIconEmpty                            0x0800ee7c   Data          16  resources.o(.constdata)
    battIconLow                              0x0800ee8c   Data          16  resources.o(.constdata)
    battIconHigh                             0x0800ee9c   Data          16  resources.o(.constdata)
    battIconFull                             0x0800eeac   Data          16  resources.o(.constdata)
    smallFont                                0x0800eebc   Data         485  resources.o(.constdata)
    numFont16x16                             0x0800f0a1   Data         352  resources.o(.constdata)
    numFont16x32                             0x0800f201   Data         704  resources.o(.constdata)
    selectbar_top                            0x0800f4c1   Data          36  resources.o(.constdata)
    selectbar_bottom                         0x0800f4e5   Data          36  resources.o(.constdata)
    menu_alarm                               0x0800f509   Data         128  resources.o(.constdata)
    menu_stopwatch                           0x0800f589   Data         128  resources.o(.constdata)
    menu_torch                               0x0800f609   Data         128  resources.o(.constdata)
    menu_settings                            0x0800f689   Data         128  resources.o(.constdata)
    menu_exit                                0x0800f709   Data         128  resources.o(.constdata)
    menu_setfps                              0x0800f789   Data         128  resources.o(.constdata)
    space_image1                             0x0800f809   Data         312  resources.o(.constdata)
    space_image2                             0x0800f941   Data         312  resources.o(.constdata)
    space_image3                             0x0800fa79   Data         312  resources.o(.constdata)
    space_image4                             0x0800fbb1   Data         312  resources.o(.constdata)
    space_image5                             0x0800fce9   Data         312  resources.o(.constdata)
    space_image6                             0x0800fe21   Data         312  resources.o(.constdata)
    space_image7                             0x0800ff59   Data         312  resources.o(.constdata)
    space_image8                             0x08010091   Data         312  resources.o(.constdata)
    space_image9                             0x080101c9   Data         312  resources.o(.constdata)
    space_image10                            0x08010301   Data         312  resources.o(.constdata)
    STAY                                     0x08010448   Data         236  tune.o(.constdata)
    TUNE                                     0x08010534   Data        1000  tune.o(.constdata)
    tuneHour                                 0x08011a5c   Data          16  tunes.o(.constdata)
    tuneBtn1                                 0x08011a6c   Data          16  tunes.o(.constdata)
    tuneBtn2                                 0x08011a7c   Data          16  tunes.o(.constdata)
    tuneBtn3                                 0x08011a8c   Data          16  tunes.o(.constdata)
    GliderGun_Map                            0x08011b22   Data          72  gametitle.o(.constdata)
    Circleoffire_Map                         0x08011b6a   Data          26  gametitle.o(.constdata)
    Circleoffire_Map2                        0x08011b84   Data          26  gametitle.o(.constdata)
    BlibliTv_Map                             0x08011b9e   Data         512  gametitle.o(.constdata)
    Hivenudger_Map                           0x08011d9e   Data          26  gametitle.o(.constdata)
    HighLife_Map                             0x08011db8   Data          72  gametitle.o(.constdata)
    bma423_config_file                       0x08011e00   Data        6144  bma423.o(.constdata)
    __ctype_table                            0x08013720   Data         129  ctype_o.o(.constdata)
    Region$$Table$$Base                      0x080137a8   Number         0  anon$$obj.o(Region$$Table)
    Region$$Table$$Limit                     0x080137c8   Number         0  anon$$obj.o(Region$$Table)
    SystemCoreClock                          0x20000014   Data           4  system_stm32f10x.o(.data)
    AHBPrescTable                            0x20000018   Data          16  system_stm32f10x.o(.data)
    USART_RX_STA                             0x20000080   Data           2  usart.o(.data)
    __stdout                                 0x20000084   Data           4  usart.o(.data)
    DeepSleepFlag                            0x20000088   Data           1  nvic.o(.data)
    isAlarmInited                            0x2000008c   Data           1  alarm.o(.data)
    nextAlarmIndex                           0x2000008e   Data           1  alarm.o(.data)
    nextAlarmDay                             0x2000008f   Data           1  alarm.o(.data)
    isAlarmTriggered                         0x20000090   Data           1  alarm.o(.data)
    eepAlarms                                0x200000a4   Data          15  alarm.o(.data)
    MY_FPS                                   0x200000c8   Data           1  display.o(.data)
    setting                                  0x200000f8   Data           2  menu.o(.data)
    bme_flag                                 0x200000fc   Data           1  millis.o(.data)
    bme_time                                 0x200000fd   Data           1  millis.o(.data)
    milliseconds                             0x2000010c   Data           4  millis.o(.data)
    MoveCheckFlag                            0x20000118   Data           1  sleep.o(.data)
    timeDate                                 0x2000013c   Data           8  time.o(.data)
    update                                   0x20000144   Data           1  time.o(.data)
    iAng                                     0x2000016c   Data           1  tunemaker.o(.data)
    x1                                       0x2000016d   Data           1  tunemaker.o(.data)
    x2                                       0x2000016e   Data           1  tunemaker.o(.data)
    y1                                       0x2000016f   Data           1  tunemaker.o(.data)
    y2                                       0x20000170   Data           1  tunemaker.o(.data)
    Cnt                                      0x20000174   Data           4  tunemaker.o(.data)
    Cntv                                     0x20000178   Data           4  tunemaker.o(.data)
    keep_on                                  0x2000017c   Data           1  pwrmgr.o(.data)
    SleepRequested                           0x2000017f   Data           1  pwrmgr.o(.data)
    curDay                                   0x20000180   Data           4  calendar.o(.data)
    curYear                                  0x20000184   Data           4  calendar.o(.data)
    curMonth                                 0x20000188   Data           4  calendar.o(.data)
    new_line_flag                            0x2000018c   Data           1  gui_log_console.o(.data)
    show_last_line_ldx                       0x2000018f   Data           1  gui_log_console.o(.data)
    now_str_length                           0x20000190   Data           1  gui_log_console.o(.data)
    BatteryVol                               0x2000019c   Data           4  watchface.o(.data)
    lives                                    0x200001f4   Data           4  game3.o(.data)
    foodNum                                  0x20000210   Data           1  game_snake.o(.data)
    snakeEated                               0x20000211   Data           1  game_snake.o(.data)
    gameIsOver                               0x20000212   Data           1  game_snake.o(.data)
    gameIsPaused                             0x20000213   Data           1  game_snake.o(.data)
    refreshHz                                0x20000214   Data           1  game_snake.o(.data)
    renderI                                  0x20000215   Data           1  game_snake.o(.data)
    snakeLength                              0x20000216   Data           1  game_snake.o(.data)
    snakeScore                               0x20000217   Data           1  game_snake.o(.data)
    snakeDirection                           0x20000218   Data           1  game_snake.o(.data)
    Counter                                  0x2000021a   Data           2  gamecontrol.o(.data)
    btnType                                  0x2000021d   Data           1  gamelife.o(.data)
    __init                                   0x20000220   Data           1  bma.o(.data)
    __IRQ_MASK                               0x20000222   Data           2  bma.o(.data)
    __readRegisterFptr                       0x20000224   Data           4  bma.o(.data)
    __writeRegisterFptr                      0x20000228   Data           4  bma.o(.data)
    __delayCallBlackFptr                     0x2000022c   Data           4  bma.o(.data)
    __microlib_freelist                      0x20000234   Data           4  mvars.o(.data)
    __microlib_freelist_initialised          0x20000238   Data           4  mvars.o(.data)
    oledBuffer                               0x20000240   Data        1024  oled.o(.bss)
    USART_RX_BUF                             0x20000654   Data         200  usart.o(.bss)
    appConfig                                0x20000728   Data          12  appconfig.o(.bss)
    menuData                                 0x20000764   Data          36  menu.o(.bss)
    vert                                     0x20000791   Data          24  tunemaker.o(.bss)
    OLED_GRAM                                0x200007a9   Data         512  tunemaker.o(.bss)
    string_buff                              0x200009a9   Data         400  gui_log_console.o(.bss)
    firststr_buff                            0x20000b39   Data        1024  gui_log_console.o(.bss)
    dev                                      0x20000f44   Data          36  bma423_watch.o(.bss)
    _GRAM                                    0x20000f81   Data          64  game3.o(.bss)
    map                                      0x20000fc4   Data         403  game_snake.o(.bss)
    snake_Grid                               0x20001158   Data        1024  game_snake.o(.bss)
    Display_Temp                             0x20001558   Data        8192  gamecontrol.o(.bss)
    __devFptr                                0x200035ac   Data          36  bma.o(.bss)
    __heap_base                              0x200035d0   Data           0  startup_stm32f10x_md.o(HEAP)
    __heap_limit                             0x200037d0   Data           0  startup_stm32f10x_md.o(HEAP)
    __initial_sp                             0x20003bd0   Data           0  startup_stm32f10x_md.o(STACK)



==============================================================================

Memory Map of the image

  Image Entry point : 0x080000ed

  Load Region LR_IROM1 (Base: 0x08000000, Size: 0x00013a08, Max: 0x00080000, ABSOLUTE, COMPRESSED[0x00013824])

    Execution Region ER_IROM1 (Base: 0x08000000, Size: 0x000137c8, Max: 0x00080000, ABSOLUTE)

    Base Addr    Size         Type   Attr      Idx    E Section Name        Object

    0x08000000   0x000000ec   Data   RO           19    RESET               startup_stm32f10x_md.o
    0x080000ec   0x00000000   Code   RO         1625  * .ARM.Collect$$$$00000000  mc_w.l(entry.o)
    0x080000ec   0x00000004   Code   RO         2010    .ARM.Collect$$$$00000001  mc_w.l(entry2.o)
    0x080000f0   0x00000004   Code   RO         2013    .ARM.Collect$$$$00000004  mc_w.l(entry5.o)
    0x080000f4   0x00000000   Code   RO         2015    .ARM.Collect$$$$00000008  mc_w.l(entry7b.o)
    0x080000f4   0x00000000   Code   RO         2017    .ARM.Collect$$$$0000000A  mc_w.l(entry8b.o)
    0x080000f4   0x00000008   Code   RO         2018    .ARM.Collect$$$$0000000B  mc_w.l(entry9a.o)
    0x080000fc   0x00000000   Code   RO         2020    .ARM.Collect$$$$0000000D  mc_w.l(entry10a.o)
    0x080000fc   0x00000000   Code   RO         2022    .ARM.Collect$$$$0000000F  mc_w.l(entry11a.o)
    0x080000fc   0x00000004   Code   RO         2011    .ARM.Collect$$$$00002712  mc_w.l(entry2.o)
    0x08000100   0x00000024   Code   RO           20    .text               startup_stm32f10x_md.o
    0x08000124   0x00000264   Code   RO           24    .text               stm32f10x_gpio.o
    0x08000388   0x000002b8   Code   RO          119    .text               stm32f10x_rcc.o
    0x08000640   0x00000328   Code   RO          133    .text               stm32f10x_usart.o
    0x08000968   0x000000b0   Code   RO          145    .text               misc.o
    0x08000a18   0x00000af0   Code   RO          157    .text               stm32f10x_tim.o
    0x08001508   0x00000330   Code   RO          182    .text               stm32f10x_adc.o
    0x08001838   0x000000ac   Code   RO          206    .text               stm32f10x_pwr.o
    0x080018e4   0x000000e8   Code   RO          218    .text               stm32f10x_exti.o
    0x080019cc   0x00000270   Code   RO          255    .text               main.o
    0x08001c3c   0x00000012   Code   RO          482    .text               stm32f10x_it.o
    0x08001c4e   0x00000002   PAD
    0x08001c50   0x00000158   Code   RO          523    .text               system_stm32f10x.o
    0x08001da8   0x000001cc   Code   RO          541    .text               beep.o
    0x08001f74   0x000003d0   Code   RO          586    .text               i2c_soft.o
    0x08002344   0x00000124   Code   RO          599    .text               adc.o
    0x08002468   0x000000b0   Code   RO          672    .text               oled.o
    0x08002518   0x000002e8   Code   RO          717    .text               oled_driver.o
    0x08002800   0x000009e0   Code   RO          730    .text               pcf8563.o
    0x080031e0   0x000002d0   Code   RO          752    .text               i2c_soft2.o
    0x080034b0   0x00000098   Code   RO          765    .text               delay.o
    0x08003548   0x00000114   Code   RO          795    .text               usart.o
    0x0800365c   0x0000031c   Code   RO          819    .text               nvic.o
    0x08003978   0x00000448   Code   RO          834    .text               alarm.o
    0x08003dc0   0x00000404   Code   RO          853    .text               alarms.o
    0x080041c4   0x000000c8   Code   RO          867    .text               animation.o
    0x0800428c   0x00000028   Code   RO          881    .text               appconfig.o
    0x080042b4   0x000001f8   Code   RO          900    .text               buttons.o
    0x080044ac   0x00000230   Code   RO          918    .text               display.o
    0x080046dc   0x000004b2   Code   RO          933    .text               draw.o
    0x08004b8e   0x00000018   Code   RO          948    .text               global.o
    0x08004ba6   0x00000002   PAD
    0x08004ba8   0x000001ec   Code   RO          960    .text               m_display.o
    0x08004d94   0x000001a8   Code   RO          975    .text               m_main.o
    0x08004f3c   0x00000438   Code   RO          989    .text               menu.o
    0x08005374   0x00000218   Code   RO         1011    .text               millis.o
    0x0800558c   0x000000e0   Code   RO         1091    .text               settings.o
    0x0800566c   0x00000140   Code   RO         1105    .text               sleep.o
    0x080057ac   0x0000015c   Code   RO         1120    .text               sound.o
    0x08005908   0x000001f0   Code   RO         1134    .text               stopwatch.o
    0x08005af8   0x000002a8   Code   RO         1148    .text               time.o
    0x08005da0   0x0000044c   Code   RO         1171    .text               timedate.o
    0x080061ec   0x000000b4   Code   RO         1185    .text               torch.o
    0x080062a0   0x00000070   Code   RO         1199    .text               tune.o
    0x08006310   0x00000384   Code   RO         1216    .text               tunemaker.o
    0x08006694   0x000000f0   Code   RO         1253    .text               pwrmgr.o
    0x08006784   0x000002f4   Code   RO         1269    .text               calendar.o
    0x08006a78   0x00000248   Code   RO         1285    .text               gui_log_console.o
    0x08006cc0   0x0000012c   Code   RO         1310    .text               my_menu.o
    0x08006dec   0x00000218   Code   RO         1323    .text               rtc.o
    0x08007004   0x0000060c   Code   RO         1343    .text               watchface.o
    0x08007610   0x00000a28   Code   RO         1360    .text               bma423_watch.o
    0x08008038   0x000000fc   Code   RO         1377    .text               games.o
    0x08008134   0x000003e0   Code   RO         1391    .text               game1.o
    0x08008514   0x000003ec   Code   RO         1410    .text               game2.o
    0x08008900   0x000003b0   Code   RO         1427    .text               game3.o
    0x08008cb0   0x00000570   Code   RO         1477    .text               game_snake.o
    0x08009220   0x00000150   Code   RO         1500    .text               gamecontrol.o
    0x08009370   0x000000a8   Code   RO         1523    .text               gamelife.o
    0x08009418   0x00000330   Code   RO         1539    .text               gametitle.o
    0x08009748   0x00001f64   Code   RO         1556    .text               bma4.o
    0x0800b6ac   0x00000aa4   Code   RO         1577    .text               bma423.o
    0x0800c150   0x000004c8   Code   RO         1596    .text               bma.o
    0x0800c618   0x00000062   Code   RO         1628    .text               mc_w.l(ldiv.o)
    0x0800c67a   0x00000002   PAD
    0x0800c67c   0x00000024   Code   RO         1630    .text               mc_w.l(rand.o)
    0x0800c6a0   0x00000024   Code   RO         1633    .text               mc_w.l(memcpya.o)
    0x0800c6c4   0x00000024   Code   RO         1635    .text               mc_w.l(memseta.o)
    0x0800c6e8   0x00000018   Code   RO         1637    .text               mc_w.l(strcat.o)
    0x0800c700   0x00000018   Code   RO         1639    .text               mc_w.l(strncpy.o)
    0x0800c718   0x0000000e   Code   RO         1641    .text               mc_w.l(strlen.o)
    0x0800c726   0x00000012   Code   RO         1643    .text               mc_w.l(strcpy.o)
    0x0800c738   0x0000001c   Code   RO         1936    .text               mc_w.l(calloc.o)
    0x0800c754   0x0000001a   Code   RO         1938    .text               mc_w.l(atoi.o)
    0x0800c76e   0x000000b0   Code   RO         1940    .text               mf_w.l(fadd.o)
    0x0800c81e   0x00000064   Code   RO         1942    .text               mf_w.l(fmul.o)
    0x0800c882   0x0000007c   Code   RO         1944    .text               mf_w.l(fdiv.o)
    0x0800c8fe   0x00000018   Code   RO         1946    .text               mf_w.l(fscalb.o)
    0x0800c916   0x0000014e   Code   RO         1948    .text               mf_w.l(dadd.o)
    0x0800ca64   0x000000e4   Code   RO         1950    .text               mf_w.l(dmul.o)
    0x0800cb48   0x000000de   Code   RO         1952    .text               mf_w.l(ddiv.o)
    0x0800cc26   0x0000002e   Code   RO         1954    .text               mf_w.l(dscalb.o)
    0x0800cc54   0x00000012   Code   RO         1956    .text               mf_w.l(fflti.o)
    0x0800cc66   0x0000000a   Code   RO         1958    .text               mf_w.l(ffltui.o)
    0x0800cc70   0x00000022   Code   RO         1960    .text               mf_w.l(dflti.o)
    0x0800cc92   0x0000001a   Code   RO         1962    .text               mf_w.l(dfltui.o)
    0x0800ccac   0x00000032   Code   RO         1964    .text               mf_w.l(ffixi.o)
    0x0800ccde   0x00000028   Code   RO         1966    .text               mf_w.l(ffixui.o)
    0x0800cd06   0x00000032   Code   RO         1968    .text               mf_w.l(dfixui.o)
    0x0800cd38   0x00000026   Code   RO         1970    .text               mf_w.l(f2d.o)
    0x0800cd5e   0x00000002   PAD
    0x0800cd60   0x00000030   Code   RO         1972    .text               mf_w.l(cdcmple.o)
    0x0800cd90   0x00000030   Code   RO         1974    .text               mf_w.l(cdrcmple.o)
    0x0800cdc0   0x00000038   Code   RO         1976    .text               mf_w.l(d2f.o)
    0x0800cdf8   0x00000014   Code   RO         1978    .text               mf_w.l(cfcmple.o)
    0x0800ce0c   0x00000014   Code   RO         1980    .text               mf_w.l(cfrcmple.o)
    0x0800ce20   0x0000002c   Code   RO         2024    .text               mc_w.l(uidiv.o)
    0x0800ce4c   0x00000062   Code   RO         2026    .text               mc_w.l(uldiv.o)
    0x0800ceae   0x0000001e   Code   RO         2028    .text               mc_w.l(llshl.o)
    0x0800cecc   0x00000020   Code   RO         2030    .text               mc_w.l(llushr.o)
    0x0800ceec   0x00000024   Code   RO         2032    .text               mc_w.l(llsshr.o)
    0x0800cf10   0x00000070   Code   RO         2043    .text               mc_w.l(strtol.o)
    0x0800cf80   0x00000000   Code   RO         2045    .text               mc_w.l(iusefp.o)
    0x0800cf80   0x0000006e   Code   RO         2046    .text               mf_w.l(fepilogue.o)
    0x0800cfee   0x000000ba   Code   RO         2048    .text               mf_w.l(depilogue.o)
    0x0800d0a8   0x00000030   Code   RO         2050    .text               mf_w.l(dfixul.o)
    0x0800d0d8   0x00000024   Code   RO         2056    .text               mc_w.l(init.o)
    0x0800d0fc   0x00000008   Code   RO         2058    .text               mc_w.l(ctype_o.o)
    0x0800d104   0x0000009e   Code   RO         2086    .text               mc_w.l(_strtoul.o)
    0x0800d1a2   0x0000003e   Code   RO         2088    .text               mf_w.l(dfixi.o)
    0x0800d1e0   0x0000001c   Code   RO         2090    .text               mc_w.l(_chval.o)
    0x0800d1fc   0x00000056   Code   RO         2100    .text               mc_w.l(__dczerorl2.o)
    0x0800d252   0x00000002   PAD
    0x0800d254   0x00000020   Code   RO         1880    i.__0printf         mc_w.l(printfa.o)
    0x0800d274   0x00000028   Code   RO         1882    i.__0sprintf        mc_w.l(printfa.o)
    0x0800d29c   0x00000024   Code   RO         1886    i.__0vsprintf       mc_w.l(printfa.o)
    0x0800d2c0   0x00000028   Code   RO         2052    i.__ARM_fpclassify  m_ws.l(fpclassify.o)
    0x0800d2e8   0x00000008   Code   RO         2036    i.__aeabi_errno_addr  mc_w.l(errno.o)
    0x0800d2f0   0x00000388   Code   RO         1999    i.__ieee754_rem_pio2  m_ws.l(rred.o)
    0x0800d678   0x000000fc   Code   RO         1982    i.__kernel_cos      m_ws.l(cos_i.o)
    0x0800d774   0x000000aa   Code   RO         2054    i.__kernel_poly     m_ws.l(poly.o)
    0x0800d81e   0x00000002   PAD
    0x0800d820   0x000000ec   Code   RO         2004    i.__kernel_sin      m_ws.l(sin_i.o)
    0x0800d90c   0x00000006   Code   RO         1986    i.__mathlib_dbl_infnan  m_ws.l(dunder.o)
    0x0800d912   0x0000000c   Code   RO         1988    i.__mathlib_dbl_invalid  m_ws.l(dunder.o)
    0x0800d91e   0x00000002   PAD
    0x0800d920   0x00000010   Code   RO         1991    i.__mathlib_dbl_underflow  m_ws.l(dunder.o)
    0x0800d930   0x0000000e   Code   RO         2094    i.__scatterload_copy  mc_w.l(handlers.o)
    0x0800d93e   0x00000002   Code   RO         2095    i.__scatterload_null  mc_w.l(handlers.o)
    0x0800d940   0x0000000e   Code   RO         2096    i.__scatterload_zeroinit  mc_w.l(handlers.o)
    0x0800d94e   0x00000002   PAD
    0x0800d950   0x0000000c   Code   RO         2038    i.__set_errno       mc_w.l(errno.o)
    0x0800d95c   0x00000164   Code   RO         1887    i._fp_digits        mc_w.l(printfa.o)
    0x0800dac0   0x000006dc   Code   RO         1888    i._printf_core      mc_w.l(printfa.o)
    0x0800e19c   0x00000024   Code   RO         1889    i._printf_post_padding  mc_w.l(printfa.o)
    0x0800e1c0   0x0000002e   Code   RO         1890    i._printf_pre_padding  mc_w.l(printfa.o)
    0x0800e1ee   0x0000000a   Code   RO         1892    i._sputc            mc_w.l(printfa.o)
    0x0800e1f8   0x00000050   Code   RO         1908    i.free              mc_w.l(malloc.o)
    0x0800e248   0x0000006c   Code   RO         1909    i.malloc            mc_w.l(malloc.o)
    0x0800e2b4   0x000000a0   Code   RO         1618    i.sin               m_ws.l(sin.o)
    0x0800e354   0x00000028   Data   RO          256    .constdata          main.o
    0x0800e37c   0x00000060   Data   RO          733    .constdata          pcf8563.o
    0x0800e3dc   0x00000005   Data   RO          991    .constdata          menu.o
    0x0800e3e1   0x00000008   Data   RO         1031    .constdata          resources.o
    0x0800e3e9   0x0000001c   Data   RO         1032    .constdata          resources.o
    0x0800e405   0x00000030   Data   RO         1033    .constdata          resources.o
    0x0800e435   0x00000007   Data   RO         1034    .constdata          resources.o
    0x0800e43c   0x00000008   Data   RO         1035    .constdata          resources.o
    0x0800e444   0x00000038   Data   RO         1037    .constdata          resources.o
    0x0800e47c   0x00000080   Data   RO         1038    .constdata          resources.o
    0x0800e4fc   0x00000080   Data   RO         1039    .constdata          resources.o
    0x0800e57c   0x00000080   Data   RO         1040    .constdata          resources.o
    0x0800e5fc   0x00000080   Data   RO         1041    .constdata          resources.o
    0x0800e67c   0x00000080   Data   RO         1042    .constdata          resources.o
    0x0800e6fc   0x00000080   Data   RO         1043    .constdata          resources.o
    0x0800e77c   0x00000200   Data   RO         1044    .constdata          resources.o
    0x0800e97c   0x00000080   Data   RO         1045    .constdata          resources.o
    0x0800e9fc   0x00000100   Data   RO         1046    .constdata          resources.o
    0x0800eafc   0x00000200   Data   RO         1047    .constdata          resources.o
    0x0800ecfc   0x00000080   Data   RO         1048    .constdata          resources.o
    0x0800ed7c   0x00000080   Data   RO         1049    .constdata          resources.o
    0x0800edfc   0x00000080   Data   RO         1050    .constdata          resources.o
    0x0800ee7c   0x00000010   Data   RO         1051    .constdata          resources.o
    0x0800ee8c   0x00000010   Data   RO         1052    .constdata          resources.o
    0x0800ee9c   0x00000010   Data   RO         1053    .constdata          resources.o
    0x0800eeac   0x00000010   Data   RO         1054    .constdata          resources.o
    0x0800eebc   0x000001e5   Data   RO         1055    .constdata          resources.o
    0x0800f0a1   0x00000160   Data   RO         1057    .constdata          resources.o
    0x0800f201   0x000002c0   Data   RO         1058    .constdata          resources.o
    0x0800f4c1   0x00000024   Data   RO         1060    .constdata          resources.o
    0x0800f4e5   0x00000024   Data   RO         1061    .constdata          resources.o
    0x0800f509   0x00000080   Data   RO         1062    .constdata          resources.o
    0x0800f589   0x00000080   Data   RO         1063    .constdata          resources.o
    0x0800f609   0x00000080   Data   RO         1064    .constdata          resources.o
    0x0800f689   0x00000080   Data   RO         1065    .constdata          resources.o
    0x0800f709   0x00000080   Data   RO         1067    .constdata          resources.o
    0x0800f789   0x00000080   Data   RO         1068    .constdata          resources.o
    0x0800f809   0x00000138   Data   RO         1069    .constdata          resources.o
    0x0800f941   0x00000138   Data   RO         1070    .constdata          resources.o
    0x0800fa79   0x00000138   Data   RO         1071    .constdata          resources.o
    0x0800fbb1   0x00000138   Data   RO         1072    .constdata          resources.o
    0x0800fce9   0x00000138   Data   RO         1073    .constdata          resources.o
    0x0800fe21   0x00000138   Data   RO         1074    .constdata          resources.o
    0x0800ff59   0x00000138   Data   RO         1075    .constdata          resources.o
    0x08010091   0x00000138   Data   RO         1076    .constdata          resources.o
    0x080101c9   0x00000138   Data   RO         1077    .constdata          resources.o
    0x08010301   0x00000138   Data   RO         1078    .constdata          resources.o
    0x08010439   0x0000000c   Data   RO         1150    .constdata          time.o
    0x08010445   0x00000003   PAD
    0x08010448   0x000000ec   Data   RO         1200    .constdata          tune.o
    0x08010534   0x000003e8   Data   RO         1201    .constdata          tune.o
    0x0801091c   0x00001140   Data   RO         1218    .constdata          tunemaker.o
    0x08011a5c   0x00000010   Data   RO         1237    .constdata          tunes.o
    0x08011a6c   0x00000010   Data   RO         1239    .constdata          tunes.o
    0x08011a7c   0x00000010   Data   RO         1240    .constdata          tunes.o
    0x08011a8c   0x00000010   Data   RO         1241    .constdata          tunes.o
    0x08011a9c   0x00000011   Data   RO         1393    .constdata          game1.o
    0x08011aad   0x00000026   Data   RO         1412    .constdata          game2.o
    0x08011ad3   0x00000001   PAD
    0x08011ad4   0x00000030   Data   RO         1429    .constdata          game3.o
    0x08011b04   0x0000001e   Data   RO         1430    .constdata          game3.o
    0x08011b22   0x000002de   Data   RO         1541    .constdata          gametitle.o
    0x08011e00   0x00001800   Data   RO         1578    .constdata          bma423.o
    0x08013600   0x00000030   Data   RO         1983    .constdata          m_ws.l(cos_i.o)
    0x08013630   0x000000c8   Data   RO         2001    .constdata          m_ws.l(rred.o)
    0x080136f8   0x00000028   Data   RO         2005    .constdata          m_ws.l(sin_i.o)
    0x08013720   0x00000081   Data   RO         2059    .constdata          mc_w.l(ctype_o.o)
    0x080137a1   0x00000003   PAD
    0x080137a4   0x00000004   Data   RO         2060    .constdata          mc_w.l(ctype_o.o)
    0x080137a8   0x00000020   Data   RO         2092    Region$$Table       anon$$obj.o


    Execution Region RW_IRAM1 (Base: 0x20000000, Size: 0x00003bd0, Max: 0x00010000, ABSOLUTE, COMPRESSED[0x0000005c])

    Base Addr    Size         Type   Attr      Idx    E Section Name        Object

    0x20000000   0x00000014   Data   RW          120    .data               stm32f10x_rcc.o
    0x20000014   0x00000014   Data   RW          524    .data               system_stm32f10x.o
    0x20000028   0x0000000c   Data   RW          542    .data               beep.o
    0x20000034   0x00000048   Data   RW          734    .data               pcf8563.o
    0x2000007c   0x00000004   Data   RW          766    .data               delay.o
    0x20000080   0x00000002   Data   RW          797    .data               usart.o
    0x20000082   0x00000002   PAD
    0x20000084   0x00000004   Data   RW          798    .data               usart.o
    0x20000088   0x00000001   Data   RW          820    .data               nvic.o
    0x20000089   0x00000003   PAD
    0x2000008c   0x00000027   Data   RW          835    .data               alarm.o
    0x200000b3   0x00000001   PAD
    0x200000b4   0x00000010   Data   RW          854    .data               alarms.o
    0x200000c4   0x00000004   Data   RW          902    .data               buttons.o
    0x200000c8   0x00000016   Data   RW          919    .data               display.o
    0x200000de   0x00000002   PAD
    0x200000e0   0x00000008   Data   RW          961    .data               m_display.o
    0x200000e8   0x00000008   Data   RW          976    .data               m_main.o
    0x200000f0   0x00000008   Data   RW          992    .data               menu.o
    0x200000f8   0x00000002   Data   RW          993    .data               menu.o
    0x200000fa   0x00000002   PAD
    0x200000fc   0x00000014   Data   RW         1012    .data               millis.o
    0x20000110   0x00000008   Data   RW         1092    .data               settings.o
    0x20000118   0x0000000c   Data   RW         1106    .data               sleep.o
    0x20000124   0x00000008   Data   RW         1121    .data               sound.o
    0x2000012c   0x0000000c   Data   RW         1135    .data               stopwatch.o
    0x20000138   0x0000000c   Data   RW         1151    .data               time.o
    0x20000144   0x00000001   Data   RW         1153    .data               time.o
    0x20000145   0x00000003   PAD
    0x20000148   0x00000014   Data   RW         1172    .data               timedate.o
    0x2000015c   0x00000008   Data   RW         1186    .data               torch.o
    0x20000164   0x00000008   Data   RW         1202    .data               tune.o
    0x2000016c   0x00000010   Data   RW         1219    .data               tunemaker.o
    0x2000017c   0x00000004   Data   RW         1254    .data               pwrmgr.o
    0x20000180   0x0000000c   Data   RW         1270    .data               calendar.o
    0x2000018c   0x00000005   Data   RW         1288    .data               gui_log_console.o
    0x20000191   0x00000003   PAD
    0x20000194   0x00000011   Data   RW         1345    .data               watchface.o
    0x200001a5   0x00000003   PAD
    0x200001a8   0x00000016   Data   RW         1362    .data               bma423_watch.o
    0x200001be   0x00000002   PAD
    0x200001c0   0x00000008   Data   RW         1378    .data               games.o
    0x200001c8   0x0000000c   Data   RW         1394    .data               game1.o
    0x200001d4   0x00000014   Data   RW         1413    .data               game2.o
    0x200001e8   0x00000028   Data   RW         1431    .data               game3.o
    0x20000210   0x00000009   Data   RW         1485    .data               game_snake.o
    0x20000219   0x00000001   PAD
    0x2000021a   0x00000002   Data   RW         1509    .data               gamecontrol.o
    0x2000021c   0x00000002   Data   RW         1524    .data               gamelife.o
    0x2000021e   0x00000002   Data   RW         1542    .data               gametitle.o
    0x20000220   0x00000010   Data   RW         1598    .data               bma.o
    0x20000230   0x00000004   Data   RW         1631    .data               mc_w.l(rand.o)
    0x20000234   0x00000004   Data   RW         2034    .data               mc_w.l(mvars.o)
    0x20000238   0x00000004   Data   RW         2035    .data               mc_w.l(mvars.o)
    0x2000023c   0x00000004   Data   RW         2039    .data               mc_w.l(errno.o)
    0x20000240   0x00000400   Zero   RW          673    .bss                oled.o
    0x20000640   0x00000014   Zero   RW          731    .bss                pcf8563.o
    0x20000654   0x000000c8   Zero   RW          796    .bss                usart.o
    0x2000071c   0x0000000c   Zero   RW          868    .bss                animation.o
    0x20000728   0x0000000c   Zero   RW          882    .bss                appconfig.o
    0x20000734   0x00000030   Zero   RW          901    .bss                buttons.o
    0x20000764   0x00000024   Zero   RW          990    .bss                menu.o
    0x20000788   0x00000009   Zero   RW         1149    .bss                time.o
    0x20000791   0x00000218   Zero   RW         1217    .bss                tunemaker.o
    0x200009a9   0x00000590   Zero   RW         1286    .bss                gui_log_console.o
    0x20000f39   0x0000000a   Zero   RW         1324    .bss                rtc.o
    0x20000f43   0x00000001   PAD
    0x20000f44   0x00000024   Zero   RW         1361    .bss                bma423_watch.o
    0x20000f68   0x00000010   Zero   RW         1392    .bss                game1.o
    0x20000f78   0x00000009   Zero   RW         1411    .bss                game2.o
    0x20000f81   0x00000040   Zero   RW         1428    .bss                game3.o
    0x20000fc1   0x00000003   PAD
    0x20000fc4   0x00000594   Zero   RW         1478    .bss                game_snake.o
    0x20001558   0x00002000   Zero   RW         1501    .bss                gamecontrol.o
    0x20003558   0x00000051   Zero   RW         1557    .bss                bma4.o
    0x200035a9   0x00000003   PAD
    0x200035ac   0x00000024   Zero   RW         1597    .bss                bma.o
    0x200035d0   0x00000200   Zero   RW           18    HEAP                startup_stm32f10x_md.o
    0x200037d0   0x00000400   Zero   RW           17    STACK               startup_stm32f10x_md.o


==============================================================================

Image component sizes


      Code (inc. data)   RO Data    RW Data    ZI Data      Debug   Object Name

       292          8          0          0          0       1119   adc.o
      1096        218          0         39          0       4734   alarm.o
      1028        118          0         16          0       3546   alarms.o
       200         10          0          0         12       1612   animation.o
        40          6          0          0         12       1350   appconfig.o
       460         20          0         12          0       4258   beep.o
      1224        210          0         16         36       9211   bma.o
      8036         32          0          0         81      49192   bma4.o
      2724          4       6144          0          0      11674   bma423.o
      2600       1086          0         22         36       5085   bma423_watch.o
       504         40          0          4         48       3276   buttons.o
       756         54          0         12          0       3032   calendar.o
         0          0          0          0          0       4536   core_cm3.o
       152         14          0          4          0        955   delay.o
       560         18          0         22          0       3026   display.o
      1202         10          0          0          0       5359   draw.o
       992         84         17         12         16       2896   game1.o
      1004         94         38         20          9       2948   game2.o
       944        114         78         40         64       5641   game3.o
      1392         70          0          9       1428       5666   game_snake.o
       336         16          0          2       8192       2716   gamecontrol.o
       168         20          0          2          0       1714   gamelife.o
       252        112          0          8          0       1293   games.o
       816        144        734          2          0       3325   gametitle.o
        24          0          0          0          0        812   global.o
       584         26          0          5       1424       3907   gui_log_console.o
       976         84          0          0          0       4370   i2c_soft.o
       720         82          0          0          0       3480   i2c_soft2.o
       492        142          0          8          0       2308   m_display.o
       424        204          0          8          0       1416   m_main.o
       624        154         40          0          0      27093   main.o
      1080         60          5         10         36       6611   menu.o
       536        110          0         20          0       2389   millis.o
       176         14          0          0          0       1633   misc.o
       300        116          0          0          0       1132   my_menu.o
       796        240          0          1          0       2204   nvic.o
       176          8          0          0       1024       1670   oled.o
       744          4          0          0          0       3260   oled_driver.o
      2528         74         96         72         20      12365   pcf8563.o
       240         90          0          4          0       1854   pwrmgr.o
         0          0       8280          0          0       3019   resources.o
       536         52          0          0         10       2801   rtc.o
       224        104          0          8          0        872   settings.o
       320         92          0         12          0       1721   sleep.o
       348         88          0          8          0       1977   sound.o
        36          8        236          0       1536        768   startup_stm32f10x_md.o
       816         24          0          0          0       9393   stm32f10x_adc.o
       232          8          0          0          0       2071   stm32f10x_exti.o
       612         36          0          0          0     264201   stm32f10x_gpio.o
        18          0          0          0          0       1138   stm32f10x_it.o
       172         12          0          0          0       1751   stm32f10x_pwr.o
       696         32          0         20          0       8004   stm32f10x_rcc.o
      2800         84          0          0          0      18130   stm32f10x_tim.o
       808         22          0          0          0       7236   stm32f10x_usart.o
       496         40          0         12          0       2127   stopwatch.o
       344         34          0         20          0       1671   system_stm32f10x.o
       680         98         12         13          9       4712   time.o
      1100        172          0         20          0       4028   timedate.o
       180         26          0          8          0       1129   torch.o
       112          8       1236          8          0       1542   tune.o
       900         82       4416         16        536       3366   tunemaker.o
         0          0         64          0          0        795   tunes.o
       276         16          0          6        200       3022   usart.o
      1548        190          0         17          0       3862   watchface.o

    ----------------------------------------------------------------------
     50456       5138      21432        560      14736     564004   Object Totals
         0          0         32          0          0          0   (incl. Generated)
         4          0          4         22          7          0   (incl. Padding)

    ----------------------------------------------------------------------

      Code (inc. data)   RO Data    RW Data    ZI Data      Debug   Library Member Name

       252         22         48          0          0        124   cos_i.o
        34          6          0          0          0        204   dunder.o
        40          0          0          0          0         68   fpclassify.o
       170          0          0          0          0         96   poly.o
       904         76        200          0          0        140   rred.o
       160         10          0          0          0        108   sin.o
       236         12         40          0          0        128   sin_i.o
        86          0          0          0          0          0   __dczerorl2.o
        28          0          0          0          0         68   _chval.o
       158          0          0          0          0         92   _strtoul.o
        26          0          0          0          0         80   atoi.o
        28          0          0          0          0         76   calloc.o
         8          4        133          0          0         68   ctype_o.o
         0          0          0          0          0          0   entry.o
         0          0          0          0          0          0   entry10a.o
         0          0          0          0          0          0   entry11a.o
         8          4          0          0          0          0   entry2.o
         4          0          0          0          0          0   entry5.o
         0          0          0          0          0          0   entry7b.o
         0          0          0          0          0          0   entry8b.o
         8          4          0          0          0          0   entry9a.o
        20         10          0          4          0        136   errno.o
        30          0          0          0          0          0   handlers.o
        36          8          0          0          0         68   init.o
         0          0          0          0          0          0   iusefp.o
        98          0          0          0          0         84   ldiv.o
        30          0          0          0          0         68   llshl.o
        36          0          0          0          0         68   llsshr.o
        32          0          0          0          0         68   llushr.o
       188         20          0          0          0        160   malloc.o
        36          0          0          0          0         68   memcpya.o
        36          0          0          0          0        108   memseta.o
         0          0          0          8          0          0   mvars.o
      2312        102          0          0          0        676   printfa.o
        36         10          0          4          0        136   rand.o
        24          0          0          0          0         68   strcat.o
        18          0          0          0          0         68   strcpy.o
        14          0          0          0          0         68   strlen.o
        24          0          0          0          0         76   strncpy.o
       112          0          0          0          0         88   strtol.o
        44          0          0          0          0         80   uidiv.o
        98          0          0          0          0         92   uldiv.o
        48          0          0          0          0         68   cdcmple.o
        48          0          0          0          0         68   cdrcmple.o
        20          0          0          0          0         68   cfcmple.o
        20          0          0          0          0         68   cfrcmple.o
        56          0          0          0          0         88   d2f.o
       334          0          0          0          0        148   dadd.o
       222          0          0          0          0        100   ddiv.o
       186          0          0          0          0        176   depilogue.o
        62          0          0          0          0         80   dfixi.o
        50          0          0          0          0         76   dfixui.o
        48          0          0          0          0         68   dfixul.o
        34          0          0          0          0         76   dflti.o
        26          0          0          0          0         76   dfltui.o
       228          0          0          0          0         96   dmul.o
        46          0          0          0          0         80   dscalb.o
        38          0          0          0          0         68   f2d.o
       176          0          0          0          0        140   fadd.o
       124          0          0          0          0         88   fdiv.o
       110          0          0          0          0        168   fepilogue.o
        50          0          0          0          0         68   ffixi.o
        40          0          0          0          0         68   ffixui.o
        18          0          0          0          0         68   fflti.o
        10          0          0          0          0         68   ffltui.o
       100          0          0          0          0         76   fmul.o
        24          0          0          0          0         68   fscalb.o

    ----------------------------------------------------------------------
      7504        288        424         16          0       5648   Library Totals
        12          0          3          0          0          0   (incl. Padding)

    ----------------------------------------------------------------------

      Code (inc. data)   RO Data    RW Data    ZI Data      Debug   Library Name

      1796        126        288          0          0        868   m_ws.l
      3578        162        133         16          0       2564   mc_w.l
      2118          0          0          0          0       2216   mf_w.l

    ----------------------------------------------------------------------
      7504        288        424         16          0       5648   Library Totals

    ----------------------------------------------------------------------

==============================================================================


      Code (inc. data)   RO Data    RW Data    ZI Data      Debug   

     57960       5426      21856        576      14736     559380   Grand Totals
     57960       5426      21856         92      14736     559380   ELF Image Totals (compressed)
     57960       5426      21856         92          0          0   ROM Totals

==============================================================================

    Total RO  Size (Code + RO Data)                79816 (  77.95kB)
    Total RW  Size (RW Data + ZI Data)             15312 (  14.95kB)
    Total ROM Size (Code + RO Data + RW Data)      79908 (  78.04kB)

==============================================================================

